Return-Path: <linux-kernel-owner+willy=40w.ods.org@vger.kernel.org>
Received: (majordomo@vger.kernel.org) by vger.kernel.org via listexpand
	id <S317230AbSFXCd0>; Sun, 23 Jun 2002 22:33:26 -0400
Received: (majordomo@vger.kernel.org) by vger.kernel.org
	id <S317253AbSFXCdZ>; Sun, 23 Jun 2002 22:33:25 -0400
Received: from TK212017087078.teleweb.at ([212.17.87.78]:6599 "EHLO elch.elche")
	by vger.kernel.org with ESMTP id <S317230AbSFXCdO>;
	Sun, 23 Jun 2002 22:33:14 -0400
Date: Mon, 24 Jun 2002 04:16:32 +0200
From: Armin Obersteiner <armin@xos.net>
To: neomagic@XFree86.Org, vortex@scyld.com
Subject: neomagic 256AV/3com 3c575_cb problem
Message-ID: <20020624041632.A30594@elch.elche>
Mime-Version: 1.0
Content-Type: multipart/mixed; boundary="HcAYCG3uE/tztfnV"
Content-Disposition: inline
User-Agent: Mutt/1.3.22.1i
Sender: linux-kernel-owner@vger.kernel.org
X-Mailing-List: linux-kernel@vger.kernel.org


--HcAYCG3uE/tztfnV
Content-Type: text/plain; charset=us-ascii
Content-Disposition: inline

hi!

this goes to both neomagic an vortex mailing list, because without starting X
i don't have problems, but the problems are with then network card ...
(and it worked, some releases back ...)

hardware: sony vaio F350, neomagic 256AV 2.5MB, 3com 575 pcmcia card
software: linux 2.4.19-pre10/linux 2.4.18, pcmcia-cs-3.1.33/pcmcia-cs-3.1.34,
          xfree86-4.2.0
distibution: gentoo 1.2 (compiled *everything*)/suse 8.0
(items seperated with / mean i tried it with BOTH versions)

problem: when i start x (X or X -probeonly) i get PCI errors with my network card (pcmcia)
         it seems to be the fault of the pci probing, its possibly an irq conflict

question: can it be really the pci probing? can i disable the probing?
          how to force the networkcard/gfx-chip to a certain irq?

info: 
 * worked the last time with suse 7.3 (xfree86-4.0.2 or 4.1.0, pcmcia-3.1.29, linux 2.4.10)
 * starting sound does not interfere in any way (neomagic 256 AV has sound too)
 * it worked once, but i could not reproduce it (i beleive for once the networkcard
   was not on irq9 (shared), which ist the irq of the neomagic)
 * current start order: pcmcia, sound, network, X
 
attached: xfree86 config, /var/log/messges, XF86 start log, /proc/interrupts, dmesg

MfG,
	Armin Obersteiner
--
armin@xos.net                        pgp public key on request        CU

--HcAYCG3uE/tztfnV
Content-Type: text/plain; charset=us-ascii
Content-Disposition: attachment; filename=XF86Config

# /.../
# SaX generated XFree86 config file
# Created on: 2002-03-09.
#
# Version: 4.3
# Contact: Marcus Schaefer <sax@suse.de>, 2001
#
# Automatically generated by [SaX2] (4.3)
# PLEASE DO NOT EDIT THIS FILE!
#

Section "Files"
  FontPath     "/usr/X11R6/lib/X11/fonts/misc:unscaled"
  FontPath     "/usr/X11R6/lib/X11/fonts/local"
  FontPath     "/usr/X11R6/lib/X11/fonts/75dpi:unscaled"
  FontPath     "/usr/X11R6/lib/X11/fonts/100dpi:unscaled"
  FontPath     "/usr/X11R6/lib/X11/fonts/Type1"
  FontPath     "/usr/X11R6/lib/X11/fonts/URW"
  FontPath     "/usr/X11R6/lib/X11/fonts/Speedo"
  FontPath     "/usr/X11R6/lib/X11/fonts/PEX"
  FontPath     "/usr/X11R6/lib/X11/fonts/cyrillic"
  FontPath     "/usr/X11R6/lib/X11/fonts/latin2/misc:unscaled"
  FontPath     "/usr/X11R6/lib/X11/fonts/latin2/75dpi:unscaled"
  FontPath     "/usr/X11R6/lib/X11/fonts/latin2/100dpi:unscaled"
  FontPath     "/usr/X11R6/lib/X11/fonts/latin2/Type1"
  FontPath     "/usr/X11R6/lib/X11/fonts/latin7/75dpi:unscaled"
  FontPath     "/usr/X11R6/lib/X11/fonts/baekmuk:unscaled"
  FontPath     "/usr/X11R6/lib/X11/fonts/japanese:unscaled"
  FontPath     "/usr/X11R6/lib/X11/fonts/kwintv"
  FontPath     "/usr/X11R6/lib/X11/fonts/truetype"
  FontPath     "/usr/X11R6/lib/X11/fonts/uni"
  FontPath     "/usr/X11R6/lib/X11/fonts/CID"
  FontPath     "/usr/X11R6/lib/X11/fonts/ucs/misc"
  FontPath     "/usr/X11R6/lib/X11/fonts/ucs/75dpi:unscaled"
  FontPath     "/usr/X11R6/lib/X11/fonts/ucs/100dpi:unscaled"
  FontPath     "/usr/X11R6/lib/X11/fonts/hellas/misc:unscaled"
  FontPath     "/usr/X11R6/lib/X11/fonts/hellas/75dpi:unscaled"
  FontPath     "/usr/X11R6/lib/X11/fonts/hellas/100dpi:unscaled"
  FontPath     "/usr/X11R6/lib/X11/fonts/hellas/Type1"
  FontPath     "/usr/X11R6/lib/X11/fonts/misc/sgi"
  FontPath     "/usr/X11R6/lib/X11/fonts/xtest"
  ModulePath   "/usr/X11R6/lib/modules"
  RgbPath      "/usr/X11R6/lib/X11/rgb"
EndSection

Section "ServerFlags"
  Option       "AllowMouseOpenFail"
EndSection

Section "Module"
  Load         "type1"
  Load         "speedo"
  Load         "extmod"
  Load         "freetype"
EndSection

Section "InputDevice"
  Driver       "Keyboard"
  Identifier   "Keyboard[0]"
  Option       "Protocol" "Standard"
  Option       "XkbLayout" "de"
  Option       "XkbModel" "pc104"
  Option       "XkbRules" "xfree86"
  Option       "XkbVariant" "nodeadkeys"
EndSection


Section "InputDevice"
  Driver       "mouse"
  Identifier   "Mouse[1]"
  Option       "Device" "/dev/mouse"
  Option       "Emulate3Buttons" "on"
  Option       "Emulate3Timeout" "50"
  Option       "InputFashion" "Mouse"
  Option       "Name" "Autodetection"
  Option       "Protocol" "ps/2"
  Option       "Vendor" "Sysp"
EndSection


Section "Monitor"
  HorizSync    31-65
  Identifier   "Monitor[0]"
  ModelName    "1024X768@70HZ"
  VendorName   "--> LCD"
  VertRefresh  58-78
  UseModes     "Modes[0]"
EndSection


Section "Modes"
  Identifier   "Modes[0]"
  Modeline 	"1024x768" 69.35 1024 1040 1216 1400 768 768 778 802
  Modeline 	"1024x768" 79.55 1024 1040 1216 1400 768 768 778 802
EndSection


Section "Screen"
  DefaultDepth 16
  SubSection "Display"
    Depth      15
    Modes      "1024x768" 
  EndSubSection
  SubSection "Display"
    Depth      16
    Modes      "1024x768" 
  EndSubSection
  SubSection "Display"
    Depth      8
    Modes      "1024x768" 
  EndSubSection
  Device       "Device[0]"
  Identifier   "Screen[0]"
  Monitor      "Monitor[0]"
EndSection


Section "Device"
  BoardName    "MagicMedia 256AV"
  BusID        "0:8:0"
  Driver       "neomagic"
  Identifier   "Device[0]"
  Screen       0
  VendorName   "NeoMagic"
  VideoRam     2560
EndSection


Section "ServerLayout"
  Identifier   "Layout[all]"
  InputDevice  "Keyboard[0]" "CoreKeyboard"
  InputDevice  "Mouse[1]" "CorePointer"
  Option       "Clone" "off"
  Option       "Xinerama" "off"
  Screen       "Screen[0]"
EndSection

Section "DRI"
    Group      "video"
    Mode       0660
EndSection


--HcAYCG3uE/tztfnV
Content-Type: text/plain; charset=us-ascii
Content-Disposition: attachment; filename="XFree86.0.log"


XFree86 Version 4.2.0 / X Window System
(protocol Version 11, revision 0, vendor release 6600)
Release Date: 18 January 2002
	If the server is older than 6-12 months, or if your card is
	newer than the above date, look for a newer version before
	reporting problems.  (See http://www.XFree86.Org/)
Build Operating System: Linux 2.4.18 i686 [ELF] 
Module Loader present
Markers: (--) probed, (**) from config file, (==) default setting,
         (++) from command line, (!!) notice, (II) informational,
         (WW) warning, (EE) error, (NI) not implemented, (??) unknown.
(==) Log file: "/var/log/XFree86.0.log", Time: Mon Jun 24 03:40:33 2002
(==) Using config file: "/etc/X11/XF86Config"
(==) ServerLayout "Layout[all]"
(**) |-->Screen "Screen[0]" (0)
(**) |   |-->Monitor "Monitor[0]"
(**) |   |-->Device "Device[0]"
(**) |-->Input Device "Keyboard[0]"
(**) Option "Protocol" "Standard"
(**) Option "XkbRules" "xfree86"
(**) XKB: rules: "xfree86"
(**) Option "XkbModel" "pc104"
(**) XKB: model: "pc104"
(**) Option "XkbLayout" "de"
(**) XKB: layout: "de"
(**) Option "XkbVariant" "nodeadkeys"
(**) XKB: variant: "nodeadkeys"
(==) Keyboard: CustomKeycode disabled
(**) |-->Input Device "Mouse[1]"
(WW) The directory "/usr/X11R6/lib/X11/fonts/URW" does not exist.
	Entry deleted from font path.
(WW) The directory "/usr/X11R6/lib/X11/fonts/latin2/misc" does not exist.
	Entry deleted from font path.
(WW) The directory "/usr/X11R6/lib/X11/fonts/latin2/75dpi" does not exist.
	Entry deleted from font path.
(WW) The directory "/usr/X11R6/lib/X11/fonts/latin2/100dpi" does not exist.
	Entry deleted from font path.
(WW) The directory "/usr/X11R6/lib/X11/fonts/latin2/Type1" does not exist.
	Entry deleted from font path.
(WW) The directory "/usr/X11R6/lib/X11/fonts/latin7/75dpi" does not exist.
	Entry deleted from font path.
(WW) The directory "/usr/X11R6/lib/X11/fonts/baekmuk" does not exist.
	Entry deleted from font path.
(WW) The directory "/usr/X11R6/lib/X11/fonts/japanese" does not exist.
	Entry deleted from font path.
(WW) The directory "/usr/X11R6/lib/X11/fonts/kwintv" does not exist.
	Entry deleted from font path.
(WW) The directory "/usr/X11R6/lib/X11/fonts/uni" does not exist.
	Entry deleted from font path.
(WW) The directory "/usr/X11R6/lib/X11/fonts/ucs/misc" does not exist.
	Entry deleted from font path.
(WW) The directory "/usr/X11R6/lib/X11/fonts/ucs/75dpi" does not exist.
	Entry deleted from font path.
(WW) The directory "/usr/X11R6/lib/X11/fonts/ucs/100dpi" does not exist.
	Entry deleted from font path.
(WW) The directory "/usr/X11R6/lib/X11/fonts/hellas/misc" does not exist.
	Entry deleted from font path.
(WW) The directory "/usr/X11R6/lib/X11/fonts/hellas/75dpi" does not exist.
	Entry deleted from font path.
(WW) The directory "/usr/X11R6/lib/X11/fonts/hellas/100dpi" does not exist.
	Entry deleted from font path.
(WW) The directory "/usr/X11R6/lib/X11/fonts/hellas/Type1" does not exist.
	Entry deleted from font path.
(WW) The directory "/usr/X11R6/lib/X11/fonts/misc/sgi" does not exist.
	Entry deleted from font path.
(WW) The directory "/usr/X11R6/lib/X11/fonts/xtest" does not exist.
	Entry deleted from font path.
(**) FontPath set to "/usr/X11R6/lib/X11/fonts/misc:unscaled,/usr/X11R6/lib/X11/fonts/local,/usr/X11R6/lib/X11/fonts/75dpi:unscaled,/usr/X11R6/lib/X11/fonts/100dpi:unscaled,/usr/X11R6/lib/X11/fonts/Type1,/usr/X11R6/lib/X11/fonts/Speedo,/usr/X11R6/lib/X11/fonts/PEX,/usr/X11R6/lib/X11/fonts/cyrillic,/usr/X11R6/lib/X11/fonts/truetype,/usr/X11R6/lib/X11/fonts/CID"
(**) RgbPath set to "/usr/X11R6/lib/X11/rgb"
(**) ModulePath set to "/usr/X11R6/lib/modules"
(**) Option "AllowMouseOpenFail"
(**) Option "Xinerama" "off"
(--) using VT number 7

(WW) Open APM failed (/dev/apm_bios) (No such file or directory)
(II) Module ABI versions:
	XFree86 ANSI C Emulation: 0.1
	XFree86 Video Driver: 0.5
	XFree86 XInput driver : 0.3
	XFree86 Server Extension : 0.1
	XFree86 Font Renderer : 0.3
(II) Loader running on linux
(II) LoadModule: "bitmap"
(II) Loading /usr/X11R6/lib/modules/fonts/libbitmap.a
(II) Module bitmap: vendor="The XFree86 Project"
	compiled for 4.2.0, module version = 1.0.0
	Module class: XFree86 Font Renderer
	ABI class: XFree86 Font Renderer, version 0.3
(II) Loading font Bitmap
(II) LoadModule: "pcidata"
(II) Loading /usr/X11R6/lib/modules/libpcidata.a
(II) Module pcidata: vendor="The XFree86 Project"
	compiled for 4.2.0, module version = 0.1.0
	ABI class: XFree86 Video Driver, version 0.5
(II) PCI: Probing config type using method 1
(II) PCI: Config type is 1
(II) PCI: stages = 0x03, oldVal1 = 0x800048dc, mode1Res1 = 0x80000000
(II) PCI: PCI scan (all values are in hex)
(II) PCI: 00:00:0: chip 8086,7192 card 0000,0000 rev 03 class 06,00,00 hdr 00
(II) PCI: 00:07:0: chip 8086,7110 card 0000,0000 rev 02 class 06,80,00 hdr 80
(II) PCI: 00:07:1: chip 8086,7111 card 0000,0000 rev 01 class 01,01,80 hdr 00
(II) PCI: 00:07:2: chip 8086,7112 card 0000,0000 rev 01 class 0c,03,00 hdr 00
(II) PCI: 00:07:3: chip 8086,7113 card 0000,0000 rev 02 class 06,80,00 hdr 00
(II) PCI: 00:08:0: chip 10c8,0005 card 104d,8040 rev 20 class 03,00,00 hdr 80
(II) PCI: 00:08:1: chip 10c8,8005 card 104d,8041 rev 20 class 04,01,00 hdr 80
(II) PCI: 00:09:0: chip 104d,8009 card 104d,8043 rev 01 class 0c,00,00 hdr 00
(II) PCI: 00:0a:0: chip 1180,0478 card 0000,0000 rev 80 class 06,07,00 hdr 82
(II) PCI: 00:0a:1: chip 1180,0478 card 0200,0000 rev 80 class 06,07,00 hdr 82
(II) PCI: 05:00:0: chip 10b7,5157 card 10b7,5b57 rev 01 class 02,00,00 hdr 00
(II) PCI: 05:00:1: chip 10b7,ffff card ffff,ffff rev 01 class 02,00,00 hdr ff
(II) PCI: 05:00:2: chip 10b7,5157 card 10b7,5b57 rev 01 class 02,00,00 hdr 00
(II) PCI: 05:00:3: chip 10b7,5157 card 10b7,5b57 rev 01 class 02,00,00 hdr 00
(II) PCI: 05:00:4: chip 10b7,5157 card 10b7,5b57 rev 01 class 02,00,00 hdr 00
(II) PCI: 05:00:5: chip 10b7,5157 card 10b7,5b57 rev 01 class 02,00,00 hdr 00
(II) PCI: 05:00:6: chip 10b7,5157 card 10b7,5b57 rev 01 class 02,00,00 hdr 00
(II) PCI: 05:00:7: chip 10b7,5157 card 10b7,5b57 rev 01 class 02,00,00 hdr 00
(II) PCI: End of PCI scan
(II) LoadModule: "scanpci"
(II) Loading /usr/X11R6/lib/modules/libscanpci.a
(II) Module scanpci: vendor="The XFree86 Project"
	compiled for 4.2.0, module version = 0.1.0
	ABI class: XFree86 Video Driver, version 0.5
(II) UnloadModule: "scanpci"
(II) Unloading /usr/X11R6/lib/modules/libscanpci.a
(II) Host-to-PCI bridge:
(II) Host-to-PCI bridge:
(II) Bus 0: bridge is at (0:0:0), (-1,0,0), BCTRL: 0x08 (VGA_EN is set)
(II) Bus 0 I/O range:
	[0] -1	0x00000000 - 0x0000ffff (0x10000) IX[B]
(II) Bus 0 non-prefetchable memory range:
	[0] -1	0x00000000 - 0xffffffff (0x0) MX[B]
(II) Bus 0 prefetchable memory range:
	[0] -1	0x00000000 - 0xffffffff (0x0) MX[B]
(II) Bus 5: bridge is at (0:0:0), (-1,5,0), BCTRL: 0x00 (VGA_EN is cleared)
(II) Bus 5 I/O range:
	[0] -1	0x00000000 - 0x0000ffff (0x10000) IX[B]
(II) Bus 5 non-prefetchable memory range:
	[0] -1	0x00000000 - 0xffffffff (0x0) MX[B]
(II) Bus 5 prefetchable memory range:
	[0] -1	0x00000000 - 0xffffffff (0x0) MX[B]
(--) PCI:*(0:8:0) Neomagic NM2200 rev 32, Mem @ 0xfd000000/24, 0xfe800000/22, 0xfed00000/20
(II) Addressable bus resource ranges are
	[0] -1	0x00000000 - 0xffffffff (0x0) MX[B]
	[1] -1	0x00000000 - 0x0000ffff (0x10000) IX[B]
(II) OS-reported resource ranges:
	[0] -1	0xffe00000 - 0xffffffff (0x200000) MX[B](B)
	[1] -1	0x00100000 - 0x3fffffff (0x3ff00000) MX[B]E(B)
	[2] -1	0x000f0000 - 0x000fffff (0x10000) MX[B]
	[3] -1	0x000c0000 - 0x000effff (0x30000) MX[B]
	[4] -1	0x00000000 - 0x0009ffff (0xa0000) MX[B]
	[5] -1	0x0000ffff - 0x0000ffff (0x1) IX[B]
	[6] -1	0x00000000 - 0x000000ff (0x100) IX[B]
(II) Active PCI resource ranges:
	[0] -1	0x60000000 - 0x60ffffff (0x1000000) MX[B]E
	[1] -1	0x60020000 - 0x6003ffff (0x20000) MX[B]E
	[2] -1	0x60021000 - 0x60021fff (0x1000) MX[B]E
	[3] -1	0x60000000 - 0x60ffffff (0x1000000) MX[B]E
	[4] -1	0x60020000 - 0x6003ffff (0x20000) MX[B]E
	[5] -1	0x60021000 - 0x60021fff (0x1000) MX[B]E
	[6] -1	0x60000000 - 0x60ffffff (0x1000000) MX[B]E
	[7] -1	0x60020000 - 0x6003ffff (0x20000) MX[B]E
	[8] -1	0x60021000 - 0x60021fff (0x1000) MX[B]E
	[9] -1	0x60000000 - 0x60ffffff (0x1000000) MX[B]E
	[10] -1	0x60020000 - 0x6003ffff (0x20000) MX[B]E
	[11] -1	0x60021000 - 0x60021fff (0x1000) MX[B]E
	[12] -1	0x60000000 - 0x60ffffff (0x1000000) MX[B]E
	[13] -1	0x60020000 - 0x6003ffff (0x20000) MX[B]E
	[14] -1	0x60021000 - 0x60021fff (0x1000) MX[B]E
	[15] -1	0x60000000 - 0x60ffffff (0x1000000) MX[B]E
	[16] -1	0x60020000 - 0x6003ffff (0x20000) MX[B]E
	[17] -1	0x60021000 - 0x60021fff (0x1000) MX[B]E
	[18] -1	0x60000000 - 0x60000000 (0x1) MX[B]
	[19] -1	0x60020000 - 0x60020000 (0x1) MX[B]
	[20] -1	0x60021000 - 0x60021000 (0x1) MX[B]
	[21] -1	0xfec00000 - 0xfecfffff (0x100000) MX[B]
	[22] -1	0xfe000000 - 0xfe3fffff (0x400000) MX[B]
	[23] -1	0xfed00000 - 0xfedfffff (0x100000) MX[B](B)
	[24] -1	0xfe800000 - 0xfebfffff (0x400000) MX[B](B)
	[25] -1	0xfd000000 - 0xfdffffff (0x1000000) MX[B](B)
	[26] -1	0x00000200 - 0x000002ff (0x100) IX[B]E
	[27] -1	0x00000200 - 0x000002ff (0x100) IX[B]E
	[28] -1	0x00000200 - 0x000002ff (0x100) IX[B]E
	[29] -1	0x00000200 - 0x000002ff (0x100) IX[B]E
	[30] -1	0x00000200 - 0x000002ff (0x100) IX[B]E
	[31] -1	0x00000200 - 0x000002ff (0x100) IX[B]E
	[32] -1	0x00000200 - 0x00000200 (0x1) IX[B]
	[33] -1	0x0000fcf0 - 0x0000fcff (0x10) IX[B]
(II) Inactive PCI resource ranges:
	[0] -1	0xfe7ffc00 - 0xfe7ffdff (0x200) MX[B]
	[1] -1	0x0000fcc0 - 0x0000fcdf (0x20) IX[B]
(II) PCI Memory resource overlap reduced 0x60000000 from 0x60ffffff to 0x60000000
(II) PCI Memory resource overlap reduced 0x60020000 from 0x6003ffff to 0x60020000
(II) PCI Memory resource overlap reduced 0x60021000 from 0x60021fff to 0x60021000
(II) PCI I/O resource overlap reduced 0x00000200 from 0x000002ff to 0x00000200
(II) PCI Memory resource overlap reduced 0x60000000 from 0x60ffffff to 0x60000000
(II) PCI Memory resource overlap reduced 0x60020000 from 0x6003ffff to 0x60020000
(II) PCI Memory resource overlap reduced 0x60021000 from 0x60021fff to 0x60021000
(II) PCI I/O resource overlap reduced 0x00000200 from 0x000002ff to 0x00000200
(II) PCI Memory resource overlap reduced 0x60000000 from 0x60ffffff to 0x60000000
(II) PCI Memory resource overlap reduced 0x60020000 from 0x6003ffff to 0x60020000
(II) PCI Memory resource overlap reduced 0x60021000 from 0x60021fff to 0x60021000
(II) PCI I/O resource overlap reduced 0x00000200 from 0x000002ff to 0x00000200
(II) PCI Memory resource overlap reduced 0x60000000 from 0x60ffffff to 0x60000000
(II) PCI Memory resource overlap reduced 0x60020000 from 0x6003ffff to 0x60020000
(II) PCI Memory resource overlap reduced 0x60021000 from 0x60021fff to 0x60021000
(II) PCI I/O resource overlap reduced 0x00000200 from 0x000002ff to 0x00000200
(II) PCI Memory resource overlap reduced 0x60000000 from 0x60ffffff to 0x60000000
(II) PCI Memory resource overlap reduced 0x60020000 from 0x6003ffff to 0x60020000
(II) PCI Memory resource overlap reduced 0x60021000 from 0x60021fff to 0x60021000
(II) PCI I/O resource overlap reduced 0x00000200 from 0x000002ff to 0x00000200
(II) PCI Memory resource overlap reduced 0x60000000 from 0x60ffffff to 0x60000000
(II) PCI Memory resource overlap reduced 0x60020000 from 0x6003ffff to 0x60020000
(II) PCI Memory resource overlap reduced 0x60021000 from 0x60021fff to 0x60021000
(II) PCI I/O resource overlap reduced 0x00000200 from 0x000002ff to 0x00000200
(II) Active PCI resource ranges after removing overlaps:
	[0] -1	0x60000000 - 0x60000000 (0x1) MX[B]E
	[1] -1	0x60020000 - 0x60020000 (0x1) MX[B]E
	[2] -1	0x60021000 - 0x60021000 (0x1) MX[B]E
	[3] -1	0x60000000 - 0x60000000 (0x1) MX[B]E
	[4] -1	0x60020000 - 0x60020000 (0x1) MX[B]E
	[5] -1	0x60021000 - 0x60021000 (0x1) MX[B]E
	[6] -1	0x60000000 - 0x60000000 (0x1) MX[B]E
	[7] -1	0x60020000 - 0x60020000 (0x1) MX[B]E
	[8] -1	0x60021000 - 0x60021000 (0x1) MX[B]E
	[9] -1	0x60000000 - 0x60000000 (0x1) MX[B]E
	[10] -1	0x60020000 - 0x60020000 (0x1) MX[B]E
	[11] -1	0x60021000 - 0x60021000 (0x1) MX[B]E
	[12] -1	0x60000000 - 0x60000000 (0x1) MX[B]E
	[13] -1	0x60020000 - 0x60020000 (0x1) MX[B]E
	[14] -1	0x60021000 - 0x60021000 (0x1) MX[B]E
	[15] -1	0x60000000 - 0x60000000 (0x1) MX[B]E
	[16] -1	0x60020000 - 0x60020000 (0x1) MX[B]E
	[17] -1	0x60021000 - 0x60021000 (0x1) MX[B]E
	[18] -1	0x60000000 - 0x60000000 (0x1) MX[B]
	[19] -1	0x60020000 - 0x60020000 (0x1) MX[B]
	[20] -1	0x60021000 - 0x60021000 (0x1) MX[B]
	[21] -1	0xfec00000 - 0xfecfffff (0x100000) MX[B]
	[22] -1	0xfe000000 - 0xfe3fffff (0x400000) MX[B]
	[23] -1	0xfed00000 - 0xfedfffff (0x100000) MX[B](B)
	[24] -1	0xfe800000 - 0xfebfffff (0x400000) MX[B](B)
	[25] -1	0xfd000000 - 0xfdffffff (0x1000000) MX[B](B)
	[26] -1	0x00000200 - 0x00000200 (0x1) IX[B]E
	[27] -1	0x00000200 - 0x00000200 (0x1) IX[B]E
	[28] -1	0x00000200 - 0x00000200 (0x1) IX[B]E
	[29] -1	0x00000200 - 0x00000200 (0x1) IX[B]E
	[30] -1	0x00000200 - 0x00000200 (0x1) IX[B]E
	[31] -1	0x00000200 - 0x00000200 (0x1) IX[B]E
	[32] -1	0x00000200 - 0x00000200 (0x1) IX[B]
	[33] -1	0x0000fcf0 - 0x0000fcff (0x10) IX[B]
(II) Inactive PCI resource ranges after removing overlaps:
	[0] -1	0xfe7ffc00 - 0xfe7ffdff (0x200) MX[B]
	[1] -1	0x0000fcc0 - 0x0000fcdf (0x20) IX[B]
(II) OS-reported resource ranges after removing overlaps with PCI:
	[0] -1	0xffe00000 - 0xffffffff (0x200000) MX[B](B)
	[1] -1	0x00100000 - 0x3fffffff (0x3ff00000) MX[B]E(B)
	[2] -1	0x000f0000 - 0x000fffff (0x10000) MX[B]
	[3] -1	0x000c0000 - 0x000effff (0x30000) MX[B]
	[4] -1	0x00000000 - 0x0009ffff (0xa0000) MX[B]
	[5] -1	0x0000ffff - 0x0000ffff (0x1) IX[B]
	[6] -1	0x00000000 - 0x000000ff (0x100) IX[B]
(II) All system resource ranges:
	[0] -1	0xffe00000 - 0xffffffff (0x200000) MX[B](B)
	[1] -1	0x00100000 - 0x3fffffff (0x3ff00000) MX[B]E(B)
	[2] -1	0x000f0000 - 0x000fffff (0x10000) MX[B]
	[3] -1	0x000c0000 - 0x000effff (0x30000) MX[B]
	[4] -1	0x00000000 - 0x0009ffff (0xa0000) MX[B]
	[5] -1	0x60000000 - 0x60000000 (0x1) MX[B]E
	[6] -1	0x60020000 - 0x60020000 (0x1) MX[B]E
	[7] -1	0x60021000 - 0x60021000 (0x1) MX[B]E
	[8] -1	0x60000000 - 0x60000000 (0x1) MX[B]E
	[9] -1	0x60020000 - 0x60020000 (0x1) MX[B]E
	[10] -1	0x60021000 - 0x60021000 (0x1) MX[B]E
	[11] -1	0x60000000 - 0x60000000 (0x1) MX[B]E
	[12] -1	0x60020000 - 0x60020000 (0x1) MX[B]E
	[13] -1	0x60021000 - 0x60021000 (0x1) MX[B]E
	[14] -1	0x60000000 - 0x60000000 (0x1) MX[B]E
	[15] -1	0x60020000 - 0x60020000 (0x1) MX[B]E
	[16] -1	0x60021000 - 0x60021000 (0x1) MX[B]E
	[17] -1	0x60000000 - 0x60000000 (0x1) MX[B]E
	[18] -1	0x60020000 - 0x60020000 (0x1) MX[B]E
	[19] -1	0x60021000 - 0x60021000 (0x1) MX[B]E
	[20] -1	0x60000000 - 0x60000000 (0x1) MX[B]E
	[21] -1	0x60020000 - 0x60020000 (0x1) MX[B]E
	[22] -1	0x60021000 - 0x60021000 (0x1) MX[B]E
	[23] -1	0x60000000 - 0x60000000 (0x1) MX[B]
	[24] -1	0x60020000 - 0x60020000 (0x1) MX[B]
	[25] -1	0x60021000 - 0x60021000 (0x1) MX[B]
	[26] -1	0xfec00000 - 0xfecfffff (0x100000) MX[B]
	[27] -1	0xfe000000 - 0xfe3fffff (0x400000) MX[B]
	[28] -1	0xfed00000 - 0xfedfffff (0x100000) MX[B](B)
	[29] -1	0xfe800000 - 0xfebfffff (0x400000) MX[B](B)
	[30] -1	0xfd000000 - 0xfdffffff (0x1000000) MX[B](B)
	[31] -1	0xfe7ffc00 - 0xfe7ffdff (0x200) MX[B]
	[32] -1	0x0000ffff - 0x0000ffff (0x1) IX[B]
	[33] -1	0x00000000 - 0x000000ff (0x100) IX[B]
	[34] -1	0x00000200 - 0x00000200 (0x1) IX[B]E
	[35] -1	0x00000200 - 0x00000200 (0x1) IX[B]E
	[36] -1	0x00000200 - 0x00000200 (0x1) IX[B]E
	[37] -1	0x00000200 - 0x00000200 (0x1) IX[B]E
	[38] -1	0x00000200 - 0x00000200 (0x1) IX[B]E
	[39] -1	0x00000200 - 0x00000200 (0x1) IX[B]E
	[40] -1	0x00000200 - 0x00000200 (0x1) IX[B]
	[41] -1	0x0000fcf0 - 0x0000fcff (0x10) IX[B]
	[42] -1	0x0000fcc0 - 0x0000fcdf (0x20) IX[B]
(II) LoadModule: "type1"
(II) Loading /usr/X11R6/lib/modules/fonts/libtype1.a
(II) Module type1: vendor="The XFree86 Project"
	compiled for 4.2.0, module version = 1.0.1
	Module class: XFree86 Font Renderer
	ABI class: XFree86 Font Renderer, version 0.3
(II) Loading font Type1
(II) Loading font CID
(II) LoadModule: "speedo"
(II) Loading /usr/X11R6/lib/modules/fonts/libspeedo.a
(II) Module speedo: vendor="The XFree86 Project"
	compiled for 4.2.0, module version = 1.0.1
	Module class: XFree86 Font Renderer
	ABI class: XFree86 Font Renderer, version 0.3
(II) Loading font Speedo
(II) LoadModule: "extmod"
(II) Loading /usr/X11R6/lib/modules/extensions/libextmod.a
(II) Module extmod: vendor="The XFree86 Project"
	compiled for 4.2.0, module version = 1.0.0
	Module class: XFree86 Server Extension
	ABI class: XFree86 Server Extension, version 0.1
(II) Loading extension SHAPE
(II) Loading extension MIT-SUNDRY-NONSTANDARD
(II) Loading extension BIG-REQUESTS
(II) Loading extension SYNC
(II) Loading extension MIT-SCREEN-SAVER
(II) Loading extension XC-MISC
(II) Loading extension XFree86-VidModeExtension
(II) Loading extension XFree86-Misc
(II) Loading extension XFree86-DGA
(II) Loading extension DPMS
(II) Loading extension FontCache
(II) Loading extension TOG-CUP
(II) Loading extension Extended-Visual-Information
(II) Loading extension XVideo
(II) Loading extension XVideo-MotionCompensation
(II) LoadModule: "freetype"
(II) Loading /usr/X11R6/lib/modules/fonts/libfreetype.a
(II) Module freetype: vendor="The XFree86 Project"
	compiled for 4.2.0, module version = 1.1.10
	Module class: XFree86 Font Renderer
	ABI class: XFree86 Font Renderer, version 0.3
(II) Loading font FreeType
(II) LoadModule: "neomagic"
(II) Loading /usr/X11R6/lib/modules/drivers/neomagic_drv.o
(II) Module neomagic: vendor="The XFree86 Project"
	compiled for 4.2.0, module version = 1.0.0
	Module class: XFree86 Video Driver
	ABI class: XFree86 Video Driver, version 0.5
(II) LoadModule: "mouse"
(II) Loading /usr/X11R6/lib/modules/input/mouse_drv.o
(II) Module mouse: vendor="The XFree86 Project"
	compiled for 4.2.0, module version = 1.0.0
	Module class: XFree86 XInput Driver
	ABI class: XFree86 XInput driver, version 0.3
(II) NEOMAGIC: Driver for Neomagic chipsets: neo2070, neo2090, neo2093,
	neo2097, neo2160, neo2200, neo2230, neo2360, neo2380
(II) Primary Device is: PCI 00:08:0
(--) Chipset neo2200 found
(II) resource ranges after xf86ClaimFixedResources() call:
	[0] -1	0xffe00000 - 0xffffffff (0x200000) MX[B](B)
	[1] -1	0x00100000 - 0x3fffffff (0x3ff00000) MX[B]E(B)
	[2] -1	0x000f0000 - 0x000fffff (0x10000) MX[B]
	[3] -1	0x000c0000 - 0x000effff (0x30000) MX[B]
	[4] -1	0x00000000 - 0x0009ffff (0xa0000) MX[B]
	[5] -1	0x60000000 - 0x60000000 (0x1) MX[B]E
	[6] -1	0x60020000 - 0x60020000 (0x1) MX[B]E
	[7] -1	0x60021000 - 0x60021000 (0x1) MX[B]E
	[8] -1	0x60000000 - 0x60000000 (0x1) MX[B]E
	[9] -1	0x60020000 - 0x60020000 (0x1) MX[B]E
	[10] -1	0x60021000 - 0x60021000 (0x1) MX[B]E
	[11] -1	0x60000000 - 0x60000000 (0x1) MX[B]E
	[12] -1	0x60020000 - 0x60020000 (0x1) MX[B]E
	[13] -1	0x60021000 - 0x60021000 (0x1) MX[B]E
	[14] -1	0x60000000 - 0x60000000 (0x1) MX[B]E
	[15] -1	0x60020000 - 0x60020000 (0x1) MX[B]E
	[16] -1	0x60021000 - 0x60021000 (0x1) MX[B]E
	[17] -1	0x60000000 - 0x60000000 (0x1) MX[B]E
	[18] -1	0x60020000 - 0x60020000 (0x1) MX[B]E
	[19] -1	0x60021000 - 0x60021000 (0x1) MX[B]E
	[20] -1	0x60000000 - 0x60000000 (0x1) MX[B]E
	[21] -1	0x60020000 - 0x60020000 (0x1) MX[B]E
	[22] -1	0x60021000 - 0x60021000 (0x1) MX[B]E
	[23] -1	0x60000000 - 0x60000000 (0x1) MX[B]
	[24] -1	0x60020000 - 0x60020000 (0x1) MX[B]
	[25] -1	0x60021000 - 0x60021000 (0x1) MX[B]
	[26] -1	0xfec00000 - 0xfecfffff (0x100000) MX[B]
	[27] -1	0xfe000000 - 0xfe3fffff (0x400000) MX[B]
	[28] -1	0xfed00000 - 0xfedfffff (0x100000) MX[B](B)
	[29] -1	0xfe800000 - 0xfebfffff (0x400000) MX[B](B)
	[30] -1	0xfd000000 - 0xfdffffff (0x1000000) MX[B](B)
	[31] -1	0xfe7ffc00 - 0xfe7ffdff (0x200) MX[B]
	[32] -1	0x0000ffff - 0x0000ffff (0x1) IX[B]
	[33] -1	0x00000000 - 0x000000ff (0x100) IX[B]
	[34] -1	0x00000200 - 0x00000200 (0x1) IX[B]E
	[35] -1	0x00000200 - 0x00000200 (0x1) IX[B]E
	[36] -1	0x00000200 - 0x00000200 (0x1) IX[B]E
	[37] -1	0x00000200 - 0x00000200 (0x1) IX[B]E
	[38] -1	0x00000200 - 0x00000200 (0x1) IX[B]E
	[39] -1	0x00000200 - 0x00000200 (0x1) IX[B]E
	[40] -1	0x00000200 - 0x00000200 (0x1) IX[B]
	[41] -1	0x0000fcf0 - 0x0000fcff (0x10) IX[B]
	[42] -1	0x0000fcc0 - 0x0000fcdf (0x20) IX[B]
(II) resource ranges after probing:
	[0] -1	0xffe00000 - 0xffffffff (0x200000) MX[B](B)
	[1] -1	0x00100000 - 0x3fffffff (0x3ff00000) MX[B]E(B)
	[2] -1	0x000f0000 - 0x000fffff (0x10000) MX[B]
	[3] -1	0x000c0000 - 0x000effff (0x30000) MX[B]
	[4] -1	0x00000000 - 0x0009ffff (0xa0000) MX[B]
	[5] -1	0x60000000 - 0x60000000 (0x1) MX[B]E
	[6] -1	0x60020000 - 0x60020000 (0x1) MX[B]E
	[7] -1	0x60021000 - 0x60021000 (0x1) MX[B]E
	[8] -1	0x60000000 - 0x60000000 (0x1) MX[B]E
	[9] -1	0x60020000 - 0x60020000 (0x1) MX[B]E
	[10] -1	0x60021000 - 0x60021000 (0x1) MX[B]E
	[11] -1	0x60000000 - 0x60000000 (0x1) MX[B]E
	[12] -1	0x60020000 - 0x60020000 (0x1) MX[B]E
	[13] -1	0x60021000 - 0x60021000 (0x1) MX[B]E
	[14] -1	0x60000000 - 0x60000000 (0x1) MX[B]E
	[15] -1	0x60020000 - 0x60020000 (0x1) MX[B]E
	[16] -1	0x60021000 - 0x60021000 (0x1) MX[B]E
	[17] -1	0x60000000 - 0x60000000 (0x1) MX[B]E
	[18] -1	0x60020000 - 0x60020000 (0x1) MX[B]E
	[19] -1	0x60021000 - 0x60021000 (0x1) MX[B]E
	[20] -1	0x60000000 - 0x60000000 (0x1) MX[B]E
	[21] -1	0x60020000 - 0x60020000 (0x1) MX[B]E
	[22] -1	0x60021000 - 0x60021000 (0x1) MX[B]E
	[23] -1	0x60000000 - 0x60000000 (0x1) MX[B]
	[24] -1	0x60020000 - 0x60020000 (0x1) MX[B]
	[25] -1	0x60021000 - 0x60021000 (0x1) MX[B]
	[26] -1	0xfec00000 - 0xfecfffff (0x100000) MX[B]
	[27] -1	0xfe000000 - 0xfe3fffff (0x400000) MX[B]
	[28] -1	0xfed00000 - 0xfedfffff (0x100000) MX[B](B)
	[29] -1	0xfe800000 - 0xfebfffff (0x400000) MX[B](B)
	[30] -1	0xfd000000 - 0xfdffffff (0x1000000) MX[B](B)
	[31] -1	0xfe7ffc00 - 0xfe7ffdff (0x200) MX[B]
	[32] 0	0x000a0000 - 0x000affff (0x10000) MS[B]
	[33] 0	0x000b0000 - 0x000b7fff (0x8000) MS[B]
	[34] 0	0x000b8000 - 0x000bffff (0x8000) MS[B]
	[35] -1	0x0000ffff - 0x0000ffff (0x1) IX[B]
	[36] -1	0x00000000 - 0x000000ff (0x100) IX[B]
	[37] -1	0x00000200 - 0x00000200 (0x1) IX[B]E
	[38] -1	0x00000200 - 0x00000200 (0x1) IX[B]E
	[39] -1	0x00000200 - 0x00000200 (0x1) IX[B]E
	[40] -1	0x00000200 - 0x00000200 (0x1) IX[B]E
	[41] -1	0x00000200 - 0x00000200 (0x1) IX[B]E
	[42] -1	0x00000200 - 0x00000200 (0x1) IX[B]E
	[43] -1	0x00000200 - 0x00000200 (0x1) IX[B]
	[44] -1	0x0000fcf0 - 0x0000fcff (0x10) IX[B]
	[45] -1	0x0000fcc0 - 0x0000fcdf (0x20) IX[B]
	[46] 0	0x000003b0 - 0x000003bb (0xc) IS[B]
	[47] 0	0x000003c0 - 0x000003df (0x20) IS[B]
(II) Setting vga for screen 0.
(II) Loading sub module "vgahw"
(II) LoadModule: "vgahw"
(II) Loading /usr/X11R6/lib/modules/libvgahw.a
(II) Module vgahw: vendor="The XFree86 Project"
	compiled for 4.2.0, module version = 0.1.0
	ABI class: XFree86 Video Driver, version 0.5
(II) NEOMAGIC(0): Chipset is a MagicMedia 256AV (NM2200)
(II) NEOMAGIC(0): vgaHWGetIOBase: hwp->IOBase is 0x03d0, hwp->PIOOffset is 0x0000
(--) NEOMAGIC(0): Panel is a 1024x768 color TFT display
(II) Loading sub module "ddc"
(II) LoadModule: "ddc"
(II) Loading /usr/X11R6/lib/modules/libddc.a
(II) Module ddc: vendor="The XFree86 Project"
	compiled for 4.2.0, module version = 1.0.0
	ABI class: XFree86 Video Driver, version 0.5
(II) Loading sub module "vbe"
(II) LoadModule: "vbe"
(II) Loading /usr/X11R6/lib/modules/libvbe.a
(II) Module vbe: vendor="The XFree86 Project"
	compiled for 4.2.0, module version = 1.0.0
	ABI class: XFree86 Video Driver, version 0.5
(II) Loading sub module "int10"
(II) LoadModule: "int10"
(II) Loading /usr/X11R6/lib/modules/linux/libint10.a
(II) Module int10: vendor="The XFree86 Project"
	compiled for 4.2.0, module version = 1.0.0
	ABI class: XFree86 Video Driver, version 0.5
(II) NEOMAGIC(0): initializing int10
(II) NEOMAGIC(0): Primary V_BIOS segment is: 0xc000
(II) NEOMAGIC(0): VESA BIOS detected
(II) NEOMAGIC(0): VESA VBE Version 2.0
(II) NEOMAGIC(0): VESA VBE Total Mem: 2496 kB
(II) NEOMAGIC(0): VESA VBE OEM: MagicGraph 256 AV 48K
(II) NEOMAGIC(0): VESA VBE OEM Software Rev: 1.17
(II) NEOMAGIC(0): VESA VBE OEM Vendor: NeoMagic
(II) NEOMAGIC(0): VESA VBE OEM Product: MagicMedia 256 AV
(II) NEOMAGIC(0): VESA VBE OEM Product Rev: 01.0
(II) Loading sub module "ddc"
(II) LoadModule: "ddc"
(II) Reloading /usr/X11R6/lib/modules/libddc.a
(II) NEOMAGIC(0): VESA VBE DDC supported
(II) NEOMAGIC(0): VESA VBE DDC Level none
(II) NEOMAGIC(0): VESA VBE DDC transfer in appr. 0 sec.
(II) NEOMAGIC(0): VESA VBE DDC read failed
(II) Loading sub module "i2c"
(II) LoadModule: "i2c"
(II) Loading /usr/X11R6/lib/modules/libi2c.a
(II) Module i2c: vendor="The XFree86 Project"
	compiled for 4.2.0, module version = 1.2.0
	ABI class: XFree86 Video Driver, version 0.5
(II) NEOMAGIC(0): I2C bus "I2C bus" initialized.
(II) NEOMAGIC(0): I2C device "I2C bus:ddc2" registered.
(II) NEOMAGIC(0): I2C device "I2C bus:ddc2" removed.
(--) NEOMAGIC(0): No DDC signal
(**) NEOMAGIC(0): Depth 16, (--) framebuffer bpp 16
(==) NEOMAGIC(0): RGB weight 565
(==) NEOMAGIC(0): Default visual is TrueColor
(==) NEOMAGIC(0): Using gamma correction (1.0, 1.0, 1.0)
(--) NEOMAGIC(0): Internal LCD only display mode
(==) NEOMAGIC(0): using linear mode
(**) NEOMAGIC(0): using PCI Burst mode
(**) NEOMAGIC(0): Option StrangeLockups set: disabling some acceleration
(--) NEOMAGIC(0): FB base address is set at 0xFD000000.
(--) NEOMAGIC(0): MMIO base address is set at 0xFE800000.
(**) NEOMAGIC(0): VideoRAM: 2560 kByte
(--) NEOMAGIC(0): Max Clock: 110000 kHz
(II) NEOMAGIC(0): Monitor[0]: Using hsync range of 31.00-65.00 kHz
(II) NEOMAGIC(0): Monitor[0]: Using vrefresh range of 58.00-78.00 Hz
(II) NEOMAGIC(0): Clock range:  11.00 to 110.00 MHz
(II) NEOMAGIC(0): Removing mode (640x350) that won't display properly on LCD
(II) NEOMAGIC(0): Not using default mode "640x350" (unknown reason)
(II) NEOMAGIC(0): Removing mode (320x175) that won't display properly on LCD
(II) NEOMAGIC(0): Not using default mode "320x175" (unknown reason)
(II) NEOMAGIC(0): Removing mode (640x400) that won't display properly on LCD
(II) NEOMAGIC(0): Not using default mode "640x400" (unknown reason)
(II) NEOMAGIC(0): Removing mode (320x200) that won't display properly on LCD
(II) NEOMAGIC(0): Not using default mode "320x200" (unknown reason)
(II) NEOMAGIC(0): Removing mode (720x400) that won't display properly on LCD
(II) NEOMAGIC(0): Not using default mode "720x400" (unknown reason)
(II) NEOMAGIC(0): Removing mode (360x200) that won't display properly on LCD
(II) NEOMAGIC(0): Not using default mode "360x200" (unknown reason)
(II) NEOMAGIC(0): Removing mode (320x240) that won't display properly on LCD
(II) NEOMAGIC(0): Not using default mode "320x240" (unknown reason)
(II) NEOMAGIC(0): Removing mode (320x240) that won't display properly on LCD
(II) NEOMAGIC(0): Not using default mode "320x240" (unknown reason)
(II) NEOMAGIC(0): Removing mode (320x240) that won't display properly on LCD
(II) NEOMAGIC(0): Not using default mode "320x240" (unknown reason)
(II) NEOMAGIC(0): Not using default mode "640x480" (vrefresh out of range)
(II) NEOMAGIC(0): Removing mode (320x240) that won't display properly on LCD
(II) NEOMAGIC(0): Not using default mode "320x240" (unknown reason)
(II) NEOMAGIC(0): Not using default mode "800x600" (vrefresh out of range)
(II) NEOMAGIC(0): Removing mode (400x300) that won't display properly on LCD
(II) NEOMAGIC(0): Not using default mode "400x300" (unknown reason)
(II) NEOMAGIC(0): Removing mode (400x300) that won't display properly on LCD
(II) NEOMAGIC(0): Not using default mode "400x300" (unknown reason)
(II) NEOMAGIC(0): Removing mode (400x300) that won't display properly on LCD
(II) NEOMAGIC(0): Not using default mode "400x300" (unknown reason)
(II) NEOMAGIC(0): Removing mode (400x300) that won't display properly on LCD
(II) NEOMAGIC(0): Not using default mode "400x300" (unknown reason)
(II) NEOMAGIC(0): Not using default mode "800x600" (vrefresh out of range)
(II) NEOMAGIC(0): Removing mode (400x300) that won't display properly on LCD
(II) NEOMAGIC(0): Not using default mode "400x300" (unknown reason)
(II) NEOMAGIC(0): Not using default mode "512x384" (bad mode clock/interlace/doublescan)
(II) NEOMAGIC(0): Removing mode (512x384) that won't display properly on LCD
(II) NEOMAGIC(0): Not using default mode "512x384" (unknown reason)
(II) NEOMAGIC(0): Removing mode (512x384) that won't display properly on LCD
(II) NEOMAGIC(0): Not using default mode "512x384" (unknown reason)
(II) NEOMAGIC(0): Removing mode (512x384) that won't display properly on LCD
(II) NEOMAGIC(0): Not using default mode "512x384" (unknown reason)
(II) NEOMAGIC(0): Removing mode (512x384) that won't display properly on LCD
(II) NEOMAGIC(0): Not using default mode "512x384" (unknown reason)
(II) NEOMAGIC(0): Removing mode (1152x864) larger than the LCD panel (1024x768)
(II) NEOMAGIC(0): Not using default mode "1152x864" (unknown reason)
(II) NEOMAGIC(0): Removing mode (576x432) that won't display properly on LCD
(II) NEOMAGIC(0): Not using default mode "576x432" (unknown reason)
(II) NEOMAGIC(0): Removing mode (1280x960) larger than the LCD panel (1024x768)
(II) NEOMAGIC(0): Not using default mode "1280x960" (unknown reason)
(II) NEOMAGIC(0): Not using default mode "1280x960" (bad mode clock/interlace/doublescan)
(II) NEOMAGIC(0): Not using default mode "640x480" (hsync out of range)
(II) NEOMAGIC(0): Removing mode (1280x1024) larger than the LCD panel (1024x768)
(II) NEOMAGIC(0): Not using default mode "1280x1024" (unknown reason)
(II) NEOMAGIC(0): Removing mode (640x512) that won't display properly on LCD
(II) NEOMAGIC(0): Not using default mode "640x512" (unknown reason)
(II) NEOMAGIC(0): Not using default mode "1280x1024" (bad mode clock/interlace/doublescan)
(II) NEOMAGIC(0): Removing mode (640x512) that won't display properly on LCD
(II) NEOMAGIC(0): Not using default mode "640x512" (unknown reason)
(II) NEOMAGIC(0): Not using default mode "1280x1024" (bad mode clock/interlace/doublescan)
(II) NEOMAGIC(0): Removing mode (640x512) that won't display properly on LCD
(II) NEOMAGIC(0): Not using default mode "640x512" (unknown reason)
(II) NEOMAGIC(0): Not using default mode "1600x1200" (insufficient memory for mode)
(II) NEOMAGIC(0): Not using default mode "800x600" (hsync out of range)
(II) NEOMAGIC(0): Not using default mode "1600x1200" (insufficient memory for mode)
(II) NEOMAGIC(0): Not using default mode "800x600" (hsync out of range)
(II) NEOMAGIC(0): Not using default mode "1600x1200" (insufficient memory for mode)
(II) NEOMAGIC(0): Not using default mode "800x600" (hsync out of range)
(II) NEOMAGIC(0): Not using default mode "1600x1200" (insufficient memory for mode)
(II) NEOMAGIC(0): Not using default mode "800x600" (hsync out of range)
(II) NEOMAGIC(0): Not using default mode "1600x1200" (insufficient memory for mode)
(II) NEOMAGIC(0): Not using default mode "800x600" (bad mode clock/interlace/doublescan)
(II) NEOMAGIC(0): Not using default mode "1792x1344" (insufficient memory for mode)
(II) NEOMAGIC(0): Removing mode (896x672) that won't display properly on LCD
(II) NEOMAGIC(0): Not using default mode "896x672" (unknown reason)
(II) NEOMAGIC(0): Not using default mode "1792x1344" (insufficient memory for mode)
(II) NEOMAGIC(0): Not using default mode "896x672" (bad mode clock/interlace/doublescan)
(II) NEOMAGIC(0): Not using default mode "1856x1392" (insufficient memory for mode)
(II) NEOMAGIC(0): Removing mode (928x696) that won't display properly on LCD
(II) NEOMAGIC(0): Not using default mode "928x696" (unknown reason)
(II) NEOMAGIC(0): Not using default mode "1856x1392" (insufficient memory for mode)
(II) NEOMAGIC(0): Not using default mode "928x696" (bad mode clock/interlace/doublescan)
(II) NEOMAGIC(0): Not using default mode "1920x1440" (insufficient memory for mode)
(II) NEOMAGIC(0): Not using default mode "960x720" (bad mode clock/interlace/doublescan)
(II) NEOMAGIC(0): Not using default mode "1920x1440" (insufficient memory for mode)
(II) NEOMAGIC(0): Not using default mode "960x720" (bad mode clock/interlace/doublescan)
(II) NEOMAGIC(0): Removing mode (832x624) that won't display properly on LCD
(II) NEOMAGIC(0): Not using default mode "832x624" (unknown reason)
(II) NEOMAGIC(0): Removing mode (416x312) that won't display properly on LCD
(II) NEOMAGIC(0): Not using default mode "416x312" (unknown reason)
(II) NEOMAGIC(0): Not using default mode "1400x1050" (insufficient memory for mode)
(II) NEOMAGIC(0): Removing mode (700x525) that won't display properly on LCD
(II) NEOMAGIC(0): Not using default mode "700x525" (unknown reason)
(II) NEOMAGIC(0): Not using default mode "1400x1050" (insufficient memory for mode)
(II) NEOMAGIC(0): Removing mode (700x525) that won't display properly on LCD
(II) NEOMAGIC(0): Not using default mode "700x525" (unknown reason)
(II) NEOMAGIC(0): Not using default mode "1600x1024" (insufficient memory for mode)
(II) NEOMAGIC(0): Removing mode (800x512) that won't display properly on LCD
(II) NEOMAGIC(0): Not using default mode "800x512" (unknown reason)
(--) NEOMAGIC(0): Virtual size is 1024x768 (pitch 1024)
(**) NEOMAGIC(0): Mode "1024x768": 79.5 MHz, 56.8 kHz, 70.8 Hz
(II) NEOMAGIC(0): Modeline "1024x768"   79.55  1024 1040 1216 1400  768 768 778 802 (null)
(==) NEOMAGIC(0): DPI set to (75, 75)
(II) Loading sub module "fb"
(II) LoadModule: "fb"
(II) Loading /usr/X11R6/lib/modules/libfb.a
(II) Module fb: vendor="The XFree86 Project"
	compiled for 4.2.0, module version = 1.0.0
	ABI class: XFree86 ANSI C Emulation, version 0.1
(II) Loading sub module "xaa"
(II) LoadModule: "xaa"
(II) Loading /usr/X11R6/lib/modules/libxaa.a
(II) Module xaa: vendor="The XFree86 Project"
	compiled for 4.2.0, module version = 1.0.0
	ABI class: XFree86 Video Driver, version 0.5
(II) Loading sub module "ramdac"
(II) LoadModule: "ramdac"
(II) Loading /usr/X11R6/lib/modules/libramdac.a
(II) Module ramdac: vendor="The XFree86 Project"
	compiled for 4.2.0, module version = 0.1.0
	ABI class: XFree86 Video Driver, version 0.5

--HcAYCG3uE/tztfnV
Content-Type: text/plain; charset=us-ascii
Content-Disposition: attachment; filename=dmesg

r, FIFO diagnostic register 0000.
eth0: PCI bus error, bus status 80000020.
eth0: Too much work in interrupt, status e003.
eth0: Host error, FIFO diagnostic register 0000.
eth0: PCI bus error, bus status 80000020.
eth0: Host error, FIFO diagnostic register 0000.
eth0: PCI bus error, bus status 80000020.
eth0: Host error, FIFO diagnostic register 0000.
eth0: PCI bus error, bus status 80000020.
eth0: Host error, FIFO diagnostic register 0000.
eth0: PCI bus error, bus status 80000020.
eth0: Host error, FIFO diagnostic register 0000.
eth0: PCI bus error, bus status 80000020.
eth0: Host error, FIFO diagnostic register 0000.
eth0: PCI bus error, bus status 80000020.
eth0: Host error, FIFO diagnostic register 0000.
eth0: PCI bus error, bus status 80000020.
eth0: Host error, FIFO diagnostic register 0000.
eth0: PCI bus error, bus status 80000020.
eth0: Host error, FIFO diagnostic register 0000.
eth0: PCI bus error, bus status 80000020.
eth0: Host error, FIFO diagnostic register 0000.
eth0: PCI bus error, bus status 80000020.
eth0: Host error, FIFO diagnostic register 0000.
eth0: PCI bus error, bus status 80000020.
eth0: Host error, FIFO diagnostic register 0000.
eth0: PCI bus error, bus status 80000020.
eth0: Host error, FIFO diagnostic register 0000.
eth0: PCI bus error, bus status 80000020.
eth0: Host error, FIFO diagnostic register 0000.
eth0: PCI bus error, bus status 80000020.
eth0: Host error, FIFO diagnostic register 0000.
eth0: PCI bus error, bus status 80000020.
eth0: Host error, FIFO diagnostic register 0000.
eth0: PCI bus error, bus status 80000020.
eth0: Host error, FIFO diagnostic register 0000.
eth0: PCI bus error, bus status 80000020.
eth0: Host error, FIFO diagnostic register 0000.
eth0: PCI bus error, bus status 80000020.
eth0: Host error, FIFO diagnostic register 0000.
eth0: PCI bus error, bus status 80000020.
eth0: Host error, FIFO diagnostic register 0000.
eth0: PCI bus error, bus status 80000020.
eth0: Host error, FIFO diagnostic register 0000.
eth0: PCI bus error, bus status 80000020.
eth0: Host error, FIFO diagnostic register 0000.
eth0: PCI bus error, bus status 80000020.
eth0: Host error, FIFO diagnostic register 0000.
eth0: PCI bus error, bus status 80000020.
eth0: Host error, FIFO diagnostic register 0000.
eth0: PCI bus error, bus status 80000020.
eth0: Host error, FIFO diagnostic register 0000.
eth0: PCI bus error, bus status 80000020.
eth0: Host error, FIFO diagnostic register 0000.
eth0: PCI bus error, bus status 80000020.
eth0: Host error, FIFO diagnostic register 0000.
eth0: PCI bus error, bus status 80000020.
eth0: Host error, FIFO diagnostic register 0000.
eth0: PCI bus error, bus status 80000020.
eth0: Host error, FIFO diagnostic register 0000.
eth0: PCI bus error, bus status 80000020.
eth0: Host error, FIFO diagnostic register 0000.
eth0: PCI bus error, bus status 80000020.
eth0: Host error, FIFO diagnostic register 0000.
eth0: PCI bus error, bus status 80000020.
eth0: Host error, FIFO diagnostic register 0000.
eth0: PCI bus error, bus status 80000020.
eth0: Host error, FIFO diagnostic register 0000.
eth0: PCI bus error, bus status 80000020.
eth0: Too much work in interrupt, status e003.
eth0: Host error, FIFO diagnostic register 0000.
eth0: PCI bus error, bus status 80000020.
eth0: Host error, FIFO diagnostic register 0000.
eth0: PCI bus error, bus status 80000020.
eth0: Host error, FIFO diagnostic register 0000.
eth0: PCI bus error, bus status 80000020.
eth0: Host error, FIFO diagnostic register 0000.
eth0: PCI bus error, bus status 80000020.
eth0: Host error, FIFO diagnostic register 0000.
eth0: PCI bus error, bus status 80000020.
eth0: Host error, FIFO diagnostic register 0000.
eth0: PCI bus error, bus status 80000020.
eth0: Host error, FIFO diagnostic register 0000.
eth0: PCI bus error, bus status 80000020.
eth0: Host error, FIFO diagnostic register 0000.
eth0: PCI bus error, bus status 80000020.
eth0: Host error, FIFO diagnostic register 0000.
eth0: PCI bus error, bus status 80000020.
eth0: Host error, FIFO diagnostic register 0000.
eth0: PCI bus error, bus status 80000020.
eth0: Host error, FIFO diagnostic register 0000.
eth0: PCI bus error, bus status 80000020.
eth0: Host error, FIFO diagnostic register 0000.
eth0: PCI bus error, bus status 80000020.
eth0: Host error, FIFO diagnostic register 0000.
eth0: PCI bus error, bus status 80000020.
eth0: Host error, FIFO diagnostic register 0000.
eth0: PCI bus error, bus status 80000020.
eth0: Host error, FIFO diagnostic register 0000.
eth0: PCI bus error, bus status 80000020.
eth0: Host error, FIFO diagnostic register 0000.
eth0: PCI bus error, bus status 80000020.
eth0: Host error, FIFO diagnostic register 0000.
eth0: PCI bus error, bus status 80000020.
eth0: Host error, FIFO diagnostic register 0000.
eth0: PCI bus error, bus status 80000020.
eth0: Host error, FIFO diagnostic register 0000.
eth0: PCI bus error, bus status 80000020.
eth0: Host error, FIFO diagnostic register 0000.
eth0: PCI bus error, bus status 80000020.
eth0: Host error, FIFO diagnostic register 0000.
eth0: PCI bus error, bus status 80000020.
eth0: Host error, FIFO diagnostic register 0000.
eth0: PCI bus error, bus status 80000020.
eth0: Host error, FIFO diagnostic register 0000.
eth0: PCI bus error, bus status 80000020.
eth0: Host error, FIFO diagnostic register 0000.
eth0: PCI bus error, bus status 80000020.
eth0: Host error, FIFO diagnostic register 0000.
eth0: PCI bus error, bus status 80000020.
eth0: Host error, FIFO diagnostic register 0000.
eth0: PCI bus error, bus status 80000020.
eth0: Host error, FIFO diagnostic register 0000.
eth0: PCI bus error, bus status 80000020.
eth0: Host error, FIFO diagnostic register 0000.
eth0: PCI bus error, bus status 80000020.
eth0: Host error, FIFO diagnostic register 0000.
eth0: PCI bus error, bus status 80000020.
eth0: Host error, FIFO diagnostic register 0000.
eth0: PCI bus error, bus status 80000020.
eth0: Host error, FIFO diagnostic register 0000.
eth0: PCI bus error, bus status 80000020.
eth0: Host error, FIFO diagnostic register 0000.
eth0: PCI bus error, bus status 80000020.
eth0: Host error, FIFO diagnostic register 0000.
eth0: PCI bus error, bus status 80000020.
eth0: Too much work in interrupt, status e003.
eth0: Host error, FIFO diagnostic register 0000.
eth0: PCI bus error, bus status 80000020.
eth0: Host error, FIFO diagnostic register 0000.
eth0: PCI bus error, bus status 80000020.
eth0: Host error, FIFO diagnostic register 0000.
eth0: PCI bus error, bus status 80000020.
eth0: Host error, FIFO diagnostic register 0000.
eth0: PCI bus error, bus status 80000020.
eth0: Host error, FIFO diagnostic register 0000.
eth0: PCI bus error, bus status 80000020.
eth0: Host error, FIFO diagnostic register 0000.
eth0: PCI bus error, bus status 80000020.
eth0: Host error, FIFO diagnostic register 0000.
eth0: PCI bus error, bus status 80000020.
eth0: Host error, FIFO diagnostic register 0000.
eth0: PCI bus error, bus status 80000020.
eth0: Host error, FIFO diagnostic register 0000.
eth0: PCI bus error, bus status 80000020.
eth0: Host error, FIFO diagnostic register 0000.
eth0: PCI bus error, bus status 80000020.
eth0: Host error, FIFO diagnostic register 0000.
eth0: PCI bus error, bus status 80000020.
eth0: Host error, FIFO diagnostic register 0000.
eth0: PCI bus error, bus status 80000020.
eth0: Host error, FIFO diagnostic register 0000.
eth0: PCI bus error, bus status 80000020.
eth0: Host error, FIFO diagnostic register 0000.
eth0: PCI bus error, bus status 80000020.
eth0: Host error, FIFO diagnostic register 0000.
eth0: PCI bus error, bus status 80000020.
eth0: Host error, FIFO diagnostic register 0000.
eth0: PCI bus error, bus status 80000020.
eth0: Host error, FIFO diagnostic register 0000.
eth0: PCI bus error, bus status 80000020.
eth0: Host error, FIFO diagnostic register 0000.
eth0: PCI bus error, bus status 80000020.
eth0: Host error, FIFO diagnostic register 0000.
eth0: PCI bus error, bus status 80000020.
eth0: Host error, FIFO diagnostic register 0000.
eth0: PCI bus error, bus status 80000020.
eth0: Host error, FIFO diagnostic register 0000.
eth0: PCI bus error, bus status 80000020.
eth0: Host error, FIFO diagnostic register 0000.
eth0: PCI bus error, bus status 80000020.
eth0: Host error, FIFO diagnostic register 0000.
eth0: PCI bus error, bus status 80000020.
eth0: Host error, FIFO diagnostic register 0000.
eth0: PCI bus error, bus status 80000020.
eth0: Host error, FIFO diagnostic register 0000.
eth0: PCI bus error, bus status 80000020.
eth0: Host error, FIFO diagnostic register 0000.
eth0: PCI bus error, bus status 80000020.
eth0: Host error, FIFO diagnostic register 0000.
eth0: PCI bus error, bus status 80000020.
eth0: Host error, FIFO diagnostic register 0000.
eth0: PCI bus error, bus status 80000020.
eth0: Host error, FIFO diagnostic register 0000.
eth0: PCI bus error, bus status 80000020.
eth0: Host error, FIFO diagnostic register 0000.
eth0: PCI bus error, bus status 80000020.
eth0: Host error, FIFO diagnostic register 0000.
eth0: PCI bus error, bus status 80000020.
eth0: Host error, FIFO diagnostic register 0000.
eth0: PCI bus error, bus status 80000020.
eth0: Host error, FIFO diagnostic register 0000.
eth0: PCI bus error, bus status 80000020.
eth0: Too much work in interrupt, status e003.
eth0: Host error, FIFO diagnostic register 0000.
eth0: PCI bus error, bus status 80000020.
eth0: Host error, FIFO diagnostic register 0000.
eth0: PCI bus error, bus status 80000020.
eth0: Host error, FIFO diagnostic register 0000.
eth0: PCI bus error, bus status 80000020.
eth0: Host error, FIFO diagnostic register 0000.
eth0: PCI bus error, bus status 80000020.
eth0: Host error, FIFO diagnostic register 0000.
eth0: PCI bus error, bus status 80000020.
eth0: Host error, FIFO diagnostic register 0000.
eth0: PCI bus error, bus status 80000020.
eth0: Host error, FIFO diagnostic register 0000.
eth0: PCI bus error, bus status 80000020.
eth0: Host error, FIFO diagnostic register 0000.
eth0: PCI bus error, bus status 80000020.
eth0: Host error, FIFO diagnostic register 0000.
eth0: PCI bus error, bus status 80000020.
eth0: Host error, FIFO diagnostic register 0000.
eth0: PCI bus error, bus status 80000020.
eth0: Host error, FIFO diagnostic register 0000.
eth0: PCI bus error, bus status 80000020.
eth0: Host error, FIFO diagnostic register 0000.
eth0: PCI bus error, bus status 80000020.
eth0: Host error, FIFO diagnostic register 0000.
eth0: PCI bus error, bus status 80000020.
eth0: Host error, FIFO diagnostic register 0000.
eth0: PCI bus error, bus status 80000020.
eth0: Host error, FIFO diagnostic register 0000.
eth0: PCI bus error, bus status 80000020.
eth0: Host error, FIFO diagnostic register 0000.
eth0: PCI bus error, bus status 80000020.
eth0: Host error, FIFO diagnostic register 0000.
eth0: PCI bus error, bus status 80000020.
eth0: Host error, FIFO diagnostic register 0000.
eth0: PCI bus error, bus status 80000020.
eth0: Host error, FIFO diagnostic register 0000.
eth0: PCI bus error, bus status 80000020.
eth0: Host error, FIFO diagnostic register 0000.
eth0: PCI bus error, bus status 80000020.
eth0: Host error, FIFO diagnostic register 0000.
eth0: PCI bus error, bus status 80000020.
eth0: Host error, FIFO diagnostic register 0000.
eth0: PCI bus error, bus status 80000020.
eth0: Host error, FIFO diagnostic register 0000.
eth0: PCI bus error, bus status 80000020.
eth0: Host error, FIFO diagnostic register 0000.
eth0: PCI bus error, bus status 80000020.
eth0: Host error, FIFO diagnostic register 0000.
eth0: PCI bus error, bus status 80000020.
eth0: Host error, FIFO diagnostic register 0000.
eth0: PCI bus error, bus status 80000020.
eth0: Host error, FIFO diagnostic register 0000.
eth0: PCI bus error, bus status 80000020.
eth0: Host error, FIFO diagnostic register 0000.
eth0: PCI bus error, bus status 80000020.
eth0: Host error, FIFO diagnostic register 0000.
eth0: PCI bus error, bus status 80000020.
eth0: Host error, FIFO diagnostic register 0000.
eth0: PCI bus error, bus status 80000020.
eth0: Host error, FIFO diagnostic register 0000.
eth0: PCI bus error, bus status 80000020.
eth0: Host error, FIFO diagnostic register 0000.
eth0: PCI bus error, bus status 80000020.
eth0: Host error, FIFO diagnostic register 0000.
eth0: PCI bus error, bus status 80000020.
eth0: Too much work in interrupt, status e003.
eth0: Host error, FIFO diagnostic register 0000.
eth0: PCI bus error, bus status 80000020.
eth0: Host error, FIFO diagnostic register 0000.
eth0: PCI bus error, bus status 80000020.
eth0: Host error, FIFO diagnostic register 0000.
eth0: PCI bus error, bus status 80000020.
eth0: Host error, FIFO diagnostic register 0000.
eth0: PCI bus error, bus status 80000020.
eth0: Host error, FIFO diagnostic register 0000.
eth0: PCI bus error, bus status 80000020.
eth0: Host error, FIFO diagnostic register 0000.
eth0: PCI bus error, bus status 80000020.
eth0: Host error, FIFO diagnostic register 0000.
eth0: PCI bus error, bus status 80000020.
eth0: Host error, FIFO diagnostic register 0000.
eth0: PCI bus error, bus status 80000020.
eth0: Host error, FIFO diagnostic register 0000.
eth0: PCI bus error, bus status 80000020.
eth0: Host error, FIFO diagnostic register 0000.
eth0: PCI bus error, bus status 80000020.
eth0: Host error, FIFO diagnostic register 0000.
eth0: PCI bus error, bus status 80000020.
eth0: Host error, FIFO diagnostic register 0000.
eth0: PCI bus error, bus status 80000020.
eth0: Host error, FIFO diagnostic register 0000.
eth0: PCI bus error, bus status 80000020.
eth0: Host error, FIFO diagnostic register 0000.
eth0: PCI bus error, bus status 80000020.
eth0: Host error, FIFO diagnostic register 0000.
eth0: PCI bus error, bus status 80000020.
eth0: Host error, FIFO diagnostic register 0000.
eth0: PCI bus error, bus status 80000020.
eth0: Host error, FIFO diagnostic register 0000.
eth0: PCI bus error, bus status 80000020.
eth0: Host error, FIFO diagnostic register 0000.
eth0: PCI bus error, bus status 80000020.
eth0: Host error, FIFO diagnostic register 0000.
eth0: PCI bus error, bus status 80000020.
eth0: Host error, FIFO diagnostic register 0000.
eth0: PCI bus error, bus status 80000020.
eth0: Host error, FIFO diagnostic register 0000.
eth0: PCI bus error, bus status 80000020.
eth0: Host error, FIFO diagnostic register 0000.
eth0: PCI bus error, bus status 80000020.
eth0: Host error, FIFO diagnostic register 0000.
eth0: PCI bus error, bus status 80000020.
eth0: Host error, FIFO diagnostic register 0000.
eth0: PCI bus error, bus status 80000020.
eth0: Host error, FIFO diagnostic register 0000.
eth0: PCI bus error, bus status 80000020.
eth0: Host error, FIFO diagnostic register 0000.
eth0: PCI bus error, bus status 80000020.
eth0: Host error, FIFO diagnostic register 0000.
eth0: PCI bus error, bus status 80000020.
eth0: Host error, FIFO diagnostic register 0000.
eth0: PCI bus error, bus status 80000020.
eth0: Host error, FIFO diagnostic register 0000.
eth0: PCI bus error, bus status 80000020.
eth0: Host error, FIFO diagnostic register 0000.
eth0: PCI bus error, bus status 80000020.
eth0: Host error, FIFO diagnostic register 0000.
eth0: PCI bus error, bus status 80000020.
eth0: Host error, FIFO diagnostic register 0000.
eth0: PCI bus error, bus status 80000020.
eth0: Host error, FIFO diagnostic register 0000.
eth0: PCI bus error, bus status 80000020.
eth0: Too much work in interrupt, status e003.

--HcAYCG3uE/tztfnV
Content-Type: text/plain; charset=us-ascii
Content-Disposition: attachment; filename=messages

Jun 24 03:25:32 sack kernel: klogd 1.4.1, log source = /proc/kmsg started.
Jun 24 03:25:32 sack kernel: Inspecting /boot/System.map
Jun 24 03:25:32 sack kernel: Cannot find map file.
Jun 24 03:25:32 sack kernel: Loaded 202 symbols from 10 modules.
Jun 24 03:25:32 sack kernel: Linux version 2.4.19-pre10 (root@sack) (gcc version 2.95.3 20010315 (release)) #6 Mon Jun 24 01:06:14 CEST 2002
Jun 24 03:25:32 sack kernel: BIOS-provided physical RAM map:
Jun 24 03:25:32 sack kernel:  BIOS-e820: 0000000000000000 - 000000000009f800 (usable)
Jun 24 03:25:32 sack kernel:  BIOS-e820: 000000000009f800 - 00000000000a0000 (reserved)
Jun 24 03:25:32 sack kernel:  BIOS-e820: 00000000000ea000 - 0000000000100000 (reserved)
Jun 24 03:25:32 sack kernel:  BIOS-e820: 0000000000100000 - 000000000bff0000 (usable)
Jun 24 03:25:32 sack kernel:  BIOS-e820: 000000000bff0000 - 000000000bfff800 (ACPI data)
Jun 24 03:25:32 sack kernel:  BIOS-e820: 000000000bfff800 - 000000000c000000 (ACPI NVS)
Jun 24 03:25:32 sack kernel:  BIOS-e820: 00000000fffea000 - 0000000100000000 (reserved)
Jun 24 03:25:32 sack kernel: 191MB LOWMEM available.
Jun 24 03:25:32 sack kernel: On node 0 totalpages: 49136
Jun 24 03:25:32 sack kernel: zone(0): 4096 pages.
Jun 24 03:25:32 sack kernel: zone(1): 45040 pages.
Jun 24 03:25:32 sack kernel: zone(2): 0 pages.
Jun 24 03:25:32 sack kernel: Kernel command line: auto BOOT_IMAGE=Linux root=305
Jun 24 03:25:32 sack kernel: Initializing CPU#0
Jun 24 03:25:32 sack kernel: Detected 364.743 MHz processor.
Jun 24 03:25:32 sack kernel: Console: colour VGA+ 80x25
Jun 24 03:25:32 sack kernel: Calibrating delay loop... 727.44 BogoMIPS
Jun 24 03:25:32 sack kernel: Memory: 191840k/196544k available (1345k kernel code, 4316k reserved, 387k data, 236k init, 0k highmem)
Jun 24 03:25:32 sack kernel: Dentry cache hash table entries: 32768 (order: 6, 262144 bytes)
Jun 24 03:25:32 sack kernel: Inode cache hash table entries: 16384 (order: 5, 131072 bytes)
Jun 24 03:25:32 sack kernel: Mount-cache hash table entries: 4096 (order: 3, 32768 bytes)
Jun 24 03:25:32 sack kernel: Buffer-cache hash table entries: 8192 (order: 3, 32768 bytes)
Jun 24 03:25:32 sack kernel: Page-cache hash table entries: 65536 (order: 6, 262144 bytes)
Jun 24 03:25:32 sack kernel: CPU: L1 I cache: 16K, L1 D cache: 16K
Jun 24 03:25:32 sack kernel: CPU: L2 cache: 256K
Jun 24 03:25:32 sack kernel: Intel machine check architecture supported.
Jun 24 03:25:32 sack kernel: Intel machine check reporting enabled on CPU#0.
Jun 24 03:25:32 sack kernel: CPU: Intel Mobile Pentium II stepping 0a
Jun 24 03:25:32 sack kernel: Enabling fast FPU save and restore... done.
Jun 24 03:25:32 sack kernel: Checking 'hlt' instruction... OK.
Jun 24 03:25:32 sack kernel: POSIX conformance testing by UNIFIX
Jun 24 03:25:32 sack kernel: mtrr: v1.40 (20010327) Richard Gooch (rgooch@atnf.csiro.au)
Jun 24 03:25:32 sack kernel: mtrr: detected mtrr type: Intel
Jun 24 03:25:32 sack kernel: PCI: PCI BIOS revision 2.10 entry at 0xfd9e4, last bus=0
Jun 24 03:25:32 sack kernel: PCI: Using configuration type 1
Jun 24 03:25:32 sack kernel: PCI: Probing PCI hardware
Jun 24 03:25:32 sack kernel: PCI: Using IRQ router PIIX [8086/7110] at 00:07.0
Jun 24 03:25:32 sack kernel: PCI: Found IRQ 9 for device 00:0a.0
Jun 24 03:25:32 sack kernel: PCI: Sharing IRQ 9 with 00:08.1
Jun 24 03:25:32 sack kernel: Limiting direct PCI/PCI transfers.
Jun 24 03:25:32 sack kernel: isapnp: Scanning for PnP cards...
Jun 24 03:25:32 sack kernel: isapnp: No Plug & Play device found
Jun 24 03:25:32 sack kernel: Linux NET4.0 for Linux 2.4
Jun 24 03:25:32 sack kernel: Based upon Swansea University Computer Society NET3.039
Jun 24 03:25:32 sack kernel: Initializing RT netlink socket
Jun 24 03:25:32 sack kernel: Starting kswapd
Jun 24 03:25:32 sack kernel: devfs: v1.12a (20020514) Richard Gooch (rgooch@atnf.csiro.au)
Jun 24 03:25:32 sack kernel: devfs: boot_options: 0x1
Jun 24 03:25:32 sack kernel: Installing knfsd (copyright (C) 1996 okir@monad.swb.de).
Jun 24 03:25:32 sack kernel: pty: 256 Unix98 ptys configured
Jun 24 03:25:32 sack kernel: Serial driver version 5.05c (2001-07-08) with MANY_PORTS SHARE_IRQ SERIAL_PCI ISAPNP enabled
Jun 24 03:25:32 sack kernel: ttyS00 at 0x03f8 (irq = 4) is a 16550A
Jun 24 03:25:32 sack kernel: ttyS02 at 0x03e8 (irq = 4) is a 16550A
Jun 24 03:25:32 sack kernel: lp: driver loaded but no devices found
Jun 24 03:25:32 sack kernel: Real Time Clock Driver v1.10e
Jun 24 03:25:32 sack kernel: Uniform Multi-Platform E-IDE driver Revision: 6.31
Jun 24 03:25:32 sack kernel: ide: Assuming 33MHz system bus speed for PIO modes; override with idebus=xx
Jun 24 03:25:32 sack kernel: PIIX4: IDE controller on PCI bus 00 dev 39
Jun 24 03:25:32 sack kernel: PIIX4: chipset revision 1
Jun 24 03:25:32 sack kernel: PIIX4: not 100%% native mode: will probe irqs later
Jun 24 03:25:32 sack kernel:     ide0: BM-DMA at 0xfcf0-0xfcf7, BIOS settings: hda:DMA, hdb:pio
Jun 24 03:25:32 sack kernel:     ide1: BM-DMA at 0xfcf8-0xfcff, BIOS settings: hdc:DMA, hdd:pio
Jun 24 03:25:32 sack kernel: hda: IC25N020ATCS04-0, ATA DISK drive
Jun 24 03:25:32 sack kernel: hdc: TOSHIBA DVD-ROM SD-C2202, ATAPI CD/DVD-ROM drive
Jun 24 03:25:32 sack kernel: ide2: ports already in use, skipping probe
Jun 24 03:25:32 sack kernel: ide0 at 0x1f0-0x1f7,0x3f6 on irq 14
Jun 24 03:25:32 sack kernel: ide1 at 0x170-0x177,0x376 on irq 15
Jun 24 03:25:32 sack kernel: hda: 39070080 sectors (20004 MB) w/1768KiB Cache, CHS=2584/240/63, UDMA(33)
Jun 24 03:25:32 sack kernel: hdc: ATAPI 24X DVD-ROM drive, 128kB Cache, UDMA(33)
Jun 24 03:25:32 sack kernel: Uniform CD-ROM driver Revision: 3.12
Jun 24 03:25:32 sack kernel: Partition check:
Jun 24 03:25:32 sack kernel:  /dev/ide/host0/bus0/target0/lun0: p1 p2 p3 < p5 p6 >
Jun 24 03:25:32 sack kernel: Floppy drive(s): fd0 is 1.44M
Jun 24 03:25:32 sack kernel: FDC 0 is a post-1991 82077
Jun 24 03:25:32 sack kernel: RAMDISK driver initialized: 16 RAM disks of 4096K size 1024 blocksize
Jun 24 03:25:32 sack kernel: Linux agpgart interface v0.99 (c) Jeff Hartmann
Jun 24 03:25:32 sack kernel: agpgart: Maximum main memory to use for agp memory: 149M
Jun 24 03:25:32 sack kernel: SCSI subsystem driver Revision: 1.00
Jun 24 03:25:32 sack kernel: scsi0 : SCSI host adapter emulation for IDE ATAPI devices
Jun 24 03:25:32 sack kernel: NET4: Linux TCP/IP 1.0 for NET4.0
Jun 24 03:25:32 sack kernel: IP Protocols: ICMP, UDP, TCP, IGMP
Jun 24 03:25:32 sack kernel: IP: routing cache hash table of 1024 buckets, 8Kbytes
Jun 24 03:25:32 sack kernel: TCP: Hash tables configured (established 16384 bind 16384)
Jun 24 03:25:32 sack kernel: NET4: Unix domain sockets 1.0/SMP for Linux NET4.0.
Jun 24 03:25:32 sack kernel: FAT: bogus logical sector size 0
Jun 24 03:25:32 sack kernel: FAT: bogus logical sector size 0
Jun 24 03:25:32 sack kernel: reiserfs: checking transaction log (device 03:05) ...
Jun 24 03:25:32 sack kernel: Using r5 hash to sort names
Jun 24 03:25:32 sack kernel: ReiserFS version 3.6.25
Jun 24 03:25:32 sack kernel: VFS: Mounted root (reiserfs filesystem) readonly.
Jun 24 03:25:32 sack kernel: Mounted devfs on /dev
Jun 24 03:25:32 sack kernel: Freeing unused kernel memory: 236k freed
Jun 24 03:25:32 sack kernel: Adding Swap: 824000k swap-space (priority -1)
Jun 24 03:25:32 sack kernel: usb.c: registered new driver hub
Jun 24 03:25:32 sack kernel: Linux PCMCIA Card Services 3.1.33
Jun 24 03:25:32 sack kernel:   kernel build: 2.4.19-pre10 #6 Mon Jun 24 01:06:14 CEST 2002
Jun 24 03:25:32 sack kernel:   options:  [pci] [cardbus] [apm]
Jun 24 03:25:32 sack kernel: Intel ISA/PCI/CardBus PCIC probe:
Jun 24 03:25:32 sack kernel: PCI: Found IRQ 9 for device 00:0a.0
Jun 24 03:25:32 sack kernel: PCI: Sharing IRQ 9 with 00:08.1
Jun 24 03:25:32 sack kernel: PCI: Assigned IRQ 9 for device 00:0a.1
Jun 24 03:25:32 sack kernel: PCI: Sharing IRQ 9 with 00:09.0
Jun 24 03:25:32 sack kernel:   Ricoh RL5C478 rev 80 PCI-to-CardBus at slot 00:0a, mem 0x10000000
Jun 24 03:25:32 sack kernel:     host opts [0]: [isa irq] [io 3/6/1] [mem 3/6/1] [pci irq 9] [lat 168/176] [bus 1/4]
Jun 24 03:25:32 sack kernel:     host opts [1]: [isa irq] [io 3/6/1] [mem 3/6/1] [pci irq 9] [lat 168/176] [bus 5/8]
Jun 24 03:25:32 sack kernel:     ISA irqs (default) = 10,11 PCI status changes
Jun 24 03:25:32 sack kernel: NeoMagic 256AV/256ZX audio driver, version 1.1p
Jun 24 03:25:32 sack kernel: PCI: Found IRQ 9 for device 00:08.1
Jun 24 03:25:32 sack kernel: PCI: Sharing IRQ 9 with 00:0a.0
Jun 24 03:25:32 sack kernel: NM256: Found card signature in video RAM: 0x27ec00
Jun 24 03:25:32 sack kernel: NM256: Mapping port 1 from 0x266c00 - 0x27ec00
Jun 24 03:25:32 sack kernel: Initialized NeoMagic 256AV audio in PCI native mode
Jun 24 03:25:32 sack kernel: Initialized AC97 mixer
Jun 24 03:25:32 sack kernel: cs: cb_alloc(bus 5): vendor 0x10b7, device 0x5157
Jun 24 03:25:32 sack kernel: 3c59x.c:v0.99Q 5/16/2000 Donald Becker, becker@scyld.com
Jun 24 03:25:32 sack kernel:   http://www.scyld.com/network/vortex.html
Jun 24 03:25:32 sack kernel: cs: cb_config(bus 5)
Jun 24 03:25:32 sack kernel: cs: IO port probe 0x0100-0x04ff: excluding 0x140-0x147 0x378-0x37f 0x3c0-0x3df 0x4d0-0x4d7
Jun 24 03:25:32 sack kernel: cs: IO port probe 0x0148-0x0377: clean.
Jun 24 03:25:32 sack kernel: cs: IO port probe 0x0380-0x03bf: clean.
Jun 24 03:25:32 sack kernel: cs: IO port probe 0x03e0-0x04cf: clean.
Jun 24 03:25:32 sack kernel: cs: IO port probe 0x04d8-0x04ff: clean.
Jun 24 03:25:32 sack kernel: cs: IO port probe 0x0800-0x08ff: clean.
Jun 24 03:25:32 sack kernel: cs: IO port probe 0x0a00-0x0aff: clean.
Jun 24 03:25:32 sack kernel: cs: IO port probe 0x0c00-0x0cff: clean.
Jun 24 03:25:32 sack kernel:   fn 0 bar 1: io 0x200-0x27f
Jun 24 03:25:32 sack kernel:   fn 0 bar 2: mem 0x60021000-0x6002107f
Jun 24 03:25:32 sack kernel:   fn 0 bar 3: mem 0x60020000-0x6002007f
Jun 24 03:25:32 sack kernel:   fn 0 rom: mem 0x60000000-0x6001ffff
Jun 24 03:25:32 sack kernel:   irq 9
Jun 24 03:25:32 sack kernel: vortex_attach(device 05:00.0)
Jun 24 03:25:32 sack kernel: eth0: 3Com 3CCFE575BT Cyclone CardBus at 0x200,  00:00:86:3f:1d:d6, IRQ 9
Jun 24 03:25:32 sack kernel:   product code 'NV' rev 07.1 date 03-10-98
Jun 24 03:25:32 sack kernel: eth0: CardBus functions mapped 60020000->cc98b000.
Jun 24 03:25:32 sack kernel:   8K byte-wide RAM 5:3 Rx:Tx split, MII interface.
Jun 24 03:25:32 sack kernel:   MII transceiver found at address 0, status 282d.
Jun 24 03:25:32 sack kernel:   Enabling bus-master transmits and whole-frame receives.
Jun 24 03:42:12 sack kernel: <r, FIFO diagnostic register 0000.
Jun 24 03:42:12 sack kernel: <r, FIFO diagnostic register 0000.
Jun 24 03:43:01 sack kernel: r, FIFO diagnostic register 0000.
Jun 24 03:43:01 sack kernel: <3r, FIFO diagnostic register 0000.
Jun 24 03:44:18 sack kernel: r, FIFO diagnostic register 0000.
Jun 24 03:44:18 sack kernel: <3r, FIFO diagnostic register 0000.
Jun 24 03:44:39 sack kernel: <r, FIFO diagnostic register 0000.
Jun 24 03:44:39 sack kernel: <r, FIFO diagnostic register 0000.
Jun 24 03:46:37 sack kernel: r, FIFO diagnostic register 0000.
Jun 24 03:46:37 sack kernel: <3r, FIFO diagnostic register 0000.
Jun 24 03:46:48 sack kernel: <r, FIFO diagnostic register 0000.
Jun 24 03:46:49 sack kernel: <r, FIFO diagnostic register 0000.
Jun 24 03:48:15 sack kernel: r, FIFO diagnostic register 0000.
Jun 24 03:48:15 sack kernel: <3r, FIFO diagnostic register 0000.
Jun 24 03:48:19 sack kernel: <3r, FIFO diagnostic register 0000.
Jun 24 03:49:20 sack kernel: r, FIFO diagnostic register 0000.
Jun 24 03:49:27 sack kernel: <r, FIFO diagnostic register 0000.
Jun 24 03:50:08 sack kernel: <r, FIFO diagnostic register 0000.
Jun 24 03:50:21 sack kernel: <3r, FIFO diagnostic register 0000.
Jun 24 03:50:22 sack kernel: r, FIFO diagnostic register 0000.
Jun 24 03:50:30 sack kernel: <3r, FIFO diagnostic register 0000.
Jun 24 03:50:30 sack kernel: <3r, FIFO diagnostic register 0000.
Jun 24 03:51:06 sack kernel: Kernel logging (proc) stopped.
Jun 24 03:51:06 sack kernel: Kernel log daemon terminating.
Jun 24 03:51:07 sack exiting on signal 15

--HcAYCG3uE/tztfnV
Content-Type: text/plain; charset=us-ascii
Content-Disposition: attachment; filename=interrupts

           CPU0       
  0:      53436          XT-PIC  timer
  1:          2          XT-PIC  keyboard
  2:          0          XT-PIC  cascade
  8:          2          XT-PIC  rtc
  9:        403          XT-PIC  i82365, eth0
 14:       1415          XT-PIC  ide0
 15:          3          XT-PIC  ide1
NMI:          0 
ERR:          0

--HcAYCG3uE/tztfnV--
