Return-Path: <linux-kernel-owner+willy=40w.ods.org@vger.kernel.org>
Received: (majordomo@vger.kernel.org) by vger.kernel.org via listexpand
	id S262423AbTEIJqA (ORCPT <rfc822;willy@w.ods.org>);
	Fri, 9 May 2003 05:46:00 -0400
Received: (majordomo@vger.kernel.org) by vger.kernel.org id S262424AbTEIJqA
	(ORCPT <rfc822;linux-kernel-outgoing>);
	Fri, 9 May 2003 05:46:00 -0400
Received: from aglaia.aoaioxxysz.net ([64.81.50.67]:23952 "EHLO
	aglaia.aoaioxxysz.net") by vger.kernel.org with ESMTP
	id S262423AbTEIJpr (ORCPT <rfc822;linux-kernel@vger.kernel.org>);
	Fri, 9 May 2003 05:45:47 -0400
Date: Fri, 9 May 2003 02:58:23 -0700
From: Forrest L Norvell <ogd@aglaia.aoaioxxysz.net>
To: debian-user@lists.debian.org
Cc: linux-kernel@vger.kernel.org
Subject: Nforce2-based system hanging
Message-ID: <20030509095823.GE10613@aglaia.aoaioxxysz.net>
Mail-Followup-To: ogd@aglaia.aoaioxxysz.net,
	debian-user@lists.debian.org, linux-kernel@vger.kernel.org
Mime-Version: 1.0
Content-Type: multipart/mixed; boundary="/WwmFnJnmDyWGHa4"
Content-Disposition: inline
User-Agent: Mutt/1.3.28i
Sender: linux-kernel-owner@vger.kernel.org
X-Mailing-List: linux-kernel@vger.kernel.org


--/WwmFnJnmDyWGHa4
Content-Type: text/plain; charset=us-ascii
Content-Disposition: inline

Hi.

I just purchased an Asus A7N8X Deluxe motherboard, and am having some
issues with it. My problem's not the usual Nforce2 beefs -- I'm using
a SoundBlaster Live! for audio and an Intel ServerPRO 100+ NIC, so I
don't care about the onboard sound and network drivers so much,
although I have gotten those working. What I do care about is the fact
that after about 15-60 minutes of uptime, the system hangs in most
circumstances.

The first kernel I tried on the machine was an 2.4.20 kernel (based on
the Debian kernel-source-2.4.20 package) that I'd built for the
motherboard that had been in the box before. After getting frustrated
enough with the hangs that resulted that I began to worry that my
hardware was bunk, I upgraded to kernel 2.4.21-rc1-ac4, and after
quite a few contortions to get it to boot, realized that it had the
same problem. I knew that the A7N8X had some limited APIC support, so
I compiled that into the kernel, and rebooted.

That appeared to work, except that it slowed down the machine's
performance by a factor of 3 (looking at /proc/interrupts when I was
running the APIC code enabled, I think the kernel was spending a ton
of its time processing (spurious?) interrupts generated by the APIC).
The whole reason I upgraded my motherboard was for improved
performance, so this was obviously unacceptable. I rebooted with
'pci=noacpi noapic' appended to the command line, and got my
performance back, along with the hangs. I get the message 'spurious
8259A interrupt: IRQ7.' in dmesg at startup, and /proc/interrupts
shows a fair number of ERRs.

Does anyone have any clues as to what's going on? I've included the
output of lspci, /proc/interrupts, and the dmesg with the APIC enabled
and disabled, and I'm happy to provide any additional information /
debugging assistance necessary. Any configuration gotchas / patches I
should be aware of?

Please Cc: me on any replies. Thanks.

yours,
Forrest Norvell

-- 
       . . . the self-reflecting image of a narcotized mind . . .
ozymandias G desiderata     ogd@aoaioxxysz.net     desperate, deathless
(415)823-6356       http://www.pushby.com/forrest/       ::AOAIOXXYSZ::

--/WwmFnJnmDyWGHa4
Content-Type: text/plain; charset=us-ascii
Content-Disposition: attachment; filename="interrupts.txt"

           CPU0       
  0:      99908          XT-PIC  timer
  1:          6          XT-PIC  keyboard
  2:          0          XT-PIC  cascade
  5:          0          XT-PIC  EMU10K1
  8:          1          XT-PIC  rtc
  9:          2          XT-PIC  acpi
 10:      79576          XT-PIC  advansys, eth0, NVidia NForce2, nvidia
 11:       9761          XT-PIC  advansys
 12:         11          XT-PIC  PS/2 Mouse
 14:       7751          XT-PIC  ide0
 15:          1          XT-PIC  ide1
NMI:          0 
LOC:      99872 
ERR:         31
MIS:          0

--/WwmFnJnmDyWGHa4
Content-Type: text/plain; charset=us-ascii
Content-Disposition: attachment; filename="lspci-out.txt"

00:00.0 Host bridge: nVidia Corporation: Unknown device 01e0 (rev c1)
00:00.1 RAM memory: nVidia Corporation: Unknown device 01eb (rev c1)
00:00.2 RAM memory: nVidia Corporation: Unknown device 01ee (rev c1)
00:00.3 RAM memory: nVidia Corporation: Unknown device 01ed (rev c1)
00:00.4 RAM memory: nVidia Corporation: Unknown device 01ec (rev c1)
00:00.5 RAM memory: nVidia Corporation: Unknown device 01ef (rev c1)
00:01.0 ISA bridge: nVidia Corporation nForce2 ISA Bridge (rev a4)
00:01.1 SMBus: nVidia Corporation nForce2 SMBus (MCP) (rev a2)
00:02.0 USB Controller: nVidia Corporation nForce2 USB Controller (rev a4)
00:02.1 USB Controller: nVidia Corporation nForce2 USB Controller (rev a4)
00:02.2 USB Controller: nVidia Corporation nForce2 USB Controller (rev a4)
00:04.0 Ethernet controller: nVidia Corporation nForce2 Ethernet Controller (rev a1)
00:05.0 Multimedia audio controller: nVidia Corporation nForce MultiMedia audio [Via VT82C686B] (rev a2)
00:06.0 Multimedia audio controller: nVidia Corporation nForce2 AC97 Audio Controler (MCP) (rev a1)
00:08.0 PCI bridge: nVidia Corporation: Unknown device 006c (rev a3)
00:09.0 IDE interface: nVidia Corporation nForce2 IDE (rev a2)
00:0c.0 PCI bridge: nVidia Corporation: Unknown device 006d (rev a3)
00:0d.0 FireWire (IEEE 1394): nVidia Corporation nForce2 FireWire (IEEE 1394) Controller (rev a3)
00:1e.0 PCI bridge: nVidia Corporation nForce2 AGP (rev c1)
01:07.0 Ethernet controller: Intel Corp. 82557/8/9 [Ethernet Pro 100] (rev 08)
01:08.0 Multimedia audio controller: Creative Labs SB Live! EMU10k1 (rev 05)
01:08.1 Input device controller: Creative Labs SB Live! MIDI/Game Port (rev 05)
01:09.0 SCSI storage controller: Advanced System Products, Inc ABP940-U / ABP960-U (rev 03)
01:0a.0 SCSI storage controller: Advanced System Products, Inc ABP940-U2W
01:0b.0 RAID bus controller: CMD Technology Inc Silicon Image SiI 3112 SATARaid Controller (rev 02)
02:01.0 Ethernet controller: 3Com Corporation 3C920B-EMB Integrated Fast Ethernet Controller (rev 40)
03:00.0 VGA compatible controller: nVidia Corporation NV10 [GeForce 256 SDR] (rev 10)

--/WwmFnJnmDyWGHa4
Content-Type: text/plain; charset=us-ascii
Content-Disposition: attachment; filename="kernel-apic-2.4.21-rc1-ac4-dmesg.txt"

larity[0x1] trigger[0x1])
Using ACPI (MADT) for SMP configuration information
Kernel command line: root=/dev/sdb1 ro
Initializing CPU#0
Detected 2079.545 MHz processor.
Console: colour VGA+ 80x25
Calibrating delay loop... 4141.87 BogoMIPS
Memory: 1033216k/1048512k available (1512k kernel code, 14908k reserved, 591k data, 156k init, 131008k highmem)
Dentry cache hash table entries: 131072 (order: 8, 1048576 bytes)
Inode cache hash table entries: 65536 (order: 7, 524288 bytes)
Mount cache hash table entries: 512 (order: 0, 4096 bytes)
Buffer cache hash table entries: 65536 (order: 6, 262144 bytes)
Page-cache hash table entries: 262144 (order: 8, 1048576 bytes)
CPU: L1 I Cache: 64K (64 bytes/line), D cache 64K (64 bytes/line)
CPU: L2 Cache: 512K (64 bytes/line)
Intel machine check architecture supported.
Intel machine check reporting enabled on CPU#0.
CPU:     After generic, caps: 0383fbff c1c3fbff 00000000 00000000
CPU:             Common caps: 0383fbff c1c3fbff 00000000 00000000
CPU: AMD Athlon(tm) XP 2800+ stepping 00
Enabling fast FPU save and restore... done.
Enabling unmasked SIMD FPU exception support... done.
Checking 'hlt' instruction... OK.
POSIX conformance testing by UNIFIX
enabled ExtINT on CPU#0
ESR value before enabling vector: 00000000
ESR value after enabling vector: 00000000
ENABLING IO-APIC IRQs
init IO_APIC IRQs
 IO-APIC (apicid-pin) 2-0, 2-16, 2-17, 2-18, 2-19, 2-20, 2-21, 2-22, 2-23 not connected.
..TIMER: vector=0x31 pin1=2 pin2=0
..MP-BIOS bug: 8254 timer not connected to IO-APIC
...trying to set up timer (IRQ0) through the 8259A ... 
..... (found pin 0) ...works.
number of MP IRQ sources: 16.
number of IO-APIC #2 registers: 24.
testing the IO APIC.......................

IO APIC #2......
.... register #00: 02000000
.......    : physical APIC id: 02
.......    : Delivery Type: 0
.......    : LTS          : 0
.... register #01: 00170011
.......     : max redirection entries: 0017
.......     : PRQ implemented: 0
.......     : IO APIC version: 0011
.... register #02: 00000000
.......     : arbitration: 00
.... IRQ redirection table:
 NR Log Phy Mask Trig IRR Pol Stat Dest Deli Vect:   
 00 0FF 0F  0    0    0   0   0    1    1    31
 01 0FF 0F  0    0    0   0   0    1    1    39
 02 000 00  1    0    0   0   0    0    0    00
 03 0FF 0F  0    0    0   0   0    1    1    41
 04 0FF 0F  0    0    0   0   0    1    1    49
 05 0FF 0F  0    0    0   0   0    1    1    51
 06 0FF 0F  0    0    0   0   0    1    1    59
 07 0FF 0F  0    0    0   0   0    1    1    61
 08 0FF 0F  0    0    0   0   0    1    1    69
 09 0FF 0F  1    1    0   0   0    1    1    71
 0a 0FF 0F  0    0    0   0   0    1    1    79
 0b 0FF 0F  0    0    0   0   0    1    1    81
 0c 0FF 0F  0    0    0   0   0    1    1    89
 0d 0FF 0F  0    0    0   0   0    1    1    91
 0e 0FF 0F  0    0    0   0   0    1    1    99
 0f 0FF 0F  0    0    0   0   0    1    1    A1
 10 000 00  1    0    0   0   0    0    0    00
 11 000 00  1    0    0   0   0    0    0    00
 12 000 00  1    0    0   0   0    0    0    00
 13 000 00  1    0    0   0   0    0    0    00
 14 000 00  1    0    0   0   0    0    0    00
 15 000 00  1    0    0   0   0    0    0    00
 16 000 00  1    0    0   0   0    0    0    00
 17 000 00  1    0    0   0   0    0    0    00
IRQ to pin mappings:
IRQ0 -> 0:0
IRQ1 -> 0:1
IRQ3 -> 0:3
IRQ4 -> 0:4
IRQ5 -> 0:5
IRQ6 -> 0:6
IRQ7 -> 0:7
IRQ8 -> 0:8
IRQ9 -> 0:9
IRQ10 -> 0:10
IRQ11 -> 0:11
IRQ12 -> 0:12
IRQ13 -> 0:13
IRQ14 -> 0:14
IRQ15 -> 0:15
.................................... done.
Using local APIC timer interrupts.
calibrating APIC timer ...
..... CPU clock speed is 2079.5457 MHz.
..... host bus clock speed is 332.7272 MHz.
cpu: 0, clocks: 3327272, slice: 1663636
CPU0<T0:3327264,T1:1663616,D:12,S:1663636,C:3327272>
mtrr: v1.40 (20010327) Richard Gooch (rgooch@atnf.csiro.au)
mtrr: detected mtrr type: Intel
ACPI: Subsystem revision 20030424
PCI: PCI BIOS revision 2.10 entry at 0xfb490, last bus=3
PCI: Using configuration type 1
ACPI: Interpreter enabled
ACPI: Using IOAPIC for interrupt routing
ACPI: System [ACPI] (supports S0 S1 S3 S4 S5)
ACPI: PCI Root Bridge [PCI0] (00:00)
PCI: Probing PCI hardware (bus 00)
ACPI: PCI Interrupt Routing Table [\_SB_.PCI0._PRT]
ACPI: PCI Interrupt Routing Table [\_SB_.PCI0.HUB0._PRT]
ACPI: PCI Interrupt Routing Table [\_SB_.PCI0.AGPB._PRT]
ACPI: PCI Interrupt Routing Table [\_SB_.PCI0.HUB1._PRT]
ACPI: PCI Interrupt Link [LNK1] (IRQs 3 4 5 6 7 10 *11 12 14 15)
ACPI: PCI Interrupt Link [LNK2] (IRQs 3 4 5 6 7 *10 11 12 14 15)
ACPI: PCI Interrupt Link [LNK3] (IRQs 3 4 *5 6 7 10 11 12 14 15)
ACPI: PCI Interrupt Link [LNK4] (IRQs 3 4 5 6 7 *10 11 12 14 15)
ACPI: PCI Interrupt Link [LNK5] (IRQs 3 4 5 6 7 10 11 12 14 15, disabled)
ACPI: PCI Interrupt Link [LUBA] (IRQs 3 4 *5 6 7 10 11 12 14 15)
ACPI: PCI Interrupt Link [LUBB] (IRQs 3 4 5 6 7 10 11 12 14 15, disabled)
ACPI: PCI Interrupt Link [LMAC] (IRQs 3 4 5 6 7 10 *11 12 14 15)
ACPI: PCI Interrupt Link [LAPU] (IRQs 3 4 5 6 7 10 *11 12 14 15)
ACPI: PCI Interrupt Link [LACI] (IRQs 3 4 5 6 7 *10 11 12 14 15)
ACPI: PCI Interrupt Link [LMCI] (IRQs 3 4 5 6 7 10 11 12 14 15, disabled)
ACPI: PCI Interrupt Link [LSMB] (IRQs 3 4 5 6 7 10 11 12 14 15, disabled)
ACPI: PCI Interrupt Link [LUB2] (IRQs 3 4 5 6 7 10 11 12 14 15, disabled)
ACPI: PCI Interrupt Link [LFIR] (IRQs 3 4 *5 6 7 10 11 12 14 15)
ACPI: PCI Interrupt Link [L3CM] (IRQs 3 4 *5 6 7 10 11 12 14 15)
ACPI: PCI Interrupt Link [LIDE] (IRQs 3 4 5 6 7 10 11 12 14 15, disabled)
ACPI: PCI Interrupt Link [APC1] (IRQs *16)
ACPI: PCI Interrupt Link [APC2] (IRQs *17)
ACPI: PCI Interrupt Link [APC3] (IRQs *18)
ACPI: PCI Interrupt Link [APC4] (IRQs *19)
ACPI: PCI Interrupt Link [APC5] (IRQs 16, disabled)
ACPI: PCI Interrupt Link [APCF] (IRQs 20 21 22, disabled)
ACPI: PCI Interrupt Link [APCG] (IRQs 20 21 22, disabled)
ACPI: PCI Interrupt Link [APCH] (IRQs 20 21 22, disabled)
ACPI: PCI Interrupt Link [APCI] (IRQs 20 21 22, disabled)
ACPI: PCI Interrupt Link [APCJ] (IRQs 20 21 22, disabled)
ACPI: PCI Interrupt Link [APCK] (IRQs 20 21 22, disabled)
ACPI: PCI Interrupt Link [APCS] (IRQs 23, disabled)
ACPI: PCI Interrupt Link [APCL] (IRQs 20 21 22, disabled)
ACPI: PCI Interrupt Link [APCM] (IRQs 20 21 22, disabled)
ACPI: PCI Interrupt Link [AP3C] (IRQs 20 21 22, disabled)
ACPI: PCI Interrupt Link [APCZ] (IRQs 20 21 22, disabled)
PCI: Probing PCI hardware
ACPI: PCI Interrupt Link [LNK5] enabled at IRQ 11
ACPI: PCI Interrupt Link [LUBB] enabled at IRQ 10
ACPI: PCI Interrupt Link [LMCI] enabled at IRQ 11
ACPI: PCI Interrupt Link [LSMB] enabled at IRQ 10
ACPI: PCI Interrupt Link [LUB2] enabled at IRQ 5
ACPI: PCI Interrupt Link [LIDE] enabled at IRQ 11
ACPI: PCI Interrupt Link [APC5] enabled at IRQ 16
ACPI: PCI Interrupt Link [APCF] enabled at IRQ 20
ACPI: PCI Interrupt Link [APCG] enabled at IRQ 22
ACPI: PCI Interrupt Link [APCH] enabled at IRQ 21
ACPI: PCI Interrupt Link [APCI] enabled at IRQ 20
ACPI: PCI Interrupt Link [APCJ] enabled at IRQ 22
ACPI: PCI Interrupt Link [APCK] enabled at IRQ 21
ACPI: PCI Interrupt Link [APCS] enabled at IRQ 23
ACPI: PCI Interrupt Link [APCL] enabled at IRQ 20
ACPI: PCI Interrupt Link [APCM] enabled at IRQ 22
ACPI: PCI Interrupt Link [AP3C] enabled at IRQ 21
ACPI: PCI Interrupt Link [APCZ] enabled at IRQ 20
IOAPIC[0]: Set PCI routing entry (2-23 -> 0xa9 -> IRQ 23)
00:00:01[A] -> 2-23 -> IRQ 23
Pin 2-23 already programmed
IOAPIC[0]: Set PCI routing entry (2-20 -> 0xb1 -> IRQ 20)
00:00:02[A] -> 2-20 -> IRQ 20
IOAPIC[0]: Set PCI routing entry (2-22 -> 0xb9 -> IRQ 22)
00:00:02[B] -> 2-22 -> IRQ 22
Pin 2-20 already programmed
IOAPIC[0]: Set PCI routing entry (2-21 -> 0xc1 -> IRQ 21)
00:00:04[A] -> 2-21 -> IRQ 21
Pin 2-20 already programmed
Pin 2-22 already programmed
Pin 2-21 already programmed
Pin 2-22 already programmed
Pin 2-21 already programmed
Pin 2-20 already programmed
IOAPIC[0]: Set PCI routing entry (2-16 -> 0xc9 -> IRQ 16)
00:01:06[A] -> 2-16 -> IRQ 16
IOAPIC[0]: Set PCI routing entry (2-17 -> 0xd1 -> IRQ 17)
00:01:06[B] -> 2-17 -> IRQ 17
IOAPIC[0]: Set PCI routing entry (2-18 -> 0xd9 -> IRQ 18)
00:01:06[C] -> 2-18 -> IRQ 18
IOAPIC[0]: Set PCI routing entry (2-19 -> 0xe1 -> IRQ 19)
00:01:06[D] -> 2-19 -> IRQ 19
Pin 2-19 already programmed
Pin 2-16 already programmed
Pin 2-17 already programmed
Pin 2-18 already programmed
Pin 2-18 already programmed
Pin 2-19 already programmed
Pin 2-16 already programmed
Pin 2-17 already programmed
Pin 2-17 already programmed
Pin 2-18 already programmed
Pin 2-19 already programmed
Pin 2-16 already programmed
Pin 2-16 already programmed
Pin 2-17 already programmed
Pin 2-18 already programmed
Pin 2-19 already programmed
Pin 2-18 already programmed
Pin 2-18 already programmed
Pin 2-18 already programmed
Pin 2-18 already programmed
Pin 2-19 already programmed
Pin 2-21 already programmed
Pin 2-21 already programmed
Pin 2-21 already programmed
Pin 2-21 already programmed
PCI: Using ACPI for IRQ routing
PCI: if you experience problems, try using option 'pci=noacpi' or even 'acpi=off'
Linux NET4.0 for Linux 2.4
Based upon Swansea University Computer Society NET3.039
Initializing RT netlink socket
IA-32 Microcode Update Driver: v1.11 <tigran@veritas.com>
apm: BIOS version 1.2 Flags 0x07 (Driver version 1.16)
apm: overridden by ACPI.
BIOS EDD facility v0.09 2003-Jan-22, 3 devices found
Starting kswapd
allocated 32 pages and 32 bhs reserved for the highmem bounces
VFS: Disk quotas vdquot_6.5.1
Journalled Block Device driver loaded
devfs: v1.12c (20020818) Richard Gooch (rgooch@atnf.csiro.au)
devfs: boot_options: 0x1
pty: 256 Unix98 ptys configured
Serial driver version 5.05c (2001-07-08) with HUB-6 MANY_PORTS MULTIPORT SHARE_IRQ SERIAL_PCI enabled
ttyS00 at 0x03f8 (irq = 4) is a 16550A
ttyS01 at 0x02f8 (irq = 3) is a 16550A
RAMDISK driver initialized: 16 RAM disks of 4096K size 1024 blocksize
Uniform Multi-Platform E-IDE driver Revision: 7.00beta3-.2.4
ide: Assuming 33MHz system bus speed for PIO modes; override with idebus=xx
NFORCE2: IDE controller at PCI slot 00:09.0
NFORCE2: chipset revision 162
NFORCE2: not 100% native mode: will probe irqs later
ide: Assuming 33MHz system bus speed for PIO modes; override with idebus=xx
AMD_IDE: PCI device 10de:0065 (nVidia Corporation) (rev a2) UDMA100 controller on pci00:09.0
    ide0: BM-DMA at 0xf000-0xf007, BIOS settings: hda:DMA, hdb:DMA
    ide1: BM-DMA at 0xf008-0xf00f, BIOS settings: hdc:DMA, hdd:DMA
SiI3112 Serial ATA: IDE controller at PCI slot 01:0b.0
SiI3112 Serial ATA: chipset revision 2
SiI3112 Serial ATA: not 100% native mode: will probe irqs later
    ide2: MMIO-DMA at 0xf8808000-0xf8808007, BIOS settings: hde:pio, hdf:pio
    ide3: MMIO-DMA at 0xf8808008-0xf880800f, BIOS settings: hdg:pio, hdh:pio
hda: ST39140A, ATA DISK drive
blk: queue c036fb20, I/O limit 4095Mb (mask 0xffffffff)
hdc: IOMEGA ZIP 250 ATAPI, ATAPI FLOPPY drive
hdc: set_drive_speed_status: status=0x51 { DriveReady SeekComplete Error }
hdc: set_drive_speed_status: error=0x04
ide1: Drive 0 didn't accept speed setting. Oh, well.
hde: no response (status = 0xfe)
hdg: no response (status = 0xfe)
ide0 at 0x1f0-0x1f7,0x3f6 on irq 14
ide1 at 0x170-0x177,0x376 on irq 15
hda: attached ide-disk driver.
hda: 17803440 sectors (9115 MB) w/448KiB Cache, CHS=1108/255/63, UDMA(33)
Partition check:
 /dev/ide/host0/bus0/target0/lun0: p1 p2 < p5 p6 p7 >
 hdc:end_request: I/O error, dev 16:00 (hdc), sector 0
end_request: I/O error, dev 16:00 (hdc), sector 2
end_request: I/O error, dev 16:00 (hdc), sector 4
end_request: I/O error, dev 16:00 (hdc), sector 6
end_request: I/O error, dev 16:00 (hdc), sector 0
end_request: I/O error, dev 16:00 (hdc), sector 2
end_request: I/O error, dev 16:00 (hdc), sector 4
end_request: I/O error, dev 16:00 (hdc), sector 6
 unable to read partition table
SCSI subsystem driver Revision: 1.00
scsi0 : AdvanSys SCSI 3.3G: PCI Ultra: IO 0xAC00-0xAC0F, IRQ 0x11
scsi1 : AdvanSys SCSI 3.3G: PCI Ultra2-Wide: PCIMEM 0xF881B000-0xF881B0FF, IRQ 0x10
  Vendor: PLEXTOR   Model: CD-ROM PX-40TS    Rev: 1.11
  Type:   CD-ROM                             ANSI SCSI revision: 02
  Vendor: PLEXTOR   Model: CD-R   PX-R820T   Rev: 1.07
  Type:   CD-ROM                             ANSI SCSI revision: 02
  Vendor: SEAGATE   Model: ST39103LW         Rev: 0002
  Type:   Direct-Access                      ANSI SCSI revision: 02
  Vendor: SEAGATE   Model: ST39103LW         Rev: 0002
  Type:   Direct-Access                      ANSI SCSI revision: 02
Attached scsi disk sda at scsi1, channel 0, id 0, lun 0
Attached scsi disk sdb at scsi1, channel 0, id 1, lun 0
SCSI device sda: 17783240 512-byte hdwr sectors (9105 MB)
 /dev/scsi/host1/bus0/target0/lun0: p1 p2 < p5 >
SCSI device sdb: 17783240 512-byte hdwr sectors (9105 MB)
 /dev/scsi/host1/bus0/target1/lun0: p1 p2 < p5 p6 p7 >
NET4: Linux TCP/IP 1.0 for NET4.0
IP Protocols: ICMP, UDP, TCP, IGMP
IP: routing cache hash table of 8192 buckets, 64Kbytes
TCP: Hash tables configured (established 262144 bind 65536)
Linux IP multicast router 0.06 plus PIM-SM
EXT3-fs: INFO: recovery required on readonly filesystem.
EXT3-fs: write access will be enabled during recovery.
kjournald starting.  Commit interval 5 seconds
EXT3-fs: recovery complete.
EXT3-fs: mounted filesystem with ordered data mode.
VFS: Mounted root (ext3 filesystem) readonly.
Mounted devfs on /dev
Freeing unused kernel memory: 156k freed
NET4: Unix domain sockets 1.0/SMP for Linux NET4.0.
Adding Swap: 136512k swap-space (priority -1)
Adding Swap: 136512k swap-space (priority -2)
EXT3 FS 2.4-0.9.19, 19 August 2002 on sd(8,17), internal journal
eepro100.c:v1.09j-t 9/29/99 Donald Becker http://www.scyld.com/network/eepro100.html
eepro100.c: $Revision: 1.36 $ 2000/11/17 Modified by Andrey V. Savochkin <saw@saw.sw.com.sg> and others
eth0: Intel Corp. 82557/8/9 [Ethernet Pro 100], 00:90:27:84:41:5A, IRQ 19.
  Board assembly 729757-003, Physical connectors present: RJ45
  Primary interface chip i82555 PHY #1.
  General self-test: passed.
  Serial sub-system self-test: passed.
  Internal registers self-test: passed.
  ROM checksum self-test: passed (0x04f4518b).
kjournald starting.  Commit interval 5 seconds
EXT3 FS 2.4-0.9.19, 19 August 2002 on sd(8,1), internal journal
EXT3-fs: mounted filesystem with ordered data mode.
kjournald starting.  Commit interval 5 seconds
EXT3 FS 2.4-0.9.19, 19 August 2002 on ide0(3,6), internal journal
EXT3-fs: mounted filesystem with ordered data mode.
kjournald starting.  Commit interval 5 seconds
EXT3 FS 2.4-0.9.19, 19 August 2002 on ide0(3,5), internal journal
EXT3-fs: mounted filesystem with ordered data mode.
Real Time Clock Driver v1.10e
Linux agpgart interface v0.99 (c) Jeff Hartmann
agpgart: Maximum main memory to use for agp memory: 941M
agpgart: unsupported bridge
agpgart: no supported devices found.
mice: PS/2 mouse device common for all mice
usb.c: registered new driver usbdevfs
usb.c: registered new driver hub
usb-uhci.c: $Revision: 1.275 $ time 19:33:14 May  8 2003
usb-uhci.c: High bandwidth mode enabled
usb-uhci.c: v1.275:USB Universal Host Controller Interface driver
usb.c: deregistering driver usbdevfs
usb.c: deregistering driver hub
Attached scsi CD-ROM sr0 at scsi0, channel 0, id 3, lun 0
Attached scsi CD-ROM sr1 at scsi0, channel 0, id 4, lun 0
sr0: scsi-1 drive
Uniform CD-ROM driver Revision: 3.12
sr1: scsi3-mmc drive: 20x/20x writer cd/rw xa/form2 cdda tray

--/WwmFnJnmDyWGHa4
Content-Type: text/plain; charset=us-ascii
Content-Disposition: attachment; filename="kernel-noapic-2.4.21-rc1-ac4-dmesg.txt"

Linux version 2.4.21-rc1-ac4 (root@eva01) (gcc version 3.2.3) #4 Thu May 8 19:21:58 PDT 2003
BIOS-provided physical RAM map:
 BIOS-e820: 0000000000000000 - 000000000009fc00 (usable)
 BIOS-e820: 000000000009fc00 - 00000000000a0000 (reserved)
 BIOS-e820: 00000000000f0000 - 0000000000100000 (reserved)
 BIOS-e820: 0000000000100000 - 000000003fff0000 (usable)
 BIOS-e820: 000000003fff0000 - 000000003fff3000 (ACPI NVS)
 BIOS-e820: 000000003fff3000 - 0000000040000000 (ACPI data)
 BIOS-e820: 00000000fec00000 - 00000000fec01000 (reserved)
 BIOS-e820: 00000000fee00000 - 00000000fee01000 (reserved)
 BIOS-e820: 00000000ffff0000 - 0000000100000000 (reserved)
127MB HIGHMEM available.
896MB LOWMEM available.
ACPI: have wakeup address 0xc0001000
On node 0 totalpages: 262128
zone(0): 4096 pages.
zone(1): 225280 pages.
zone(2): 32752 pages.
ACPI: RSDP (v000 Nvidia                     ) @ 0x000f7600
ACPI: RSDT (v001 Nvidia AWRDACPI 16944.11825) @ 0x3fff3000
ACPI: FADT (v001 Nvidia AWRDACPI 16944.11825) @ 0x3fff3040
ACPI: MADT (v001 Nvidia AWRDACPI 16944.11825) @ 0x3fff74c0
ACPI: DSDT (v001 NVIDIA AWRDACPI 00000.04096) @ 0x00000000
ACPI: BIOS passes blacklist
ACPI: Local APIC address 0xfee00000
ACPI: LAPIC (acpi_id[0x00] lapic_id[0x00] enabled)
Processor #0 Pentium(tm) Pro APIC version 16
ACPI: LAPIC_NMI (acpi_id[0x00] polarity[0x1] trigger[0x1] lint[0x1])
ACPI: IOAPIC (id[0x02] address[0xfec00000] global_irq_base[0x0])
IOAPIC[0]: Assigned apic_id 2
IOAPIC[0]: apic_id 2, version 17, address 0xfec00000, IRQ 0-23
ACPI: INT_SRC_OVR (bus[0] irq[0x0] global_irq[0x2] polarity[0x0] trigger[0x0])
ACPI: INT_SRC_OVR (bus[0] irq[0x9] global_irq[0x9] polarity[0x1] trigger[0x3])
ACPI: INT_SRC_OVR (bus[0] irq[0xe] global_irq[0xe] polarity[0x1] trigger[0x1])
ACPI: INT_SRC_OVR (bus[0] irq[0xf] global_irq[0xf] polarity[0x1] trigger[0x1])
Using ACPI (MADT) for SMP configuration information
Kernel command line: root=/dev/sdb1 ro pci=noacpi noapic
Initializing CPU#0
Detected 2088.094 MHz processor.
Console: colour VGA+ 80x25
Calibrating delay loop... 4168.08 BogoMIPS
Memory: 1033216k/1048512k available (1512k kernel code, 14908k reserved, 591k data, 156k init, 131008k highmem)
Dentry cache hash table entries: 131072 (order: 8, 1048576 bytes)
Inode cache hash table entries: 65536 (order: 7, 524288 bytes)
Mount cache hash table entries: 512 (order: 0, 4096 bytes)
Buffer cache hash table entries: 65536 (order: 6, 262144 bytes)
Page-cache hash table entries: 262144 (order: 8, 1048576 bytes)
CPU: L1 I Cache: 64K (64 bytes/line), D cache 64K (64 bytes/line)
CPU: L2 Cache: 512K (64 bytes/line)
Intel machine check architecture supported.
Intel machine check reporting enabled on CPU#0.
CPU:     After generic, caps: 0383fbff c1c3fbff 00000000 00000000
CPU:             Common caps: 0383fbff c1c3fbff 00000000 00000000
CPU: AMD Athlon(tm) XP 2800+ stepping 00
Enabling fast FPU save and restore... done.
Enabling unmasked SIMD FPU exception support... done.
Checking 'hlt' instruction... OK.
POSIX conformance testing by UNIFIX
enabled ExtINT on CPU#0
ESR value before enabling vector: 00000000
ESR value after enabling vector: 00000000
Using local APIC timer interrupts.
calibrating APIC timer ...
..... CPU clock speed is 2088.0634 MHz.
..... host bus clock speed is 334.0900 MHz.
cpu: 0, clocks: 3340900, slice: 1670450
CPU0<T0:3340896,T1:1670432,D:14,S:1670450,C:3340900>
mtrr: v1.40 (20010327) Richard Gooch (rgooch@atnf.csiro.au)
mtrr: detected mtrr type: Intel
ACPI: Subsystem revision 20030424
PCI: PCI BIOS revision 2.10 entry at 0xfb490, last bus=3
PCI: Using configuration type 1
ACPI: Interpreter enabled
ACPI: Using IOAPIC for interrupt routing
ACPI: System [ACPI] (supports S0 S1 S3 S4 S5)
ACPI: PCI Root Bridge [PCI0] (00:00)
PCI: Probing PCI hardware (bus 00)
ACPI: PCI Interrupt Routing Table [\_SB_.PCI0._PRT]
ACPI: PCI Interrupt Routing Table [\_SB_.PCI0.HUB0._PRT]
ACPI: PCI Interrupt Routing Table [\_SB_.PCI0.AGPB._PRT]
ACPI: PCI Interrupt Routing Table [\_SB_.PCI0.HUB1._PRT]
ACPI: PCI Interrupt Link [LNK1] (IRQs 3 4 5 6 7 10 *11 12 14 15)
ACPI: PCI Interrupt Link [LNK2] (IRQs 3 4 5 6 7 *10 11 12 14 15)
ACPI: PCI Interrupt Link [LNK3] (IRQs 3 4 *5 6 7 10 11 12 14 15)
ACPI: PCI Interrupt Link [LNK4] (IRQs 3 4 5 6 7 *10 11 12 14 15)
ACPI: PCI Interrupt Link [LNK5] (IRQs 3 4 5 6 7 10 11 12 14 15, disabled)
ACPI: PCI Interrupt Link [LUBA] (IRQs 3 4 *5 6 7 10 11 12 14 15)
ACPI: PCI Interrupt Link [LUBB] (IRQs 3 4 5 6 7 10 11 12 14 15, disabled)
ACPI: PCI Interrupt Link [LMAC] (IRQs 3 4 5 6 7 10 *11 12 14 15)
ACPI: PCI Interrupt Link [LAPU] (IRQs 3 4 5 6 7 10 *11 12 14 15)
ACPI: PCI Interrupt Link [LACI] (IRQs 3 4 5 6 7 *10 11 12 14 15)
ACPI: PCI Interrupt Link [LMCI] (IRQs 3 4 5 6 7 10 11 12 14 15, disabled)
ACPI: PCI Interrupt Link [LSMB] (IRQs 3 4 5 6 7 10 11 12 14 15, disabled)
ACPI: PCI Interrupt Link [LUB2] (IRQs 3 4 5 6 7 10 11 12 14 15, disabled)
ACPI: PCI Interrupt Link [LFIR] (IRQs 3 4 *5 6 7 10 11 12 14 15)
ACPI: PCI Interrupt Link [L3CM] (IRQs 3 4 *5 6 7 10 11 12 14 15)
ACPI: PCI Interrupt Link [LIDE] (IRQs 3 4 5 6 7 10 11 12 14 15, disabled)
ACPI: PCI Interrupt Link [APC1] (IRQs *16)
ACPI: PCI Interrupt Link [APC2] (IRQs *17)
ACPI: PCI Interrupt Link [APC3] (IRQs *18)
ACPI: PCI Interrupt Link [APC4] (IRQs *19)
ACPI: PCI Interrupt Link [APC5] (IRQs 16, disabled)
ACPI: PCI Interrupt Link [APCF] (IRQs 20 21 22, disabled)
ACPI: PCI Interrupt Link [APCG] (IRQs 20 21 22, disabled)
ACPI: PCI Interrupt Link [APCH] (IRQs 20 21 22, disabled)
ACPI: PCI Interrupt Link [APCI] (IRQs 20 21 22, disabled)
ACPI: PCI Interrupt Link [APCJ] (IRQs 20 21 22, disabled)
ACPI: PCI Interrupt Link [APCK] (IRQs 20 21 22, disabled)
ACPI: PCI Interrupt Link [APCS] (IRQs 23, disabled)
ACPI: PCI Interrupt Link [APCL] (IRQs 20 21 22, disabled)
ACPI: PCI Interrupt Link [APCM] (IRQs 20 21 22, disabled)
ACPI: PCI Interrupt Link [AP3C] (IRQs 20 21 22, disabled)
ACPI: PCI Interrupt Link [APCZ] (IRQs 20 21 22, disabled)
PCI: Probing PCI hardware
PCI: Using IRQ router default [10de/01e0] at 00:00.0
Linux NET4.0 for Linux 2.4
Based upon Swansea University Computer Society NET3.039
Initializing RT netlink socket
IA-32 Microcode Update Driver: v1.11 <tigran@veritas.com>
apm: BIOS version 1.2 Flags 0x07 (Driver version 1.16)
apm: overridden by ACPI.
BIOS EDD facility v0.09 2003-Jan-22, 3 devices found
Starting kswapd
allocated 32 pages and 32 bhs reserved for the highmem bounces
VFS: Disk quotas vdquot_6.5.1
Journalled Block Device driver loaded
devfs: v1.12c (20020818) Richard Gooch (rgooch@atnf.csiro.au)
devfs: boot_options: 0x1
pty: 256 Unix98 ptys configured
Serial driver version 5.05c (2001-07-08) with HUB-6 MANY_PORTS MULTIPORT SHARE_IRQ SERIAL_PCI enabled
ttyS00 at 0x03f8 (irq = 4) is a 16550A
ttyS01 at 0x02f8 (irq = 3) is a 16550A
RAMDISK driver initialized: 16 RAM disks of 4096K size 1024 blocksize
Uniform Multi-Platform E-IDE driver Revision: 7.00beta3-.2.4
ide: Assuming 33MHz system bus speed for PIO modes; override with idebus=xx
NFORCE2: IDE controller at PCI slot 00:09.0
NFORCE2: chipset revision 162
NFORCE2: not 100% native mode: will probe irqs later
ide: Assuming 33MHz system bus speed for PIO modes; override with idebus=xx
AMD_IDE: PCI device 10de:0065 (nVidia Corporation) (rev a2) UDMA100 controller on pci00:09.0
    ide0: BM-DMA at 0xf000-0xf007, BIOS settings: hda:DMA, hdb:DMA
    ide1: BM-DMA at 0xf008-0xf00f, BIOS settings: hdc:DMA, hdd:DMA
SiI3112 Serial ATA: IDE controller at PCI slot 01:0b.0
SiI3112 Serial ATA: chipset revision 2
SiI3112 Serial ATA: not 100% native mode: will probe irqs later
    ide2: MMIO-DMA at 0xf8808000-0xf8808007, BIOS settings: hde:pio, hdf:pio
    ide3: MMIO-DMA at 0xf8808008-0xf880800f, BIOS settings: hdg:pio, hdh:pio
hda: ST39140A, ATA DISK drive
blk: queue c036fb20, I/O limit 4095Mb (mask 0xffffffff)
hdc: IOMEGA ZIP 250 ATAPI, ATAPI FLOPPY drive
hdc: set_drive_speed_status: status=0x51 { DriveReady SeekComplete Error }
hdc: set_drive_speed_status: error=0x04
ide1: Drive 0 didn't accept speed setting. Oh, well.
hde: no response (status = 0xfe)
hdg: no response (status = 0xfe)
ide0 at 0x1f0-0x1f7,0x3f6 on irq 14
ide1 at 0x170-0x177,0x376 on irq 15
hda: attached ide-disk driver.
hda: 17803440 sectors (9115 MB) w/448KiB Cache, CHS=1108/255/63, UDMA(33)
Partition check:
 /dev/ide/host0/bus0/target0/lun0: p1 p2 < p5 p6 p7 >
 hdc:end_request: I/O error, dev 16:00 (hdc), sector 0
end_request: I/O error, dev 16:00 (hdc), sector 2
end_request: I/O error, dev 16:00 (hdc), sector 4
end_request: I/O error, dev 16:00 (hdc), sector 6
end_request: I/O error, dev 16:00 (hdc), sector 0
end_request: I/O error, dev 16:00 (hdc), sector 2
end_request: I/O error, dev 16:00 (hdc), sector 4
end_request: I/O error, dev 16:00 (hdc), sector 6
 unable to read partition table
SCSI subsystem driver Revision: 1.00
scsi0 : AdvanSys SCSI 3.3G: PCI Ultra: IO 0xAC00-0xAC0F, IRQ 0xA
scsi1 : AdvanSys SCSI 3.3G: PCI Ultra2-Wide: PCIMEM 0xF881B000-0xF881B0FF, IRQ 0xB
  Vendor: PLEXTOR   Model: CD-ROM PX-40TS    Rev: 1.11
  Type:   CD-ROM                             ANSI SCSI revision: 02
  Vendor: PLEXTOR   Model: CD-R   PX-R820T   Rev: 1.07
  Type:   CD-ROM                             ANSI SCSI revision: 02
  Vendor: SEAGATE   Model: ST39103LW         Rev: 0002
  Type:   Direct-Access                      ANSI SCSI revision: 02
  Vendor: SEAGATE   Model: ST39103LW         Rev: 0002
  Type:   Direct-Access                      ANSI SCSI revision: 02
Attached scsi disk sda at scsi1, channel 0, id 0, lun 0
Attached scsi disk sdb at scsi1, channel 0, id 1, lun 0
SCSI device sda: 17783240 512-byte hdwr sectors (9105 MB)
 /dev/scsi/host1/bus0/target0/lun0: p1 p2 < p5 >
SCSI device sdb: 17783240 512-byte hdwr sectors (9105 MB)
 /dev/scsi/host1/bus0/target1/lun0: p1 p2 < p5 p6 p7 >
NET4: Linux TCP/IP 1.0 for NET4.0
IP Protocols: ICMP, UDP, TCP, IGMP
IP: routing cache hash table of 8192 buckets, 64Kbytes
TCP: Hash tables configured (established 262144 bind 65536)
Linux IP multicast router 0.06 plus PIM-SM
EXT3-fs: INFO: recovery required on readonly filesystem.
EXT3-fs: write access will be enabled during recovery.
kjournald starting.  Commit interval 5 seconds
EXT3-fs: recovery complete.
EXT3-fs: mounted filesystem with ordered data mode.
VFS: Mounted root (ext3 filesystem) readonly.
Mounted devfs on /dev
Freeing unused kernel memory: 156k freed
NET4: Unix domain sockets 1.0/SMP for Linux NET4.0.
Adding Swap: 136512k swap-space (priority -1)
Adding Swap: 136512k swap-space (priority -2)
EXT3 FS 2.4-0.9.19, 19 August 2002 on sd(8,17), internal journal
eepro100.c:v1.09j-t 9/29/99 Donald Becker http://www.scyld.com/network/eepro100.html
eepro100.c: $Revision: 1.36 $ 2000/11/17 Modified by Andrey V. Savochkin <saw@saw.sw.com.sg> and others
eth0: Intel Corp. 82557/8/9 [Ethernet Pro 100], 00:90:27:84:41:5A, IRQ 10.
  Board assembly 729757-003, Physical connectors present: RJ45
  Primary interface chip i82555 PHY #1.
  General self-test: passed.
  Serial sub-system self-test: passed.
  Internal registers self-test: passed.
  ROM checksum self-test: passed (0x04f4518b).
kjournald starting.  Commit interval 5 seconds
EXT3 FS 2.4-0.9.19, 19 August 2002 on sd(8,1), internal journal
EXT3-fs: mounted filesystem with ordered data mode.
kjournald starting.  Commit interval 5 seconds
EXT3 FS 2.4-0.9.19, 19 August 2002 on ide0(3,6), internal journal
EXT3-fs: mounted filesystem with ordered data mode.
kjournald starting.  Commit interval 5 seconds
EXT3 FS 2.4-0.9.19, 19 August 2002 on ide0(3,5), internal journal
EXT3-fs: mounted filesystem with ordered data mode.
Real Time Clock Driver v1.10e
PCI: Setting latency timer of device 00:06.0 to 64
intel8x0: clocking to 47422
devfs_register(unknown): could not append to parent, err: -17
devfs_register(unknown): could not append to parent, err: -17
Linux agpgart interface v0.99 (c) Jeff Hartmann
agpgart: Maximum main memory to use for agp memory: 941M
agpgart: unsupported bridge
agpgart: no supported devices found.
0: nvidia: loading NVIDIA Linux x86 nvidia.o Kernel Module  1.0-4349  Thu Mar 27 19:00:02 PST 2003
spurious 8259A interrupt: IRQ7.
Linux agpgart interface v0.99 (c) Jeff Hartmann
agpgart: Maximum main memory to use for agp memory: 941M
agpgart: unsupported bridge
agpgart: no supported devices found.
0: NVRM: AGPGART: unable to retrieve symbol table
mice: PS/2 mouse device common for all mice
usb.c: registered new driver usbdevfs
usb.c: registered new driver hub
usb-uhci.c: $Revision: 1.275 $ time 19:33:14 May  8 2003
usb-uhci.c: High bandwidth mode enabled
usb-uhci.c: v1.275:USB Universal Host Controller Interface driver
usb.c: deregistering driver usbdevfs
usb.c: deregistering driver hub

--/WwmFnJnmDyWGHa4--
