Return-Path: <linux-kernel-owner+willy=40w.ods.org@vger.kernel.org>
Received: (majordomo@vger.kernel.org) by vger.kernel.org via listexpand
	id S261542AbUBYS4W (ORCPT <rfc822;willy@w.ods.org>);
	Wed, 25 Feb 2004 13:56:22 -0500
Received: (majordomo@vger.kernel.org) by vger.kernel.org id S261537AbUBYS4V
	(ORCPT <rfc822;linux-kernel-outgoing>);
	Wed, 25 Feb 2004 13:56:21 -0500
Received: from lnscu5.lns.cornell.edu ([128.84.44.111]:63499 "EHLO
	lnscu5.lns.cornell.edu") by vger.kernel.org with ESMTP
	id S261545AbUBYSvg (ORCPT <rfc822;linux-kernel@vger.kernel.org>);
	Wed, 25 Feb 2004 13:51:36 -0500
From: Valentine Kouznetsov <vk@mail.lns.cornell.edu>
Organization: Cornell University
To: linux-kernel@vger.kernel.org
Subject: kernel 2.6.x, no mouse, i8042???
Date: Wed, 25 Feb 2004 13:49:11 -0500
User-Agent: KMail/1.5
MIME-Version: 1.0
Content-Type: Multipart/Mixed;
  boundary="Boundary-00=_n4OPABvc6ht7R20"
Message-Id: <200402251349.11791.vk@mail.lns.cornell.edu>
Sender: linux-kernel-owner@vger.kernel.org
X-Mailing-List: linux-kernel@vger.kernel.org


--Boundary-00=_n4OPABvc6ht7R20
Content-Type: text/plain;
  charset="koi8-r"
Content-Transfer-Encoding: 7bit
Content-Disposition: inline

Hi,
I post already that I cannot get my mouse work in any 2.6 kernel. Searching 
kernel archive I found discussion about i8042. I would appreciate if someone 
will help me to find out what is wrong with all of these.

My problem is trivial, no mouse at all, in console and X modes. No error 
messages generated by kernel. Mouse is PS/2 as touchpad on Compaq Evo N600c
laptop. Kernel says: "mice: PS/2 mouse device common for all mice"

Following discussion about similar problem a few people suggested to look at 
i8042.nomux option. Well, I did. First of all I found that loading kernel 
without any option gave me the following output:
i8042.c: Detected active multiplexing controller, rev 1.0.
serio: i8042 AUX0 port at 0x60,0x64 irq 12
serio: i8042 AUX1 port at 0x60,0x64 irq 12
serio: i8042 AUX2 port at 0x60,0x64 irq 12
serio: i8042 AUX3 port at 0x60,0x64 irq 12
serio: i8042 KBD port at 0x60,0x64 irq 1
which I consider to be suspisious since 4 aux ports are on the same irq?

Loading kernel with nomux option gave me:
serio: i8042 AUX port at 0x60,0x64 irq 12
serio: i8042 KBD port at 0x60,0x64 irq 1
but still no mouse. I also tried noaux option which only detect keyboard.
I tried /dev/psaux and /dev/input/mice for all of these cases with no success. 
What is also strange that trying /dev/input/mouse[0-X] gave oops for gpm 
saying there is no such device???

For interesting parties I attach dmesg outputs. If someone want me to try 
anything else I can give a shot to figure/fix this problem.

I'm not on a list, please CC me.

Thanks,
Valentine.



--Boundary-00=_n4OPABvc6ht7R20
Content-Type: text/plain;
  charset="koi8-r";
  name="dmesg.2.6.3"
Content-Transfer-Encoding: 7bit
Content-Disposition: attachment; filename="dmesg.2.6.3"

Linux version 2.6.3 (vk@vklaptop) (gcc version 3.2.2 20030222 (Red Hat Linux 3.2.2-5)) #2 Tue Feb 24 22:48:57 EST 2004
BIOS-provided physical RAM map:
 BIOS-e820: 0000000000000000 - 000000000009fc00 (usable)
 BIOS-e820: 000000000009fc00 - 00000000000a0000 (reserved)
 BIOS-e820: 00000000000e0000 - 0000000000100000 (reserved)
 BIOS-e820: 0000000000100000 - 000000000ffd0000 (usable)
 BIOS-e820: 000000000ffd0000 - 000000000fff0c00 (reserved)
 BIOS-e820: 000000000fff0c00 - 000000000fffc000 (ACPI NVS)
 BIOS-e820: 000000000fffc000 - 0000000010000000 (reserved)
255MB LOWMEM available.
On node 0 totalpages: 65488
  DMA zone: 4096 pages, LIFO batch:1
  Normal zone: 61392 pages, LIFO batch:14
  HighMem zone: 0 pages, LIFO batch:1
DMI 2.3 present.
ACPI: RSDP (v000 COMPAQ                                    ) @ 0x000f9970
ACPI: RSDT (v001 COMPAQ CPQ0030  0x13100120 CPQ  0x00000001) @ 0x0fff0c84
ACPI: FADT (v002 COMPAQ CPQ0030  0x00000002 CPQ  0x00000001) @ 0x0fff0c00
ACPI: SSDT (v001 COMPAQ   CPQCPU 0x00001001 MSFT 0x0100000c) @ 0x0fff7a52
ACPI: SSDT (v001 COMPAQ  CPQGysr 0x00001001 MSFT 0x0100000c) @ 0x0fff7a9d
ACPI: DSDT (v001 COMPAQ EVON600C 0x00010000 MSFT 0x0100000c) @ 0x00000000
Built 1 zonelists
Kernel command line: ro root=/dev/hda5 hdc=ide-scsi vga=791 acpi=on resume2=swap:/dev/hda3
ide_setup: hdc=ide-scsi
Local APIC disabled by BIOS -- reenabling.
Found and enabled local APIC!
Initializing CPU#0
PID hash table entries: 1024 (order 10: 8192 bytes)
Detected 996.921 MHz processor.
Using tsc for high-res timesource
Console: colour dummy device 80x25
Memory: 255476k/261952k available (1979k kernel code, 5756k reserved, 844k data, 140k init, 0k highmem)
Checking if this processor honours the WP bit even in supervisor mode... Ok.
Calibrating delay loop... 1974.27 BogoMIPS
Dentry cache hash table entries: 32768 (order: 5, 131072 bytes)
Inode-cache hash table entries: 16384 (order: 4, 65536 bytes)
Mount-cache hash table entries: 512 (order: 0, 4096 bytes)
CPU:     After generic identify, caps: 0383fbff 00000000 00000000 00000000
CPU:     After vendor identify, caps: 0383fbff 00000000 00000000 00000000
CPU: L1 I cache: 16K, L1 D cache: 16K
CPU: L2 cache: 512K
CPU:     After all inits, caps: 0383fbff 00000000 00000000 00000040
Intel machine check architecture supported.
Intel machine check reporting enabled on CPU#0.
CPU: Intel(R) Pentium(R) III Mobile CPU      1000MHz stepping 01
Enabling fast FPU save and restore... done.
Enabling unmasked SIMD FPU exception support... done.
Checking 'hlt' instruction... OK.
POSIX conformance testing by UNIFIX
enabled ExtINT on CPU#0
ESR value before enabling vector: 00000000
ESR value after enabling vector: 00000000
Using local APIC timer interrupts.
calibrating APIC timer ...
..... CPU clock speed is 996.0499 MHz.
..... host bus clock speed is 132.0866 MHz.
NET: Registered protocol family 16
PCI: PCI BIOS revision 2.10 entry at 0xf04b7, last bus=4
PCI: Using configuration type 1
mtrr: v2.0 (20020519)
ACPI: Subsystem revision 20040116
    ACPI-0291: *** Info: Table [DSDT] replaced by host OS
ACPI: IRQ9 SCI: Edge set to Level Trigger.
ACPI: Interpreter enabled
ACPI: Using PIC for interrupt routing
ACPI: PCI Root Bridge [C03E] (00:00)
PCI: Probing PCI hardware (bus 00)
Transparent bridge - 0000:00:1e.0
ACPI: PCI Interrupt Routing Table [\_SB_.C03E._PRT]
ACPI: PCI Interrupt Routing Table [\_SB_.C03E.C03F._PRT]
ACPI: PCI Interrupt Routing Table [\_SB_.C03E.C052._PRT]
ACPI: Power Resource [C14E] (on)
ACPI: Power Resource [C16B] (on)
ACPI: Power Resource [C174] (on)
ACPI: PCI Interrupt Link [C0BA] (IRQs 5 10 *11)
ACPI: PCI Interrupt Link [C0BB] (IRQs 5 10 *11)
ACPI: PCI Interrupt Link [C0BC] (IRQs 5 10 *11)
ACPI: PCI Interrupt Link [C0BD] (IRQs 5 10 *11)
ACPI: PCI Interrupt Link [C0BE] (IRQs 5 10 *11)
ACPI: PCI Interrupt Link [C0BF] (IRQs 5 10 *11)
ACPI: PCI Interrupt Link [C0C0] (IRQs 5 10 *11)
ACPI: PCI Interrupt Link [C0C1] (IRQs 5 10 11)
ACPI: Power Resource [C1F3] (off)
ACPI: Power Resource [C1F4] (off)
ACPI: Power Resource [C1F5] (off)
Linux Plug and Play Support v0.97 (c) Adam Belay
Linux Kernel Card Services
  options:  [pci] [pm]
ACPI: PCI Interrupt Link [C0BA] enabled at IRQ 11
ACPI: PCI Interrupt Link [C0BD] enabled at IRQ 11
ACPI: PCI Interrupt Link [C0BC] enabled at IRQ 11
ACPI: PCI Interrupt Link [C0BB] enabled at IRQ 11
ACPI: PCI Interrupt Link [C0C0] enabled at IRQ 11
ACPI: PCI Interrupt Link [C0BF] enabled at IRQ 11
ACPI: PCI Interrupt Link [C0BE] enabled at IRQ 11
PCI: Using ACPI for IRQ routing
PCI: if you experience problems, try using option 'pci=noacpi' or even 'acpi=off'
vesafb: framebuffer at 0x48000000, mapped to 0xd0808000, size 16384k
vesafb: mode is 1024x768x16, linelength=2048, pages=9
vesafb: protected mode interface info at c000:5341
vesafb: scrolling: redraw
vesafb: directcolor: size=0:5:6:5, shift=0:11:5:0
fb0: VESA VGA frame buffer device
IA-32 Microcode Update Driver: v1.13 <tigran@veritas.com>
VFS: Disk quotas dquot_6.5.1
Coda Kernel/Venus communications, v6.0.0, coda@cs.cmu.edu
Installing knfsd (copyright (C) 1996 okir@monad.swb.de).
ACPI: AC Adapter [C1A2] (on-line)
    ACPI-1120: *** Error: Method execution failed [\_SB_.C03E.C053.C0D1.C12E] (Node c12c5220), AE_AML_UNINITIALIZED_LOCAL
    ACPI-1120: *** Error: Method execution failed [\_SB_.C03E.C053.C0D1.C13D] (Node c12c5f40), AE_AML_UNINITIALIZED_LOCAL
    ACPI-1120: *** Error: Method execution failed [\_SB_.C19F._BTP] (Node c12c2a60), AE_AML_UNINITIALIZED_LOCAL
ACPI: Battery Slot [C19F] (battery present)
ACPI: Battery Slot [C1A0] (battery absent)
ACPI: Power Button (FF) [PWRF]
ACPI: Sleep Button (CM) [C1A3]
ACPI: Lid Switch [C1A4]
ACPI: Fan [C1F6] (off)
ACPI: Fan [C1F7] (off)
ACPI: Fan [C1F8] (off)
    ACPI-0352: *** Error: Looking up [\_TZ_.C1D0] in namespace, AE_NOT_FOUND
search_node cff75700 start_node cff75700 return_node 00000000
    ACPI-1120: *** Error: Method execution failed [\_PR_.C000._PPC] (Node cff75700), AE_NOT_FOUND
ACPI: Processor [C000] (supports C1 C2 C3)
ACPI: Thermal Zone [TZ1] (59 C)
Console: switching to colour frame buffer device 128x48
pty: 256 Unix98 ptys configured
Real Time Clock Driver v1.12
eepro100.c:v1.09j-t 9/29/99 Donald Becker http://www.scyld.com/network/eepro100.html
eepro100.c: $Revision: 1.36 $ 2000/11/17 Modified by Andrey V. Savochkin <saw@saw.sw.com.sg> and others
eth0: OEM i82557/i82558 10/100 Ethernet, 00:02:A5:BA:96:FF, IRQ 11.
  Board assembly 000000-000, Physical connectors present: RJ45
  Primary interface chip i82555 PHY #1.
  General self-test: passed.
  Serial sub-system self-test: passed.
  Internal registers self-test: passed.
  ROM checksum self-test: passed (0x04f4518b).
Uniform Multi-Platform E-IDE driver Revision: 7.00alpha2
ide: Assuming 33MHz system bus speed for PIO modes; override with idebus=xx
ICH3M: IDE controller at PCI slot 0000:00:1f.1
PCI: Enabling device 0000:00:1f.1 (0005 -> 0007)
ICH3M: chipset revision 2
ICH3M: not 100% native mode: will probe irqs later
    ide0: BM-DMA at 0x4060-0x4067, BIOS settings: hda:DMA, hdb:pio
    ide1: BM-DMA at 0x4068-0x406f, BIOS settings: hdc:DMA, hdd:pio
hda: TOSHIBA MK2018GAP, ATA DISK drive
Using anticipatory io scheduler
ide0 at 0x1f0-0x1f7,0x3f6 on irq 14
hdc: SD-R2102, ATAPI CD/DVD-ROM drive
ide1 at 0x170-0x177,0x376 on irq 15
hda: max request size: 128KiB
hda: 39070080 sectors (20003 MB), CHS=38760/16/63, UDMA(100)
 hda: hda1 hda2 hda3 hda4 < hda5 hda6 >
Console: switching to colour frame buffer device 128x48
Intel ISA PCIC probe: not found.
Databook TCIC-2 PCMCIA probe: not found.
mice: PS/2 mouse device common for all mice
i8042.c: Detected active multiplexing controller, rev 1.0.
serio: i8042 AUX0 port at 0x60,0x64 irq 12
serio: i8042 AUX1 port at 0x60,0x64 irq 12
serio: i8042 AUX2 port at 0x60,0x64 irq 12
serio: i8042 AUX3 port at 0x60,0x64 irq 12
serio: i8042 KBD port at 0x60,0x64 irq 1
input: AT Translated Set 2 keyboard on isa0060/serio0
NET: Registered protocol family 2
IP: routing cache hash table of 2048 buckets, 16Kbytes
TCP: Hash tables configured (established 16384 bind 32768)
NET: Registered protocol family 1
NET: Registered protocol family 17
PM: Reading pmdisk image.
PM: Resume from disk failed.
ACPI: (supports S0 S1 S3 S4 S4bios S5)
kjournald starting.  Commit interval 5 seconds
EXT3-fs: mounted filesystem with ordered data mode.
VFS: Mounted root (ext3 filesystem) readonly.
Freeing unused kernel memory: 140k freed
drivers/usb/core/usb.c: registered new driver usbfs
drivers/usb/core/usb.c: registered new driver hub
drivers/usb/host/uhci-hcd.c: USB Universal Host Controller Interface driver v2.1
uhci_hcd 0000:00:1d.0: UHCI Host Controller
PCI: Setting latency timer of device 0000:00:1d.0 to 64
uhci_hcd 0000:00:1d.0: irq 11, io base 00004000
uhci_hcd 0000:00:1d.0: new USB bus registered, assigned bus number 1
hub 1-0:1.0: USB hub found
hub 1-0:1.0: 2 ports detected
uhci_hcd 0000:00:1d.1: UHCI Host Controller
PCI: Setting latency timer of device 0000:00:1d.1 to 64
uhci_hcd 0000:00:1d.1: irq 11, io base 00004020
uhci_hcd 0000:00:1d.1: new USB bus registered, assigned bus number 2
hub 2-0:1.0: USB hub found
hub 2-0:1.0: 2 ports detected
uhci_hcd 0000:00:1d.2: UHCI Host Controller
PCI: Setting latency timer of device 0000:00:1d.2 to 64
uhci_hcd 0000:00:1d.2: irq 11, io base 00004040
uhci_hcd 0000:00:1d.2: new USB bus registered, assigned bus number 3
hub 3-0:1.0: USB hub found
hub 3-0:1.0: 2 ports detected
drivers/usb/core/usb.c: registered new driver hiddev
drivers/usb/core/usb.c: registered new driver hid
drivers/usb/input/hid-core.c: v2.0:USB HID core driver
drivers/usb/core/usb.c: registered new driver usbkbd
drivers/usb/input/usbkbd.c: :USB HID Boot Protocol keyboard driver
drivers/usb/core/usb.c: registered new driver usbmouse
drivers/usb/input/usbmouse.c: v1.6:USB HID Boot Protocol mouse driver
EXT3 FS on hda5, internal journal
Adding 2094112k swap on /dev/hda3.  Priority:-1 extents:1
kjournald starting.  Commit interval 5 seconds
EXT3 FS on hda1, internal journal
EXT3-fs: mounted filesystem with ordered data mode.
kjournald starting.  Commit interval 5 seconds
EXT3 FS on hda6, internal journal
EXT3-fs: mounted filesystem with ordered data mode.
kjournald starting.  Commit interval 5 seconds
EXT3 FS on hda2, internal journal
EXT3-fs: mounted filesystem with ordered data mode.
SCSI subsystem initialized
ide-scsi is deprecated for cd burning! Use ide-cd and give dev=/dev/hdX as device
scsi0 : SCSI host adapter emulation for IDE ATAPI devices
  Vendor: TOSHIBA   Model: DVD-ROM SD-R2102  Rev: 1A16
  Type:   CD-ROM                             ANSI SCSI revision: 02
blk: queue c1371c00, I/O limit 4095Mb (mask 0xffffffff)
ip_tables: (C) 2000-2002 Netfilter core team
orinoco.c 0.13e (David Gibson <hermes@gibson.dropbear.id.au> and others)
orinoco_cs.c 0.13e (David Gibson <hermes@gibson.dropbear.id.au> and others)
parport0: PC-style at 0x378 [PCSPP(,...)]
lp0: using parport0 (polling).
maestro3: version 1.23 built at 22:57:49 Feb 24 2004
maestro3: Configuring ESS Allegro found at IO 0x2400 IRQ 11
maestro3:  subvendor id: 0x00940e11
ac97_codec: AC97 Audio codec, id: 0x4583:0x8308 (ESS Allegro ES1988)

--Boundary-00=_n4OPABvc6ht7R20
Content-Type: text/plain;
  charset="koi8-r";
  name="dmesg.noaux"
Content-Transfer-Encoding: 7bit
Content-Disposition: attachment; filename="dmesg.noaux"

Linux version 2.6.3 (vk@vklaptop) (gcc version 3.2.2 20030222 (Red Hat Linux 3.2.2-5)) #2 Tue Feb 24 22:48:57 EST 2004
BIOS-provided physical RAM map:
 BIOS-e820: 0000000000000000 - 000000000009fc00 (usable)
 BIOS-e820: 000000000009fc00 - 00000000000a0000 (reserved)
 BIOS-e820: 00000000000e0000 - 0000000000100000 (reserved)
 BIOS-e820: 0000000000100000 - 000000000ffd0000 (usable)
 BIOS-e820: 000000000ffd0000 - 000000000fff0c00 (reserved)
 BIOS-e820: 000000000fff0c00 - 000000000fffc000 (ACPI NVS)
 BIOS-e820: 000000000fffc000 - 0000000010000000 (reserved)
255MB LOWMEM available.
On node 0 totalpages: 65488
  DMA zone: 4096 pages, LIFO batch:1
  Normal zone: 61392 pages, LIFO batch:14
  HighMem zone: 0 pages, LIFO batch:1
DMI 2.3 present.
ACPI: RSDP (v000 COMPAQ                                    ) @ 0x000f9970
ACPI: RSDT (v001 COMPAQ CPQ0030  0x13100120 CPQ  0x00000001) @ 0x0fff0c84
ACPI: FADT (v002 COMPAQ CPQ0030  0x00000002 CPQ  0x00000001) @ 0x0fff0c00
ACPI: SSDT (v001 COMPAQ   CPQCPU 0x00001001 MSFT 0x0100000c) @ 0x0fff7a52
ACPI: SSDT (v001 COMPAQ  CPQGysr 0x00001001 MSFT 0x0100000c) @ 0x0fff7a9d
ACPI: DSDT (v001 COMPAQ EVON600C 0x00010000 MSFT 0x0100000c) @ 0x00000000
Built 1 zonelists
Kernel command line: ro root=/dev/hda5 hdc=ide-scsi i8042.noaux vga=791 acpi=on resume2=swap:/dev/hda3
ide_setup: hdc=ide-scsi
Local APIC disabled by BIOS -- reenabling.
Found and enabled local APIC!
Initializing CPU#0
PID hash table entries: 1024 (order 10: 8192 bytes)
Detected 996.921 MHz processor.
Using tsc for high-res timesource
Console: colour dummy device 80x25
Memory: 255476k/261952k available (1979k kernel code, 5756k reserved, 844k data, 140k init, 0k highmem)
Checking if this processor honours the WP bit even in supervisor mode... Ok.
Calibrating delay loop... 1974.27 BogoMIPS
Dentry cache hash table entries: 32768 (order: 5, 131072 bytes)
Inode-cache hash table entries: 16384 (order: 4, 65536 bytes)
Mount-cache hash table entries: 512 (order: 0, 4096 bytes)
CPU:     After generic identify, caps: 0383fbff 00000000 00000000 00000000
CPU:     After vendor identify, caps: 0383fbff 00000000 00000000 00000000
CPU: L1 I cache: 16K, L1 D cache: 16K
CPU: L2 cache: 512K
CPU:     After all inits, caps: 0383fbff 00000000 00000000 00000040
Intel machine check architecture supported.
Intel machine check reporting enabled on CPU#0.
CPU: Intel(R) Pentium(R) III Mobile CPU      1000MHz stepping 01
Enabling fast FPU save and restore... done.
Enabling unmasked SIMD FPU exception support... done.
Checking 'hlt' instruction... OK.
POSIX conformance testing by UNIFIX
enabled ExtINT on CPU#0
ESR value before enabling vector: 00000000
ESR value after enabling vector: 00000000
Using local APIC timer interrupts.
calibrating APIC timer ...
..... CPU clock speed is 996.0535 MHz.
..... host bus clock speed is 132.0871 MHz.
NET: Registered protocol family 16
PCI: PCI BIOS revision 2.10 entry at 0xf04b7, last bus=4
PCI: Using configuration type 1
mtrr: v2.0 (20020519)
ACPI: Subsystem revision 20040116
    ACPI-0291: *** Info: Table [DSDT] replaced by host OS
ACPI: IRQ9 SCI: Edge set to Level Trigger.
ACPI: Interpreter enabled
ACPI: Using PIC for interrupt routing
ACPI: PCI Root Bridge [C03E] (00:00)
PCI: Probing PCI hardware (bus 00)
Transparent bridge - 0000:00:1e.0
ACPI: PCI Interrupt Routing Table [\_SB_.C03E._PRT]
ACPI: PCI Interrupt Routing Table [\_SB_.C03E.C03F._PRT]
ACPI: PCI Interrupt Routing Table [\_SB_.C03E.C052._PRT]
ACPI: Power Resource [C14E] (on)
ACPI: Power Resource [C16B] (on)
ACPI: Power Resource [C174] (on)
ACPI: PCI Interrupt Link [C0BA] (IRQs 5 10 *11)
ACPI: PCI Interrupt Link [C0BB] (IRQs 5 10 *11)
ACPI: PCI Interrupt Link [C0BC] (IRQs 5 10 *11)
ACPI: PCI Interrupt Link [C0BD] (IRQs 5 10 *11)
ACPI: PCI Interrupt Link [C0BE] (IRQs 5 10 *11)
ACPI: PCI Interrupt Link [C0BF] (IRQs 5 10 *11)
ACPI: PCI Interrupt Link [C0C0] (IRQs 5 10 *11)
ACPI: PCI Interrupt Link [C0C1] (IRQs 5 10 11)
ACPI: Power Resource [C1F3] (off)
ACPI: Power Resource [C1F4] (off)
ACPI: Power Resource [C1F5] (off)
Linux Plug and Play Support v0.97 (c) Adam Belay
Linux Kernel Card Services
  options:  [pci] [pm]
ACPI: PCI Interrupt Link [C0BA] enabled at IRQ 11
ACPI: PCI Interrupt Link [C0BD] enabled at IRQ 11
ACPI: PCI Interrupt Link [C0BC] enabled at IRQ 11
ACPI: PCI Interrupt Link [C0BB] enabled at IRQ 11
ACPI: PCI Interrupt Link [C0C0] enabled at IRQ 11
ACPI: PCI Interrupt Link [C0BF] enabled at IRQ 11
ACPI: PCI Interrupt Link [C0BE] enabled at IRQ 11
PCI: Using ACPI for IRQ routing
PCI: if you experience problems, try using option 'pci=noacpi' or even 'acpi=off'
vesafb: framebuffer at 0x48000000, mapped to 0xd0808000, size 16384k
vesafb: mode is 1024x768x16, linelength=2048, pages=9
vesafb: protected mode interface info at c000:5341
vesafb: scrolling: redraw
vesafb: directcolor: size=0:5:6:5, shift=0:11:5:0
fb0: VESA VGA frame buffer device
IA-32 Microcode Update Driver: v1.13 <tigran@veritas.com>
VFS: Disk quotas dquot_6.5.1
Coda Kernel/Venus communications, v6.0.0, coda@cs.cmu.edu
Installing knfsd (copyright (C) 1996 okir@monad.swb.de).
ACPI: AC Adapter [C1A2] (on-line)
    ACPI-1120: *** Error: Method execution failed [\_SB_.C03E.C053.C0D1.C12E] (Node c12c5220), AE_AML_UNINITIALIZED_LOCAL
    ACPI-1120: *** Error: Method execution failed [\_SB_.C03E.C053.C0D1.C13D] (Node c12c5f40), AE_AML_UNINITIALIZED_LOCAL
    ACPI-1120: *** Error: Method execution failed [\_SB_.C19F._BTP] (Node c12c2a60), AE_AML_UNINITIALIZED_LOCAL
ACPI: Battery Slot [C19F] (battery present)
ACPI: Battery Slot [C1A0] (battery absent)
ACPI: Power Button (FF) [PWRF]
ACPI: Sleep Button (CM) [C1A3]
ACPI: Lid Switch [C1A4]
ACPI: Fan [C1F6] (off)
ACPI: Fan [C1F7] (off)
ACPI: Fan [C1F8] (off)
    ACPI-0352: *** Error: Looking up [\_TZ_.C1D0] in namespace, AE_NOT_FOUND
search_node cff75700 start_node cff75700 return_node 00000000
    ACPI-1120: *** Error: Method execution failed [\_PR_.C000._PPC] (Node cff75700), AE_NOT_FOUND
ACPI: Processor [C000] (supports C1 C2 C3)
ACPI: Thermal Zone [TZ1] (61 C)
Console: switching to colour frame buffer device 128x48
pty: 256 Unix98 ptys configured
Real Time Clock Driver v1.12
eepro100.c:v1.09j-t 9/29/99 Donald Becker http://www.scyld.com/network/eepro100.html
eepro100.c: $Revision: 1.36 $ 2000/11/17 Modified by Andrey V. Savochkin <saw@saw.sw.com.sg> and others
eth0: OEM i82557/i82558 10/100 Ethernet, 00:02:A5:BA:96:FF, IRQ 11.
  Board assembly 000000-000, Physical connectors present: RJ45
  Primary interface chip i82555 PHY #1.
  General self-test: passed.
  Serial sub-system self-test: passed.
  Internal registers self-test: passed.
  ROM checksum self-test: passed (0x04f4518b).
Uniform Multi-Platform E-IDE driver Revision: 7.00alpha2
ide: Assuming 33MHz system bus speed for PIO modes; override with idebus=xx
ICH3M: IDE controller at PCI slot 0000:00:1f.1
PCI: Enabling device 0000:00:1f.1 (0005 -> 0007)
ICH3M: chipset revision 2
ICH3M: not 100% native mode: will probe irqs later
    ide0: BM-DMA at 0x4060-0x4067, BIOS settings: hda:DMA, hdb:pio
    ide1: BM-DMA at 0x4068-0x406f, BIOS settings: hdc:DMA, hdd:pio
hda: TOSHIBA MK2018GAP, ATA DISK drive
Using anticipatory io scheduler
ide0 at 0x1f0-0x1f7,0x3f6 on irq 14
hdc: SD-R2102, ATAPI CD/DVD-ROM drive
ide1 at 0x170-0x177,0x376 on irq 15
hda: max request size: 128KiB
hda: 39070080 sectors (20003 MB), CHS=38760/16/63, UDMA(100)
 hda: hda1 hda2 hda3 hda4 < hda5 hda6 >
Console: switching to colour frame buffer device 128x48
Intel ISA PCIC probe: not found.
Databook TCIC-2 PCMCIA probe: not found.
mice: PS/2 mouse device common for all mice
serio: i8042 KBD port at 0x60,0x64 irq 1
input: AT Translated Set 2 keyboard on isa0060/serio0
NET: Registered protocol family 2
IP: routing cache hash table of 2048 buckets, 16Kbytes
TCP: Hash tables configured (established 16384 bind 32768)
NET: Registered protocol family 1
NET: Registered protocol family 17
PM: Reading pmdisk image.
PM: Resume from disk failed.
ACPI: (supports S0 S1 S3 S4 S4bios S5)
kjournald starting.  Commit interval 5 seconds
EXT3-fs: mounted filesystem with ordered data mode.
VFS: Mounted root (ext3 filesystem) readonly.
Freeing unused kernel memory: 140k freed
drivers/usb/core/usb.c: registered new driver usbfs
drivers/usb/core/usb.c: registered new driver hub
drivers/usb/host/uhci-hcd.c: USB Universal Host Controller Interface driver v2.1
uhci_hcd 0000:00:1d.0: UHCI Host Controller
PCI: Setting latency timer of device 0000:00:1d.0 to 64
uhci_hcd 0000:00:1d.0: irq 11, io base 00004000
uhci_hcd 0000:00:1d.0: new USB bus registered, assigned bus number 1
hub 1-0:1.0: USB hub found
hub 1-0:1.0: 2 ports detected
uhci_hcd 0000:00:1d.1: UHCI Host Controller
PCI: Setting latency timer of device 0000:00:1d.1 to 64
uhci_hcd 0000:00:1d.1: irq 11, io base 00004020
uhci_hcd 0000:00:1d.1: new USB bus registered, assigned bus number 2
hub 2-0:1.0: USB hub found
hub 2-0:1.0: 2 ports detected
uhci_hcd 0000:00:1d.2: UHCI Host Controller
PCI: Setting latency timer of device 0000:00:1d.2 to 64
uhci_hcd 0000:00:1d.2: irq 11, io base 00004040
uhci_hcd 0000:00:1d.2: new USB bus registered, assigned bus number 3
hub 3-0:1.0: USB hub found
hub 3-0:1.0: 2 ports detected
drivers/usb/core/usb.c: registered new driver hiddev
drivers/usb/core/usb.c: registered new driver hid
drivers/usb/input/hid-core.c: v2.0:USB HID core driver
drivers/usb/core/usb.c: registered new driver usbkbd
drivers/usb/input/usbkbd.c: :USB HID Boot Protocol keyboard driver
drivers/usb/core/usb.c: registered new driver usbmouse
drivers/usb/input/usbmouse.c: v1.6:USB HID Boot Protocol mouse driver
EXT3 FS on hda5, internal journal
Adding 2094112k swap on /dev/hda3.  Priority:-1 extents:1
kjournald starting.  Commit interval 5 seconds
EXT3 FS on hda1, internal journal
EXT3-fs: mounted filesystem with ordered data mode.
kjournald starting.  Commit interval 5 seconds
EXT3 FS on hda6, internal journal
EXT3-fs: mounted filesystem with ordered data mode.
kjournald starting.  Commit interval 5 seconds
EXT3 FS on hda2, internal journal
EXT3-fs: mounted filesystem with ordered data mode.
SCSI subsystem initialized
ide-scsi is deprecated for cd burning! Use ide-cd and give dev=/dev/hdX as device
scsi0 : SCSI host adapter emulation for IDE ATAPI devices
  Vendor: TOSHIBA   Model: DVD-ROM SD-R2102  Rev: 1A16
  Type:   CD-ROM                             ANSI SCSI revision: 02
blk: queue c1371c00, I/O limit 4095Mb (mask 0xffffffff)
ip_tables: (C) 2000-2002 Netfilter core team
orinoco.c 0.13e (David Gibson <hermes@gibson.dropbear.id.au> and others)
orinoco_cs.c 0.13e (David Gibson <hermes@gibson.dropbear.id.au> and others)
parport0: PC-style at 0x378 [PCSPP(,...)]
lp0: using parport0 (polling).
maestro3: version 1.23 built at 22:57:49 Feb 24 2004
maestro3: Configuring ESS Allegro found at IO 0x2400 IRQ 11
maestro3:  subvendor id: 0x00940e11
ac97_codec: AC97 Audio codec, id: 0x4583:0x8308 (ESS Allegro ES1988)

--Boundary-00=_n4OPABvc6ht7R20
Content-Type: text/plain;
  charset="koi8-r";
  name="dmesg.nomux"
Content-Transfer-Encoding: 7bit
Content-Disposition: attachment; filename="dmesg.nomux"

Linux version 2.6.3 (vk@vklaptop) (gcc version 3.2.2 20030222 (Red Hat Linux 3.2.2-5)) #2 Tue Feb 24 22:48:57 EST 2004
BIOS-provided physical RAM map:
 BIOS-e820: 0000000000000000 - 000000000009fc00 (usable)
 BIOS-e820: 000000000009fc00 - 00000000000a0000 (reserved)
 BIOS-e820: 00000000000e0000 - 0000000000100000 (reserved)
 BIOS-e820: 0000000000100000 - 000000000ffd0000 (usable)
 BIOS-e820: 000000000ffd0000 - 000000000fff0c00 (reserved)
 BIOS-e820: 000000000fff0c00 - 000000000fffc000 (ACPI NVS)
 BIOS-e820: 000000000fffc000 - 0000000010000000 (reserved)
255MB LOWMEM available.
On node 0 totalpages: 65488
  DMA zone: 4096 pages, LIFO batch:1
  Normal zone: 61392 pages, LIFO batch:14
  HighMem zone: 0 pages, LIFO batch:1
DMI 2.3 present.
ACPI: RSDP (v000 COMPAQ                                    ) @ 0x000f9970
ACPI: RSDT (v001 COMPAQ CPQ0030  0x13100120 CPQ  0x00000001) @ 0x0fff0c84
ACPI: FADT (v002 COMPAQ CPQ0030  0x00000002 CPQ  0x00000001) @ 0x0fff0c00
ACPI: SSDT (v001 COMPAQ   CPQCPU 0x00001001 MSFT 0x0100000c) @ 0x0fff7a52
ACPI: SSDT (v001 COMPAQ  CPQGysr 0x00001001 MSFT 0x0100000c) @ 0x0fff7a9d
ACPI: DSDT (v001 COMPAQ EVON600C 0x00010000 MSFT 0x0100000c) @ 0x00000000
Built 1 zonelists
Kernel command line: ro root=/dev/hda5 hdc=ide-scsi i8042.nomux vga=791 acpi=on resume2=swap:/dev/hda3
ide_setup: hdc=ide-scsi
Local APIC disabled by BIOS -- reenabling.
Found and enabled local APIC!
Initializing CPU#0
PID hash table entries: 1024 (order 10: 8192 bytes)
Detected 996.666 MHz processor.
Using tsc for high-res timesource
Console: colour dummy device 80x25
Memory: 255476k/261952k available (1979k kernel code, 5756k reserved, 844k data, 140k init, 0k highmem)
Checking if this processor honours the WP bit even in supervisor mode... Ok.
Calibrating delay loop... 1974.27 BogoMIPS
Dentry cache hash table entries: 32768 (order: 5, 131072 bytes)
Inode-cache hash table entries: 16384 (order: 4, 65536 bytes)
Mount-cache hash table entries: 512 (order: 0, 4096 bytes)
CPU:     After generic identify, caps: 0383fbff 00000000 00000000 00000000
CPU:     After vendor identify, caps: 0383fbff 00000000 00000000 00000000
CPU: L1 I cache: 16K, L1 D cache: 16K
CPU: L2 cache: 512K
CPU:     After all inits, caps: 0383fbff 00000000 00000000 00000040
Intel machine check architecture supported.
Intel machine check reporting enabled on CPU#0.
CPU: Intel(R) Pentium(R) III Mobile CPU      1000MHz stepping 01
Enabling fast FPU save and restore... done.
Enabling unmasked SIMD FPU exception support... done.
Checking 'hlt' instruction... OK.
POSIX conformance testing by UNIFIX
enabled ExtINT on CPU#0
ESR value before enabling vector: 00000000
ESR value after enabling vector: 00000000
Using local APIC timer interrupts.
calibrating APIC timer ...
..... CPU clock speed is 996.0535 MHz.
..... host bus clock speed is 132.0871 MHz.
NET: Registered protocol family 16
PCI: PCI BIOS revision 2.10 entry at 0xf04b7, last bus=4
PCI: Using configuration type 1
mtrr: v2.0 (20020519)
ACPI: Subsystem revision 20040116
    ACPI-0291: *** Info: Table [DSDT] replaced by host OS
ACPI: IRQ9 SCI: Edge set to Level Trigger.
ACPI: Interpreter enabled
ACPI: Using PIC for interrupt routing
ACPI: PCI Root Bridge [C03E] (00:00)
PCI: Probing PCI hardware (bus 00)
Transparent bridge - 0000:00:1e.0
ACPI: PCI Interrupt Routing Table [\_SB_.C03E._PRT]
ACPI: PCI Interrupt Routing Table [\_SB_.C03E.C03F._PRT]
ACPI: PCI Interrupt Routing Table [\_SB_.C03E.C052._PRT]
ACPI: Power Resource [C14E] (on)
ACPI: Power Resource [C16B] (on)
ACPI: Power Resource [C174] (on)
ACPI: PCI Interrupt Link [C0BA] (IRQs 5 10 *11)
ACPI: PCI Interrupt Link [C0BB] (IRQs 5 10 *11)
ACPI: PCI Interrupt Link [C0BC] (IRQs 5 10 *11)
ACPI: PCI Interrupt Link [C0BD] (IRQs 5 10 *11)
ACPI: PCI Interrupt Link [C0BE] (IRQs 5 10 *11)
ACPI: PCI Interrupt Link [C0BF] (IRQs 5 10 *11)
ACPI: PCI Interrupt Link [C0C0] (IRQs 5 10 *11)
ACPI: PCI Interrupt Link [C0C1] (IRQs 5 10 11)
ACPI: Power Resource [C1F3] (off)
ACPI: Power Resource [C1F4] (off)
ACPI: Power Resource [C1F5] (off)
Linux Plug and Play Support v0.97 (c) Adam Belay
Linux Kernel Card Services
  options:  [pci] [pm]
ACPI: PCI Interrupt Link [C0BA] enabled at IRQ 11
ACPI: PCI Interrupt Link [C0BD] enabled at IRQ 11
ACPI: PCI Interrupt Link [C0BC] enabled at IRQ 11
ACPI: PCI Interrupt Link [C0BB] enabled at IRQ 11
ACPI: PCI Interrupt Link [C0C0] enabled at IRQ 11
ACPI: PCI Interrupt Link [C0BF] enabled at IRQ 11
ACPI: PCI Interrupt Link [C0BE] enabled at IRQ 11
PCI: Using ACPI for IRQ routing
PCI: if you experience problems, try using option 'pci=noacpi' or even 'acpi=off'
vesafb: framebuffer at 0x48000000, mapped to 0xd0808000, size 16384k
vesafb: mode is 1024x768x16, linelength=2048, pages=9
vesafb: protected mode interface info at c000:5341
vesafb: scrolling: redraw
vesafb: directcolor: size=0:5:6:5, shift=0:11:5:0
fb0: VESA VGA frame buffer device
IA-32 Microcode Update Driver: v1.13 <tigran@veritas.com>
VFS: Disk quotas dquot_6.5.1
Coda Kernel/Venus communications, v6.0.0, coda@cs.cmu.edu
Installing knfsd (copyright (C) 1996 okir@monad.swb.de).
ACPI: AC Adapter [C1A2] (on-line)
    ACPI-1120: *** Error: Method execution failed [\_SB_.C03E.C053.C0D1.C12E] (Node c12c5220), AE_AML_UNINITIALIZED_LOCAL
    ACPI-1120: *** Error: Method execution failed [\_SB_.C03E.C053.C0D1.C13D] (Node c12c5f40), AE_AML_UNINITIALIZED_LOCAL
    ACPI-1120: *** Error: Method execution failed [\_SB_.C19F._BTP] (Node c12c2a60), AE_AML_UNINITIALIZED_LOCAL
ACPI: Battery Slot [C19F] (battery present)
ACPI: Battery Slot [C1A0] (battery absent)
ACPI: Power Button (FF) [PWRF]
ACPI: Sleep Button (CM) [C1A3]
ACPI: Lid Switch [C1A4]
ACPI: Fan [C1F6] (off)
ACPI: Fan [C1F7] (off)
ACPI: Fan [C1F8] (off)
    ACPI-0352: *** Error: Looking up [\_TZ_.C1D0] in namespace, AE_NOT_FOUND
search_node cff75700 start_node cff75700 return_node 00000000
    ACPI-1120: *** Error: Method execution failed [\_PR_.C000._PPC] (Node cff75700), AE_NOT_FOUND
ACPI: Processor [C000] (supports C1 C2 C3)
ACPI: Thermal Zone [TZ1] (61 C)
Console: switching to colour frame buffer device 128x48
pty: 256 Unix98 ptys configured
Real Time Clock Driver v1.12
eepro100.c:v1.09j-t 9/29/99 Donald Becker http://www.scyld.com/network/eepro100.html
eepro100.c: $Revision: 1.36 $ 2000/11/17 Modified by Andrey V. Savochkin <saw@saw.sw.com.sg> and others
eth0: OEM i82557/i82558 10/100 Ethernet, 00:02:A5:BA:96:FF, IRQ 11.
  Board assembly 000000-000, Physical connectors present: RJ45
  Primary interface chip i82555 PHY #1.
  General self-test: passed.
  Serial sub-system self-test: passed.
  Internal registers self-test: passed.
  ROM checksum self-test: passed (0x04f4518b).
Uniform Multi-Platform E-IDE driver Revision: 7.00alpha2
ide: Assuming 33MHz system bus speed for PIO modes; override with idebus=xx
ICH3M: IDE controller at PCI slot 0000:00:1f.1
PCI: Enabling device 0000:00:1f.1 (0005 -> 0007)
ICH3M: chipset revision 2
ICH3M: not 100% native mode: will probe irqs later
    ide0: BM-DMA at 0x4060-0x4067, BIOS settings: hda:DMA, hdb:pio
    ide1: BM-DMA at 0x4068-0x406f, BIOS settings: hdc:DMA, hdd:pio
hda: TOSHIBA MK2018GAP, ATA DISK drive
Using anticipatory io scheduler
ide0 at 0x1f0-0x1f7,0x3f6 on irq 14
hdc: SD-R2102, ATAPI CD/DVD-ROM drive
ide1 at 0x170-0x177,0x376 on irq 15
hda: max request size: 128KiB
hda: 39070080 sectors (20003 MB), CHS=38760/16/63, UDMA(100)
 hda: hda1 hda2 hda3 hda4 < hda5 hda6 >
Console: switching to colour frame buffer device 128x48
Intel ISA PCIC probe: not found.
Databook TCIC-2 PCMCIA probe: not found.
mice: PS/2 mouse device common for all mice
serio: i8042 AUX port at 0x60,0x64 irq 12
serio: i8042 KBD port at 0x60,0x64 irq 1
input: AT Translated Set 2 keyboard on isa0060/serio0
NET: Registered protocol family 2
IP: routing cache hash table of 2048 buckets, 16Kbytes
TCP: Hash tables configured (established 16384 bind 32768)
NET: Registered protocol family 1
NET: Registered protocol family 17
PM: Reading pmdisk image.
PM: Resume from disk failed.
ACPI: (supports S0 S1 S3 S4 S4bios S5)
kjournald starting.  Commit interval 5 seconds
EXT3-fs: mounted filesystem with ordered data mode.
VFS: Mounted root (ext3 filesystem) readonly.
Freeing unused kernel memory: 140k freed
drivers/usb/core/usb.c: registered new driver usbfs
drivers/usb/core/usb.c: registered new driver hub
drivers/usb/host/uhci-hcd.c: USB Universal Host Controller Interface driver v2.1
uhci_hcd 0000:00:1d.0: UHCI Host Controller
PCI: Setting latency timer of device 0000:00:1d.0 to 64
uhci_hcd 0000:00:1d.0: irq 11, io base 00004000
uhci_hcd 0000:00:1d.0: new USB bus registered, assigned bus number 1
hub 1-0:1.0: USB hub found
hub 1-0:1.0: 2 ports detected
uhci_hcd 0000:00:1d.1: UHCI Host Controller
PCI: Setting latency timer of device 0000:00:1d.1 to 64
uhci_hcd 0000:00:1d.1: irq 11, io base 00004020
uhci_hcd 0000:00:1d.1: new USB bus registered, assigned bus number 2
hub 2-0:1.0: USB hub found
hub 2-0:1.0: 2 ports detected
uhci_hcd 0000:00:1d.2: UHCI Host Controller
PCI: Setting latency timer of device 0000:00:1d.2 to 64
uhci_hcd 0000:00:1d.2: irq 11, io base 00004040
uhci_hcd 0000:00:1d.2: new USB bus registered, assigned bus number 3
hub 3-0:1.0: USB hub found
hub 3-0:1.0: 2 ports detected
drivers/usb/core/usb.c: registered new driver hiddev
drivers/usb/core/usb.c: registered new driver hid
drivers/usb/input/hid-core.c: v2.0:USB HID core driver
drivers/usb/core/usb.c: registered new driver usbkbd
drivers/usb/input/usbkbd.c: :USB HID Boot Protocol keyboard driver
drivers/usb/core/usb.c: registered new driver usbmouse
drivers/usb/input/usbmouse.c: v1.6:USB HID Boot Protocol mouse driver
EXT3 FS on hda5, internal journal
Adding 2094112k swap on /dev/hda3.  Priority:-1 extents:1
kjournald starting.  Commit interval 5 seconds
EXT3 FS on hda1, internal journal
EXT3-fs: mounted filesystem with ordered data mode.
kjournald starting.  Commit interval 5 seconds
EXT3 FS on hda6, internal journal
EXT3-fs: mounted filesystem with ordered data mode.
kjournald starting.  Commit interval 5 seconds
EXT3 FS on hda2, internal journal
EXT3-fs: mounted filesystem with ordered data mode.
SCSI subsystem initialized
ide-scsi is deprecated for cd burning! Use ide-cd and give dev=/dev/hdX as device
scsi0 : SCSI host adapter emulation for IDE ATAPI devices
  Vendor: TOSHIBA   Model: DVD-ROM SD-R2102  Rev: 1A16
  Type:   CD-ROM                             ANSI SCSI revision: 02
blk: queue c1371c00, I/O limit 4095Mb (mask 0xffffffff)
ip_tables: (C) 2000-2002 Netfilter core team
orinoco.c 0.13e (David Gibson <hermes@gibson.dropbear.id.au> and others)
orinoco_cs.c 0.13e (David Gibson <hermes@gibson.dropbear.id.au> and others)
parport0: PC-style at 0x378 [PCSPP(,...)]
lp0: using parport0 (polling).
maestro3: version 1.23 built at 22:57:49 Feb 24 2004
maestro3: Configuring ESS Allegro found at IO 0x2400 IRQ 11
maestro3:  subvendor id: 0x00940e11
ac97_codec: AC97 Audio codec, id: 0x4583:0x8308 (ESS Allegro ES1988)

--Boundary-00=_n4OPABvc6ht7R20--

