Return-Path: <linux-kernel-owner+willy=40w.ods.org-S265228AbUGDRsv@vger.kernel.org>
Received: (majordomo@vger.kernel.org) by vger.kernel.org via listexpand
	id S265228AbUGDRsv (ORCPT <rfc822;willy@w.ods.org>);
	Sun, 4 Jul 2004 13:48:51 -0400
Received: (majordomo@vger.kernel.org) by vger.kernel.org id S265233AbUGDRsv
	(ORCPT <rfc822;linux-kernel-outgoing>);
	Sun, 4 Jul 2004 13:48:51 -0400
Received: from pfepc.post.tele.dk ([195.41.46.237]:40047 "EHLO
	pfepc.post.tele.dk") by vger.kernel.org with ESMTP id S265228AbUGDRsc
	(ORCPT <rfc822;linux-kernel@vger.kernel.org>);
	Sun, 4 Jul 2004 13:48:32 -0400
Subject: Re: Strange DMA timeouts
From: Lasse Bang Mikkelsen <lbm-list@fatalerror.dk>
To: linux-kernel@vger.kernel.org
In-Reply-To: <1088958931.3205.8.camel@slaptop>
References: <1088958931.3205.8.camel@slaptop>
Content-Type: multipart/mixed; boundary="=-vOKpFUOcoRS4og7TfOJr"
Message-Id: <1088963395.2616.2.camel@slaptop>
Mime-Version: 1.0
X-Mailer: Ximian Evolution 1.4.6 
Date: Sun, 04 Jul 2004 19:49:56 +0200
Sender: linux-kernel-owner@vger.kernel.org
X-Mailing-List: linux-kernel@vger.kernel.org


--=-vOKpFUOcoRS4og7TfOJr
Content-Type: text/plain; charset=UTF-8
Content-Transfer-Encoding: 8bit

sÃ¸n, 2004-07-04 kl. 18:35 skrev Lasse Bang Mikkelsen:

> I keep getting these DMA timeouts under heavy harddrive load, ex. when
> unpacking big tarballs, transfering from USB harddrive etc.
> 
> hda: dma_timer_expiry: dma status == 0x21
> hda: DMA timeout error
> hda: dma timeout error: status=0xd0 { Busy }
> 
> hda: DMA disabled
> ide0: reset: success
> 
> Is this a sign of harddisk failure or could this be a kernel problem?

As requested, output from dmesg, lspci and lspci -vvv attached.

Thanks.

-- 
Regards

Lasse Bang Mikkelsen
lbm@fatalerror.dk

--=-vOKpFUOcoRS4og7TfOJr
Content-Disposition: attachment; filename=dmesg
Content-Type: text/plain; name=dmesg; charset=utf-8
Content-Transfer-Encoding: 7bit

Linux version 2.6.7 (root@slaptop) (gcc version 3.3.4 (Debian)) #1 Wed Jun 23 14:14:07 CEST 2004
BIOS-provided physical RAM map:
 BIOS-e820: 0000000000000000 - 000000000009fc00 (usable)
 BIOS-e820: 000000000009fc00 - 00000000000a0000 (reserved)
 BIOS-e820: 00000000000e0000 - 0000000000100000 (reserved)
 BIOS-e820: 0000000000100000 - 000000001fff0000 (usable)
 BIOS-e820: 000000001fff0000 - 000000001fffffc0 (ACPI data)
 BIOS-e820: 000000001fffffc0 - 0000000020000000 (ACPI NVS)
 BIOS-e820: 00000000ffb80000 - 00000000ffc00000 (reserved)
 BIOS-e820: 00000000fff80000 - 0000000100000000 (reserved)
511MB LOWMEM available.
On node 0 totalpages: 131056
  DMA zone: 4096 pages, LIFO batch:1
  Normal zone: 126960 pages, LIFO batch:16
  HighMem zone: 0 pages, LIFO batch:1
DMI 2.3 present.
ACPI: RSDP (v000 OID_00                                    ) @ 0x000e6010
ACPI: RSDT (v001 INSYDE RSDT_000 0x00000001 _CSI 0x00010101) @ 0x1fffb240
ACPI: FADT (v001 ACER   DCL32    0x00000200 _CSI 0x00010101) @ 0x1ffffb00
ACPI: BOOT (v001 INSYDE SYS_BOOT 0x00000100 _CSI 0x00010101) @ 0x1ffffb90
ACPI: DBGP (v001 INSYDE DBGP_000 0x00000100 _CSI 0x00010101) @ 0x1ffffbc0
ACPI: SSDT (v001 INSYDE   GV3Ref 0x00002000 INTL 0x20021002) @ 0x1fffb280
ACPI: DSDT (v001 ACER     0860   0x00000006 MSFT 0x0100000e) @ 0x00000000
ACPI: PM-Timer IO Port: 0x1008
Built 1 zonelists
Kernel command line: root=/dev/hda1 ro 
Local APIC disabled by BIOS -- reenabling.
Found and enabled local APIC!
Initializing CPU#0
PID hash table entries: 2048 (order 11: 16384 bytes)
Detected 1395.612 MHz processor.
Using pmtmr for high-res timesource
Console: colour VGA+ 80x25
Memory: 514308k/524224k available (3206k kernel code, 9152k reserved, 1191k data, 192k init, 0k highmem)
Checking if this processor honours the WP bit even in supervisor mode... Ok.
Calibrating delay loop... 2768.89 BogoMIPS
Dentry cache hash table entries: 65536 (order: 6, 262144 bytes)
Inode-cache hash table entries: 32768 (order: 5, 131072 bytes)
Mount-cache hash table entries: 512 (order: 0, 4096 bytes)
CPU:     After generic identify, caps: a7e9fbbf 00000000 00000000 00000000
CPU:     After vendor identify, caps: a7e9fbbf 00000000 00000000 00000000
CPU: L1 I cache: 32K, L1 D cache: 32K
CPU: L2 cache: 1024K
CPU:     After all inits, caps: a7e9fbbf 00000000 00000000 00000040
Intel machine check architecture supported.
Intel machine check reporting enabled on CPU#0.
CPU: Intel(R) Pentium(R) M processor 1400MHz stepping 05
Enabling fast FPU save and restore... done.
Enabling unmasked SIMD FPU exception support... done.
Checking 'hlt' instruction... OK.
enabled ExtINT on CPU#0
ESR value before enabling vector: 00000000
ESR value after enabling vector: 00000000
Using local APIC timer interrupts.
calibrating APIC timer ...
..... CPU clock speed is 1395.0273 MHz.
..... host bus clock speed is 99.0662 MHz.
NET: Registered protocol family 16
PCI: PCI BIOS revision 2.10 entry at 0xe97a4, last bus=2
PCI: Using configuration type 1
mtrr: v2.0 (20020519)
ACPI: Subsystem revision 20040326
ACPI: IRQ9 SCI: Edge set to Level Trigger.
ACPI: Interpreter enabled
ACPI: Using PIC for interrupt routing
ACPI: PCI Root Bridge [PCI0] (00:00)
PCI: Probing PCI hardware (bus 00)
PCI: Ignoring BAR0-3 of IDE controller 0000:00:1f.1
PCI: Transparent bridge - 0000:00:1e.0
ACPI: PCI Interrupt Routing Table [\_SB_.PCI0._PRT]
ACPI: PCI Interrupt Routing Table [\_SB_.PCI0.AGPB._PRT]
ACPI: PCI Interrupt Routing Table [\_SB_.PCI0.HUB_._PRT]
ACPI: PCI Interrupt Link [LNKA] (IRQs 5 *10)
ACPI: PCI Interrupt Link [LNKB] (IRQs 5 10) *11
ACPI: PCI Interrupt Link [LNKC] (IRQs 5 10) *11
ACPI: PCI Interrupt Link [LNKD] (IRQs 5 10) *11
ACPI: PCI Interrupt Link [LNKE] (IRQs 3 4 5 7 10 11 12 14 15) *0, disabled.
ACPI: PCI Interrupt Link [LNKF] (IRQs 3 4 5 7 10 11 12 14 15) *0, disabled.
ACPI: PCI Interrupt Link [LNKG] (IRQs 3 4 5 7 10 11 12 14 15) *0, disabled.
ACPI: PCI Interrupt Link [LNKH] (IRQs 5 10) *11
ACPI: Embedded Controller [EC0] (gpe 28)
Linux Plug and Play Support v0.97 (c) Adam Belay
SCSI subsystem initialized
usbcore: registered new driver usbfs
usbcore: registered new driver hub
ACPI: PCI Interrupt Link [LNKA] enabled at IRQ 10
ACPI: PCI Interrupt Link [LNKD] enabled at IRQ 10
ACPI: PCI Interrupt Link [LNKC] enabled at IRQ 10
ACPI: PCI Interrupt Link [LNKH] enabled at IRQ 10
ACPI: PCI Interrupt Link [LNKB] enabled at IRQ 10
PCI: Using ACPI for IRQ routing
Simple Boot Flag at 0x37 set to 0x80
Machine check exception polling timer started.
audit: initializing netlink socket (disabled)
audit(1088967657.848:0): initialized
Installing knfsd (copyright (C) 1996 okir@monad.swb.de).
NTFS driver 2.1.14 [Flags: R/O].
udf: registering filesystem
ACPI: AC Adapter [ACAD] (off-line)
ACPI: Battery Slot [BAT1] (battery present)
ACPI: Power Button (FF) [PWRF]
ACPI: Lid Switch [LID]
ACPI: Processor [CPU0] (supports C1 C2 C3, 8 throttling states)
Real Time Clock Driver v1.12
Linux agpgart interface v0.100 (c) Dave Jones
agpgart: Detected an Intel 855PM Chipset.
agpgart: Maximum main memory to use for agp memory: 439M
agpgart: AGP aperture is 64M @ 0xb0000000
Serial: 8250/16550 driver $Revision: 1.90 $ 8 ports, IRQ sharing disabled
ttyS1 at I/O 0x2f8 (irq = 3) is a 16550A
parport0: PC-style at 0x378 (0x778) [PCSPP(,...)]
parport0: irq 5 detected
Using anticipatory io scheduler
floppy0: no floppy controllers found
loop: loaded (max 8 devices)
8139too Fast Ethernet driver 0.9.27
eth0: RealTek RTL8139 at 0xa000, 00:02:3f:10:10:6b, IRQ 10
eth0:  Identified 8139 chip type 'RTL-8101'
Uniform Multi-Platform E-IDE driver Revision: 7.00alpha2
ide: Assuming 33MHz system bus speed for PIO modes; override with idebus=xx
ICH4: IDE controller at PCI slot 0000:00:1f.1
PCI: Enabling device 0000:00:1f.1 (0005 -> 0007)
ICH4: chipset revision 3
ICH4: not 100% native mode: will probe irqs later
    ide0: BM-DMA at 0x1100-0x1107, BIOS settings: hda:DMA, hdb:pio
    ide1: BM-DMA at 0x1108-0x110f, BIOS settings: hdc:DMA, hdd:pio
hda: IC25N040ATMR04-0, ATA DISK drive
ide0 at 0x1f0-0x1f7,0x3f6 on irq 14
hdc: MATSHITACD-RW CW-8123, ATAPI CD/DVD-ROM drive
ide1 at 0x170-0x177,0x376 on irq 15
hda: max request size: 1024KiB
hda: 78140160 sectors (40007 MB) w/1740KiB Cache, CHS=16383/255/63, UDMA(100)
 hda: hda1 hda2 hda3 hda4
hdc: ATAPI 24X DVD-ROM CD-R/RW drive, 2048kB Cache, UDMA(33)
Uniform CD-ROM driver Revision: 3.20
ohci1394: $Rev: 1223 $ Ben Collins <bcollins@debian.org>
ohci1394: fw-host0: OHCI-1394 1.1 (PCI): IRQ=[10]  MMIO=[d0001800-d0001fff]  Max Packet=[2048]
video1394: Installed video1394 module
ieee1394: raw1394: /dev/raw1394 device initialized
sbp2: $Rev: 1219 $ Ben Collins <bcollins@debian.org>
ieee1394: Loaded AMDTP driver
ieee1394: Loaded CMP driver
ehci_hcd 0000:00:1d.7: Intel Corp. 82801DB (ICH4) USB2 EHCI Controller
PCI: Setting latency timer of device 0000:00:1d.7 to 64
ehci_hcd 0000:00:1d.7: irq 10, pci mem e0850000
ehci_hcd 0000:00:1d.7: new USB bus registered, assigned bus number 1
PCI: cache line size of 32 is not supported by device 0000:00:1d.7
ehci_hcd 0000:00:1d.7: USB 2.0 enabled, EHCI 1.00, driver 2004-May-10
hub 1-0:1.0: USB hub found
hub 1-0:1.0: 6 ports detected
USB Universal Host Controller Interface driver v2.2
uhci_hcd 0000:00:1d.0: Intel Corp. 82801DB (ICH4) USB UHCI #1
PCI: Setting latency timer of device 0000:00:1d.0 to 64
uhci_hcd 0000:00:1d.0: irq 10, io base 00001200
uhci_hcd 0000:00:1d.0: new USB bus registered, assigned bus number 2
hub 2-0:1.0: USB hub found
hub 2-0:1.0: 2 ports detected
uhci_hcd 0000:00:1d.1: Intel Corp. 82801DB (ICH4) USB UHCI #2
PCI: Setting latency timer of device 0000:00:1d.1 to 64
uhci_hcd 0000:00:1d.1: irq 10, io base 00001600
uhci_hcd 0000:00:1d.1: new USB bus registered, assigned bus number 3
hub 3-0:1.0: USB hub found
hub 3-0:1.0: 2 ports detected
uhci_hcd 0000:00:1d.2: Intel Corp. 82801DB (ICH4) USB UHCI #3
PCI: Setting latency timer of device 0000:00:1d.2 to 64
uhci_hcd 0000:00:1d.2: irq 10, io base 00001700
uhci_hcd 0000:00:1d.2: new USB bus registered, assigned bus number 4
hub 4-0:1.0: USB hub found
hub 4-0:1.0: 2 ports detected
usbcore: registered new driver usblp
drivers/usb/class/usblp.c: v0.13: USB Printer Device Class driver
Initializing USB Mass Storage driver...
usbcore: registered new driver usb-storage
USB Mass Storage support registered.
usbcore: registered new driver usbhid
drivers/usb/input/hid-core.c: v2.0:USB HID core driver
drivers/usb/serial/usb-serial.c: USB Serial support registered for Generic
usbcore: registered new driver usbserial
drivers/usb/serial/usb-serial.c: USB Serial Driver core v2.0
drivers/usb/serial/usb-serial.c: USB Serial support registered for PL-2303
usbcore: registered new driver pl2303
drivers/usb/serial/pl2303.c: Prolific PL2303 USB to serial adaptor driver v0.10
mice: PS/2 mouse device common for all mice
i8042.c: Detected active multiplexing controller, rev 1.1.
serio: i8042 AUX0 port at 0x60,0x64 irq 12
serio: i8042 AUX1 port at 0x60,0x64 irq 12
serio: i8042 AUX2 port at 0x60,0x64 irq 12
serio: i8042 AUX3 port at 0x60,0x64 irq 12
Synaptics Touchpad, model: 1
 Firmware: 5.9
 Sensor: 18
 new absolute packet format
 Touchpad has extended capability bits
 -> 4 multi-buttons, i.e. besides standard buttons
 -> multifinger detection
 -> palm detection
input: SynPS/2 Synaptics TouchPad on isa0060/serio4
serio: i8042 KBD port at 0x60,0x64 irq 1
input: AT Translated Set 2 keyboard on isa0060/serio0
Advanced Linux Sound Architecture Driver Version 1.0.4 (Mon May 17 14:31:44 2004 UTC).
PCI: Setting latency timer of device 0000:00:1f.5 to 64
ieee1394: Host added: ID:BUS[0-00:1023]  GUID[00023f3b450026ca]
usb 2-2: new low speed USB device using address 2
intel8x0_measure_ac97_clock: measured 49599 usecs
intel8x0: clocking to 48000
ALSA device list:
  #0: Intel 82801DB-ICH4 at 0xf0000400, irq 10
oprofile: using NMI interrupt.
NET: Registered protocol family 2
IP: routing cache hash table of 4096 buckets, 32Kbytes
TCP: Hash tables configured (established 32768 bind 65536)
ip_conntrack version 2.1 (4095 buckets, 32760 max) - 296 bytes per conntrack
input: USB HID v1.10 Mouse [B16_b_02 USB-PS/2 Optical Mouse] on usb-0000:00:1d.0-2
ip_tables: (C) 2000-2002 Netfilter core team
ipt_recent v0.3.1: Stephen Frost <sfrost@snowman.net>.  http://snowman.net/projects/ipt_recent/
arp_tables: (C) 2002 David S. Miller
NET: Registered protocol family 1
NET: Registered protocol family 10
IPv6 over IPv4 tunneling driver
NET: Registered protocol family 17
ACPI: (supports S0 S3 S4 S4bios S5)
kjournald starting.  Commit interval 5 seconds
EXT3-fs: mounted filesystem with ordered data mode.
VFS: Mounted root (ext3 filesystem) readonly.
Freeing unused kernel memory: 192k freed
Adding 498004k swap on /dev/hda3.  Priority:-1 extents:1
EXT3-fs warning: maximal mount count reached, running e2fsck is recommended
EXT3 FS on hda1, internal journal
kjournald starting.  Commit interval 5 seconds
EXT3-fs warning: maximal mount count reached, running e2fsck is recommended
EXT3 FS on hda4, internal journal
EXT3-fs: mounted filesystem with ordered data mode.
ndiswrapper version 0.8 loaded
ndiswrapper adding w22n51.sys
wlan0: ndiswrapper ethernet device 00:0e:35:0f:a2:f7 using driver w22n51.sys
wlan0: duplicate address detected!
hda: dma_timer_expiry: dma status == 0x21
hda: DMA timeout error
hda: dma timeout error: status=0xd0 { Busy }

hda: DMA disabled
ide0: reset: success
hda: dma_timer_expiry: dma status == 0x21
hda: DMA timeout error
hda: dma timeout error: status=0xd0 { Busy }

hda: DMA disabled
ide0: reset: success
hda: dma_timer_expiry: dma status == 0x21
hda: DMA timeout error
hda: dma timeout error: status=0xd0 { Busy }

hda: DMA disabled
ide0: reset: success
spurious 8259A interrupt: IRQ7.
hda: dma_timer_expiry: dma status == 0x21
hda: DMA timeout error
hda: dma timeout error: status=0xd0 { Busy }

hda: DMA disabled
ide0: reset: success

--=-vOKpFUOcoRS4og7TfOJr
Content-Disposition: attachment; filename=lspci
Content-Type: text/plain; name=lspci; charset=utf-8
Content-Transfer-Encoding: 7bit

0000:00:00.0 Host bridge: Intel Corp. 82855PM Processor to I/O Controller (rev 21)
0000:00:01.0 PCI bridge: Intel Corp. 82855PM Processor to AGP Controller (rev 21)
0000:00:1d.0 USB Controller: Intel Corp. 82801DB (ICH4) USB UHCI #1 (rev 03)
0000:00:1d.1 USB Controller: Intel Corp. 82801DB (ICH4) USB UHCI #2 (rev 03)
0000:00:1d.2 USB Controller: Intel Corp. 82801DB (ICH4) USB UHCI #3 (rev 03)
0000:00:1d.7 USB Controller: Intel Corp. 82801DB (ICH4) USB2 EHCI Controller (rev 03)
0000:00:1e.0 PCI bridge: Intel Corp. 82801BAM/CAM PCI Bridge (rev 83)
0000:00:1f.0 ISA bridge: Intel Corp. 82801DBM LPC Interface Controller (rev 03)
0000:00:1f.1 IDE interface: Intel Corp. 82801DBM (ICH4) Ultra ATA Storage Controller (rev 03)
0000:00:1f.3 SMBus: Intel Corp. 82801DB/DBM (ICH4) SMBus Controller (rev 03)
0000:00:1f.5 Multimedia audio controller: Intel Corp. 82801DB (ICH4) AC'97 Audio Controller (rev 03)
0000:00:1f.6 Modem: Intel Corp. 82801DB (ICH4) AC'97 Modem Controller (rev 03)
0000:01:00.0 VGA compatible controller: ATI Technologies Inc RV250 5c61 [Radeon Mobility 9200 M9+] (rev 01)
0000:02:00.0 FireWire (IEEE 1394): Texas Instruments TSB43AB21 IEEE-1394a-2000 Controller (PHY/Link)
0000:02:01.0 Ethernet controller: Realtek Semiconductor Co., Ltd. RTL-8139/8139C/8139C+ (rev 10)
0000:02:02.0 Network controller: Intel Corp. Intel(R) PRO/Wireless 2200BG (rev 05)
0000:02:04.0 CardBus bridge: ENE Technology Inc CB1410 Cardbus Controller (rev 01)

--=-vOKpFUOcoRS4og7TfOJr
Content-Disposition: attachment; filename=lspci-vvv
Content-Type: text/plain; name=lspci-vvv; charset=utf-8
Content-Transfer-Encoding: 7bit

0000:00:00.0 Host bridge: Intel Corp. 82855PM Processor to I/O Controller (rev 21)
	Subsystem: Acer Incorporated [ALI]: Unknown device 003c
	Control: I/O- Mem+ BusMaster+ SpecCycle- MemWINV- VGASnoop- ParErr- Stepping- SERR- FastB2B-
	Status: Cap+ 66MHz- UDF- FastB2B+ ParErr- DEVSEL=fast >TAbort- <TAbort- <MAbort+ >SERR- <PERR-
	Latency: 0
	Region 0: Memory at b0000000 (32-bit, prefetchable)
	Capabilities: <available only to root>

0000:00:01.0 PCI bridge: Intel Corp. 82855PM Processor to AGP Controller (rev 21) (prog-if 00 [Normal decode])
	Control: I/O+ Mem+ BusMaster+ SpecCycle- MemWINV- VGASnoop- ParErr- Stepping- SERR+ FastB2B-
	Status: Cap- 66MHz+ UDF- FastB2B+ ParErr- DEVSEL=fast >TAbort- <TAbort- <MAbort- >SERR- <PERR-
	Latency: 128
	Bus: primary=00, secondary=01, subordinate=01, sec-latency=32
	I/O behind bridge: 0000c000-0000dfff
	Memory behind bridge: e0000000-efffffff
	Prefetchable memory behind bridge: a0000000-afffffff
	Expansion ROM at 0000c000 [disabled] [size=8K]
	BridgeCtl: Parity- SERR+ NoISA- VGA+ MAbort- >Reset- FastB2B-

0000:00:1d.0 USB Controller: Intel Corp. 82801DB (ICH4) USB UHCI #1 (rev 03) (prog-if 00 [UHCI])
	Subsystem: Acer Incorporated [ALI]: Unknown device 003c
	Control: I/O+ Mem- BusMaster+ SpecCycle- MemWINV- VGASnoop- ParErr- Stepping- SERR- FastB2B-
	Status: Cap- 66MHz- UDF- FastB2B+ ParErr- DEVSEL=medium >TAbort- <TAbort- <MAbort- >SERR- <PERR-
	Latency: 0
	Interrupt: pin A routed to IRQ 10
	Region 4: I/O ports at 1200 [size=32]

0000:00:1d.1 USB Controller: Intel Corp. 82801DB (ICH4) USB UHCI #2 (rev 03) (prog-if 00 [UHCI])
	Subsystem: Acer Incorporated [ALI]: Unknown device 003c
	Control: I/O+ Mem- BusMaster+ SpecCycle- MemWINV- VGASnoop- ParErr- Stepping- SERR- FastB2B-
	Status: Cap- 66MHz- UDF- FastB2B+ ParErr- DEVSEL=medium >TAbort- <TAbort- <MAbort- >SERR- <PERR-
	Latency: 0
	Interrupt: pin B routed to IRQ 10
	Region 4: I/O ports at 1600 [size=32]

0000:00:1d.2 USB Controller: Intel Corp. 82801DB (ICH4) USB UHCI #3 (rev 03) (prog-if 00 [UHCI])
	Subsystem: Acer Incorporated [ALI]: Unknown device 003c
	Control: I/O+ Mem- BusMaster+ SpecCycle- MemWINV- VGASnoop- ParErr- Stepping- SERR- FastB2B-
	Status: Cap- 66MHz- UDF- FastB2B+ ParErr- DEVSEL=medium >TAbort- <TAbort- <MAbort- >SERR- <PERR-
	Latency: 0
	Interrupt: pin C routed to IRQ 10
	Region 4: I/O ports at 1700 [size=32]

0000:00:1d.7 USB Controller: Intel Corp. 82801DB (ICH4) USB2 EHCI Controller (rev 03) (prog-if 20 [EHCI])
	Subsystem: Acer Incorporated [ALI]: Unknown device 003c
	Control: I/O- Mem+ BusMaster+ SpecCycle- MemWINV- VGASnoop- ParErr- Stepping- SERR- FastB2B-
	Status: Cap+ 66MHz- UDF- FastB2B+ ParErr- DEVSEL=medium >TAbort- <TAbort- <MAbort- >SERR- <PERR-
	Latency: 0
	Interrupt: pin D routed to IRQ 10
	Region 0: Memory at f4000000 (32-bit, non-prefetchable)
	Capabilities: <available only to root>

0000:00:1e.0 PCI bridge: Intel Corp. 82801BAM/CAM PCI Bridge (rev 83) (prog-if 00 [Normal decode])
	Control: I/O+ Mem+ BusMaster+ SpecCycle- MemWINV- VGASnoop- ParErr- Stepping- SERR+ FastB2B-
	Status: Cap- 66MHz- UDF- FastB2B+ ParErr- DEVSEL=fast >TAbort- <TAbort- <MAbort- >SERR- <PERR+
	Latency: 0
	Bus: primary=00, secondary=02, subordinate=02, sec-latency=32
	I/O behind bridge: 0000a000-0000bfff
	Memory behind bridge: d0000000-dfffffff
	Prefetchable memory behind bridge: 90000000-9fffffff
	BridgeCtl: Parity- SERR+ NoISA- VGA- MAbort- >Reset- FastB2B-

0000:00:1f.0 ISA bridge: Intel Corp. 82801DBM LPC Interface Controller (rev 03)
	Control: I/O+ Mem+ BusMaster+ SpecCycle+ MemWINV- VGASnoop- ParErr- Stepping- SERR- FastB2B-
	Status: Cap- 66MHz- UDF- FastB2B+ ParErr- DEVSEL=medium >TAbort- <TAbort- <MAbort- >SERR- <PERR-
	Latency: 0

0000:00:1f.1 IDE interface: Intel Corp. 82801DBM (ICH4) Ultra ATA Storage Controller (rev 03) (prog-if 8a [Master SecP PriP])
	Subsystem: Acer Incorporated [ALI]: Unknown device 003c
	Control: I/O+ Mem+ BusMaster+ SpecCycle- MemWINV- VGASnoop- ParErr- Stepping- SERR- FastB2B-
	Status: Cap- 66MHz- UDF- FastB2B+ ParErr- DEVSEL=medium >TAbort- <TAbort- <MAbort- >SERR- <PERR-
	Latency: 0
	Interrupt: pin A routed to IRQ 10
	Region 0: I/O ports at <unassigned>
	Region 1: I/O ports at <unassigned>
	Region 2: I/O ports at <unassigned>
	Region 3: I/O ports at <unassigned>
	Region 4: I/O ports at 1100 [size=16]
	Region 5: Memory at 20000000 (32-bit, non-prefetchable) [size=1K]

0000:00:1f.3 SMBus: Intel Corp. 82801DB/DBM (ICH4) SMBus Controller (rev 03)
	Subsystem: Acer Incorporated [ALI]: Unknown device 003c
	Control: I/O+ Mem- BusMaster- SpecCycle- MemWINV- VGASnoop- ParErr- Stepping- SERR- FastB2B-
	Status: Cap- 66MHz- UDF- FastB2B+ ParErr- DEVSEL=medium >TAbort- <TAbort- <MAbort- >SERR- <PERR-
	Interrupt: pin B routed to IRQ 10
	Region 4: I/O ports at 1400 [size=32]

0000:00:1f.5 Multimedia audio controller: Intel Corp. 82801DB (ICH4) AC'97 Audio Controller (rev 03)
	Subsystem: Acer Incorporated [ALI]: Unknown device 003c
	Control: I/O+ Mem+ BusMaster+ SpecCycle- MemWINV- VGASnoop- ParErr- Stepping- SERR- FastB2B-
	Status: Cap+ 66MHz- UDF- FastB2B+ ParErr- DEVSEL=medium >TAbort- <TAbort- <MAbort- >SERR- <PERR-
	Latency: 0
	Interrupt: pin B routed to IRQ 10
	Region 0: I/O ports at e000
	Region 1: I/O ports at e100 [size=64]
	Region 2: Memory at f0000400 (32-bit, non-prefetchable) [size=512]
	Region 3: Memory at f0000600 (32-bit, non-prefetchable) [size=256]
	Capabilities: <available only to root>

0000:00:1f.6 Modem: Intel Corp. 82801DB (ICH4) AC'97 Modem Controller (rev 03) (prog-if 00 [Generic])
	Subsystem: Acer Incorporated [ALI]: Unknown device 003c
	Control: I/O+ Mem- BusMaster- SpecCycle- MemWINV- VGASnoop- ParErr- Stepping- SERR- FastB2B-
	Status: Cap+ 66MHz- UDF- FastB2B+ ParErr- DEVSEL=medium >TAbort- <TAbort- <MAbort- >SERR- <PERR-
	Interrupt: pin B routed to IRQ 10
	Region 0: I/O ports at e200
	Region 1: I/O ports at e300 [size=128]
	Capabilities: <available only to root>

0000:01:00.0 VGA compatible controller: ATI Technologies Inc RV250 5c61 [Radeon Mobility 9200 M9+] (rev 01) (prog-if 00 [VGA])
	Subsystem: Acer Incorporated [ALI]: Unknown device 003c
	Control: I/O+ Mem+ BusMaster+ SpecCycle- MemWINV- VGASnoop- ParErr- Stepping- SERR- FastB2B-
	Status: Cap+ 66MHz+ UDF- FastB2B+ ParErr- DEVSEL=medium >TAbort- <TAbort- <MAbort- >SERR- <PERR-
	Latency: 255 (2000ns min), Cache Line Size: 0x04 (16 bytes)
	Interrupt: pin A routed to IRQ 10
	Region 0: Memory at a8000000 (32-bit, prefetchable)
	Region 1: I/O ports at c100 [size=256]
	Region 2: Memory at e0010000 (32-bit, non-prefetchable) [size=64K]
	Capabilities: <available only to root>

0000:02:00.0 FireWire (IEEE 1394): Texas Instruments TSB43AB21 IEEE-1394a-2000 Controller (PHY/Link) (prog-if 10 [OHCI])
	Subsystem: Acer Incorporated [ALI]: Unknown device 003c
	Control: I/O- Mem+ BusMaster+ SpecCycle- MemWINV- VGASnoop- ParErr- Stepping- SERR- FastB2B-
	Status: Cap+ 66MHz- UDF- FastB2B- ParErr- DEVSEL=medium >TAbort- <TAbort- <MAbort- >SERR- <PERR-
	Latency: 128 (500ns min, 1000ns max), Cache Line Size: 0x04 (16 bytes)
	Interrupt: pin A routed to IRQ 10
	Region 0: Memory at d0001800 (32-bit, non-prefetchable)
	Region 1: Memory at d0004000 (32-bit, non-prefetchable) [size=16K]
	Capabilities: <available only to root>

0000:02:01.0 Ethernet controller: Realtek Semiconductor Co., Ltd. RTL-8139/8139C/8139C+ (rev 10)
	Subsystem: Acer Incorporated [ALI]: Unknown device 003c
	Control: I/O+ Mem+ BusMaster+ SpecCycle- MemWINV- VGASnoop- ParErr- Stepping- SERR- FastB2B-
	Status: Cap+ 66MHz- UDF- FastB2B+ ParErr- DEVSEL=medium >TAbort- <TAbort- <MAbort- >SERR- <PERR-
	Latency: 128 (8000ns min, 16000ns max)
	Interrupt: pin A routed to IRQ 10
	Region 0: I/O ports at a000
	Region 1: Memory at d0001000 (32-bit, non-prefetchable) [size=256]
	Capabilities: <available only to root>

0000:02:02.0 Network controller: Intel Corp. Intel(R) PRO/Wireless 2200BG (rev 05)
	Subsystem: Intel Corp.: Unknown device 2701
	Control: I/O- Mem+ BusMaster+ SpecCycle- MemWINV- VGASnoop- ParErr- Stepping- SERR- FastB2B-
	Status: Cap+ 66MHz- UDF- FastB2B+ ParErr- DEVSEL=medium >TAbort- <TAbort- <MAbort- >SERR- <PERR-
	Latency: 128 (750ns min, 6000ns max)
	Interrupt: pin A routed to IRQ 10
	Region 0: Memory at d0000000 (32-bit, non-prefetchable)
	Capabilities: <available only to root>

0000:02:04.0 CardBus bridge: ENE Technology Inc CB1410 Cardbus Controller (rev 01)
	Subsystem: Acer Incorporated [ALI]: Unknown device 003c
	Control: I/O+ Mem+ BusMaster+ SpecCycle- MemWINV- VGASnoop- ParErr- Stepping- SERR- FastB2B-
	Status: Cap+ 66MHz- UDF- FastB2B- ParErr- DEVSEL=medium >TAbort- <TAbort- <MAbort- >SERR- <PERR-
	Latency: 128, Cache Line Size: 0x08 (32 bytes)
	Interrupt: pin A routed to IRQ 10
	Region 0: Memory at 90100000 (32-bit, non-prefetchable)
	Bus: primary=02, secondary=03, subordinate=06, sec-latency=176
	Memory window 0: 00000000-00000000
	Memory window 1: 00000000-00000000
	I/O window 0: 00000000-00000003
	I/O window 1: 00000000-00000003
	BridgeCtl: Parity- SERR- ISA- VGA- MAbort- >Reset+ 16bInt+ PostWrite-
	16-bit legacy interface ports at 0001


--=-vOKpFUOcoRS4og7TfOJr--

