Return-Path: <linux-kernel-owner@vger.kernel.org>
Received: (majordomo@vger.kernel.org) by vger.kernel.org via listexpand
	id <S261547AbRE0KrG>; Sun, 27 May 2001 06:47:06 -0400
Received: (majordomo@vger.kernel.org) by vger.kernel.org
	id <S261550AbRE0Kqs>; Sun, 27 May 2001 06:46:48 -0400
Received: from [213.128.193.148] ([213.128.193.148]:41229 "EHLO linuxhacker.ru")
	by vger.kernel.org with ESMTP id <S261547AbRE0Kqf>;
	Sun, 27 May 2001 06:46:35 -0400
Date: Sun, 27 May 2001 14:43:37 +0400
From: Oleg Drokin <green@linuxhacker.ru>
To: alan@lxorguk.ukuu.org.uk, vojtech@suse.cz, linux-kernel@vger.kernel.org
Subject: VIA IDE no go with 2.4.5-ac1
Message-ID: <20010527144337.A15235@linuxhacker.ru>
Mime-Version: 1.0
Content-Type: text/plain; charset=us-ascii
X-Mailer: Mutt 1.0.1i
Sender: linux-kernel-owner@vger.kernel.org
X-Mailing-List: linux-kernel@vger.kernel.org

Hello!

  I decided to try 2.4.5-ac1 on this box and it failed miserably.
  This is what I have:
00:07.1 IDE interface: VIA Technologies, Inc. Bus Master IDE (rev 06) (prog-if 8a [Master SecP PriP])
        Subsystem: VIA Technologies, Inc. Bus Master IDE
        Flags: bus master, medium devsel, latency 32
        I/O ports at c000 [size=16]
        Capabilities: [c0] Power Management version 2

  Box itself is SMP, motherboard is ABit VP6.
  Vanilla 2.4.5 boots ok, but 2.4.5-ac1 finishes kernel initialisation and
  starts to print "hda: lost interrupt", I guess this is related to VIA IDE
  updates in AC kernels. Config for vanilla and AC kernel is the same.
  Here are the kernel logs from 2.4.5 and 2.4.5-ac1 (collected with serial
  console) and kernel config.
  2.4.5 boot log:
Linux version 2.4.5 (root@car.homenet) (gcc version 2.96 20000731 (Red Hat Linux 7.1 2.96-84)) #6 SMP Sat May 26 22:48:10 MSD 2001
BIOS-provided physical RAM map:
 BIOS-e820: 0000000000000000 - 000000000009fc00 (usable)
 BIOS-e820: 000000000009fc00 - 00000000000a0000 (reserved)
 BIOS-e820: 00000000000f0000 - 0000000000100000 (reserved)
 BIOS-e820: 0000000000100000 - 0000000017ff0000 (usable)
 BIOS-e820: 0000000017ff0000 - 0000000017ff3000 (ACPI NVS)
 BIOS-e820: 0000000017ff3000 - 0000000018000000 (ACPI data)
 BIOS-e820: 00000000fec00000 - 00000000fec01000 (reserved)
 BIOS-e820: 00000000fee00000 - 00000000fee01000 (reserved)
 BIOS-e820: 00000000ffff0000 - 0000000100000000 (reserved)
Scan SMP from c0000000 for 1024 bytes.
Scan SMP from c009fc00 for 1024 bytes.
Scan SMP from c00f0000 for 65536 bytes.
found SMP MP-table at 000f5770
hm, page 000f5000 reserved twice.
hm, page 000f6000 reserved twice.
hm, page 000f1000 reserved twice.
hm, page 000f2000 reserved twice.
On node 0 totalpages: 98288
zone(0): 4096 pages.
zone(1): 94192 pages.
zone(2): 0 pages.
Intel MultiProcessor Specification v1.4
    Virtual Wire compatibility mode.
OEM ID: OEM00000 Product ID: PROD00000000 APIC at: 0xFEE00000
Processor #0 Pentium(tm) Pro APIC version 17
    Floating point unit present.
    Machine Exception supported.
    64 bit compare & exchange supported.
    Internal APIC present.
    SEP present.
    MTRR  present.
    PGE  present.
    MCA  present.
    CMOV  present.
    Bootup CPU
Processor #1 Pentium(tm) Pro APIC version 17
    Floating point unit present.
    Machine Exception supported.
    64 bit compare & exchange supported.
    Internal APIC present.
    SEP present.
    MTRR  present.
    PGE  present.
    MCA  present.
    CMOV  present.
Bus #0 is PCI   
Bus #1 is PCI   
Bus #2 is ISA   
I/O APIC #2 Version 17 at 0xFEC00000.
Int: type 3, pol 0, trig 0, bus 2, IRQ 00, APIC ID 2, APIC INT 00
Int: type 0, pol 0, trig 0, bus 2, IRQ 01, APIC ID 2, APIC INT 01
Int: type 0, pol 0, trig 0, bus 2, IRQ 00, APIC ID 2, APIC INT 02
Int: type 0, pol 0, trig 0, bus 2, IRQ 03, APIC ID 2, APIC INT 03
Int: type 0, pol 0, trig 0, bus 2, IRQ 04, APIC ID 2, APIC INT 04
Int: type 0, pol 0, trig 0, bus 2, IRQ 06, APIC ID 2, APIC INT 06
Int: type 0, pol 0, trig 0, bus 2, IRQ 07, APIC ID 2, APIC INT 07
Int: type 0, pol 1, trig 1, bus 2, IRQ 08, APIC ID 2, APIC INT 08
Int: type 0, pol 0, trig 0, bus 2, IRQ 0c, APIC ID 2, APIC INT 0c
Int: type 0, pol 0, trig 0, bus 2, IRQ 0d, APIC ID 2, APIC INT 0d
Int: type 0, pol 0, trig 0, bus 2, IRQ 0e, APIC ID 2, APIC INT 0e
Int: type 0, pol 0, trig 0, bus 2, IRQ 0f, APIC ID 2, APIC INT 0f
Int: type 0, pol 3, trig 3, bus 0, IRQ 1f, APIC ID 2, APIC INT 13
Int: type 0, pol 3, trig 3, bus 0, IRQ 1f, APIC ID 2, APIC INT 13
Int: type 0, pol 3, trig 3, bus 0, IRQ 2c, APIC ID 2, APIC INT 11
Int: type 0, pol 3, trig 3, bus 0, IRQ 30, APIC ID 2, APIC INT 13
Int: type 0, pol 3, trig 3, bus 0, IRQ 38, APIC ID 2, APIC INT 12
Int: type 0, pol 3, trig 3, bus 1, IRQ 00, APIC ID 2, APIC INT 10
Int: type 2, pol 0, trig 0, bus 2, IRQ 00, APIC ID 2, APIC INT 17
Lint: type 3, pol 0, trig 0, bus 0, IRQ 00, APIC ID ff, APIC LINT 00
Lint: type 1, pol 0, trig 0, bus 0, IRQ 00, APIC ID ff, APIC LINT 01
Processors: 2
mapped APIC to ffffe000 (fee00000)
mapped IOAPIC to ffffd000 (fec00000)
Kernel command line: auto BOOT_IMAGE=linux ro root=304 BOOT_FILE=/boot/vmlinuz-2.4.5 acpi=no-idle
Initializing CPU#0
Detected 665.584 MHz processor.
Console: colour VGA+ 80x25
Calibrating delay loop... 1327.10 BogoMIPS
Memory: 384480k/393152k available (948k kernel code, 8284k reserved, 298k data, 188k init, 0k highmem)
Dentry-cache hash table entries: 65536 (order: 7, 524288 bytes)
Inode-cache hash table entries: 32768 (order: 6, 262144 bytes)
Buffer-cache hash table entries: 32768 (order: 5, 131072 bytes)
Page-cache hash table entries: 131072 (order: 7, 524288 bytes)
CPU: Before vendor init, caps: 0387fbff 00000000 00000000, vendor = 0
CPU: L1 I cache: 16K, L1 D cache: 16K
CPU: L2 cache: 256K
Intel machine check architecture supported.
Intel machine check reporting enabled on CPU#0.
CPU: After vendor init, caps: 0387fbff 00000000 00000000 00000000
CPU serial number disabled.
CPU:     After generic, caps: 0383fbff 00000000 00000000 00000000
CPU:             Common caps: 0383fbff 00000000 00000000 00000000
Enabling fast FPU save and restore... done.
Enabling unmasked SIMD FPU exception support... done.
Checking 'hlt' instruction... OK.
POSIX conformance testing by UNIFIX
mtrr: v1.40 (20010327) Richard Gooch (rgooch@atnf.csiro.au)
mtrr: detected mtrr type: Intel
CPU: Before vendor init, caps: 0383fbff 00000000 00000000, vendor = 0
CPU: L1 I cache: 16K, L1 D cache: 16K
CPU: L2 cache: 256K
Intel machine check reporting enabled on CPU#0.
CPU: After vendor init, caps: 0383fbff 00000000 00000000 00000000
CPU:     After generic, caps: 0383fbff 00000000 00000000 00000000
CPU:             Common caps: 0383fbff 00000000 00000000 00000000
CPU0: Intel Pentium III (Coppermine) stepping 06
per-CPU timeslice cutoff: 730.96 usecs.
Getting VERSION: 40011
Getting VERSION: 40011
Getting ID: 0
Getting ID: f000000
Getting LVT0: 700
Getting LVT1: 400
enabled ExtINT on CPU#0
ESR value before enabling vector: 00000000
ESR value after enabling vector: 00000000
CPU present map: 3
Booting processor 1/1 eip 2000
Setting warm reset code and vector.
1.
2.
3.
Asserting INIT.
Waiting for send to finish...
+Deasserting INIT.
Waiting for send to finish...
+#startup loops: 2.
Sending STARTUP #1.
After apic_write.
Initializing CPU#1
CPU#1 (phys ID: 1) waiting for CALLOUT
Startup point 1.
Waiting for send to finish...
+Sending STARTUP #2.
After apic_write.
Startup point 1.
Waiting for send to finish...
+After Startup.
Before Callout 1.
After Callout 1.
CALLIN, before setup_local_APIC().
masked ExtINT on CPU#1
ESR value before enabling vector: 00000000
ESR value after enabling vector: 00000000
Calibrating delay loop... 1330.38 BogoMIPS
Stack at about d7feffb8
CPU: Before vendor init, caps: 0387fbff 00000000 00000000, vendor = 0
CPU: L1 I cache: 16K, L1 D cache: 16K
CPU: L2 cache: 256K
Intel machine check reporting enabled on CPU#1.
CPU: After vendor init, caps: 0387fbff 00000000 00000000 00000000
CPU serial number disabled.
CPU:     After generic, caps: 0383fbff 00000000 00000000 00000000
CPU:             Common caps: 0383fbff 00000000 00000000 00000000
OK.
CPU1: Intel Pentium III (Coppermine) stepping 06
CPU has booted.
Before bogomips.
Total of 2 processors activated (2657.48 BogoMIPS).
Before bogocount - setting activated=1.
Boot done.
ENABLING IO-APIC IRQs
...changing IO-APIC physical APIC ID to 2 ... ok.
Synchronizing Arb IDs.
init IO_APIC IRQs
 IO-APIC (apicid-pin) 2-0, 2-5, 2-9, 2-10, 2-11, 2-20, 2-21, 2-22, 2-23 not connected.
..TIMER: vector=49 pin1=2 pin2=0
number of MP IRQ sources: 19.
number of IO-APIC #2 registers: 24.
testing the IO APIC.......................

IO APIC #2......
.... register #00: 02000000
.......    : physical APIC id: 02
.... register #01: 00178011
.......     : max redirection entries: 0017
.......     : IO APIC version: 0011
 WARNING: unexpected IO-APIC, please mail
          to linux-smp@vger.kernel.org
.... register #02: 00000000
.......     : arbitration: 00
.... IRQ redirection table:
 NR Log Phy Mask Trig IRR Pol Stat Dest Deli Vect:   
 00 000 00  1    0    0   0   0    0    0    00
 01 003 03  0    0    0   0   0    1    1    39
 02 003 03  0    0    0   0   0    1    1    31
 03 003 03  0    0    0   0   0    1    1    41
 04 003 03  0    0    0   0   0    1    1    49
 05 000 00  1    0    0   0   0    0    0    00
 06 003 03  0    0    0   0   0    1    1    51
 07 003 03  0    0    0   0   0    1    1    59
 08 003 03  0    0    0   0   0    1    1    61
 09 000 00  1    0    0   0   0    0    0    00
 0a 000 00  1    0    0   0   0    0    0    00
 0b 000 00  1    0    0   0   0    0    0    00
 0c 003 03  0    0    0   0   0    1    1    69
 0d 003 03  0    0    0   0   0    1    1    71
 0e 003 03  0    0    0   0   0    1    1    79
 0f 003 03  0    0    0   0   0    1    1    81
 10 003 03  1    1    0   1   0    1    1    89
 11 003 03  1    1    0   1   0    1    1    91
 12 003 03  1    1    0   1   0    1    1    99
 13 003 03  1    1    0   1   0    1    1    A1
 14 000 00  1    0    0   0   0    0    0    00
 15 000 00  1    0    0   0   0    0    0    00
 16 000 00  1    0    0   0   0    0    0    00
 17 000 00  1    0    0   0   0    0    0    00
IRQ to pin mappings:
IRQ0 -> 2
IRQ1 -> 1
IRQ3 -> 3
IRQ4 -> 4
IRQ6 -> 6
IRQ7 -> 7
IRQ8 -> 8
IRQ12 -> 12
IRQ13 -> 13
IRQ14 -> 14
IRQ15 -> 15
IRQ16 -> 16
IRQ17 -> 17
IRQ18 -> 18
IRQ19 -> 19
.................................... done.
calibrating APIC timer ...
..... CPU clock speed is 665.5752 MHz.
..... host bus clock speed is 133.1148 MHz.
cpu: 0, clocks: 1331148, slice: 443716
CPU0<T0:1331136,T1:887408,D:12,S:443716,C:1331148>
cpu: 1, clocks: 1331148, slice: 443716
CPU1<T0:1331136,T1:443696,D:8,S:443716,C:1331148>
checking TSC synchronization across CPUs: passed.
Setting commenced=1, go go go
mtrr: your CPUs had inconsistent variable MTRR settings
mtrr: probably your BIOS does not setup all CPUs
PCI: PCI BIOS revision 2.10 entry at 0xfb3a0, last bus=1
PCI: Using configuration type 1
PCI: Probing PCI hardware
Unknown bridge resource 0: assuming transparent
PCI: Using IRQ router VIA [1106/0686] at 00:07.0
PCI->APIC IRQ transform: (B0,I7,P3) -> 19
PCI->APIC IRQ transform: (B0,I7,P3) -> 19
PCI->APIC IRQ transform: (B0,I11,P0) -> 17
PCI->APIC IRQ transform: (B0,I12,P0) -> 19
PCI->APIC IRQ transform: (B0,I14,P0) -> 18
PCI->APIC IRQ transform: (B1,I0,P0) -> 16
Linux NET4.0 for Linux 2.4
Based upon Swansea University Computer Society NET3.039
Starting kswapd v1.8
pty: 256 Unix98 ptys configured
Serial driver version 5.05a (2001-03-20) with MANY_PORTS SHARE_IRQ SERIAL_PCI enabled
ttyS00 at 0x03f8 (irq = 4) is a 16550A
ttyS01 at 0x02f8 (irq = 3) is a 16550A
block: queued sectors max/low 255237kB/124165kB, 768 slots per queue
Uniform Multi-Platform E-IDE driver Revision: 6.31
ide: Assuming 33MHz system bus speed for PIO modes; override with idebus=xx
VP_IDE: IDE controller on PCI bus 00 dev 39
VP_IDE: chipset revision 6
VP_IDE: not 100% native mode: will probe irqs later
ide: Assuming 33MHz system bus speed for PIO modes; override with idebus=xx
VP_IDE: VIA vt82c686b (rev 40) IDE UDMA100 controller on pci00:07.1
    ide0: BM-DMA at 0xc000-0xc007, BIOS settings: hda:DMA, hdb:pio
    ide1: BM-DMA at 0xc008-0xc00f, BIOS settings: hdc:DMA, hdd:pio
HPT370: IDE controller on PCI bus 00 dev 70
HPT370: chipset revision 3
HPT370: not 100% native mode: will probe irqs later
    ide2: BM-DMA at 0xe800-0xe807, BIOS settings: hde:pio, hdf:pio
    ide3: BM-DMA at 0xe808-0xe80f, BIOS settings: hdg:pio, hdh:pio
hda: IBM-DTLA-307030, ATA DISK drive
hdc: ASUS CD-S500/A, ATAPI CD/DVD-ROM drive
ide0 at 0x1f0-0x1f7,0x3f6 on irq 14
ide1 at 0x170-0x177,0x376 on irq 15
hda: 60036480 sectors (30739 MB) w/1916KiB Cache, CHS=3737/255/63, UDMA(100)
Partition check:
 hda: hda1 hda2 hda3 < hda5 hda6 hda7 > hda4
8139too Fast Ethernet driver 0.9.17
eth0: RealTek RTL8139 Fast Ethernet at 0xd8800000, 00:c0:26:a1:8c:f3, IRQ 19
eth0:  Identified 8139 chip type 'RTL-8139C'
usb.c: registered new driver usbdevfs
usb.c: registered new driver hub
NET4: Linux TCP/IP 1.0 for NET4.0
IP Protocols: ICMP, UDP, TCP
IP: routing cache hash table of 4096 buckets, 32Kbytes
TCP: Hash tables configured (established 32768 bind 32768)
NET4: Unix domain sockets 1.0/SMP for Linux NET4.0.
VFS: Mounted root (ext2 filesystem) readonly.
Freeing unused kernel memory: 188k freed
ACPI: Core Subsystem version [20010208]
ACPI: Subsystem enabled
ACPI: Not using ACPI idle
ACPI: System firmware supports: S0 S1 S4 S5
Adding Swap: 257000k swap-space (priority -1)
uhci.c: USB UHCI at I/O 0xc400, IRQ 19
usb.c: new USB bus registered, assigned bus number 1
hub.c: USB hub found
hub.c: 2 ports detected
uhci.c: USB UHCI at I/O 0xc800, IRQ 19
usb.c: new USB bus registered, assigned bus number 2
hub.c: USB hub found
hub.c: 2 ports detected
uhci.c:  Linus Torvalds, Johannes Erdfelt, Randy Dunlap, Georg Acher, Deti Fliegl, Thomas Sailer, Roman Weissgaerber
uhci.c: USB Universal Host Controller Interface driver
usb.c: USB disconnect on device 1
usb.c: USB bus 1 deregistered
usb.c: USB disconnect on device 1
usb.c: USB bus 2 deregistered
Winbond Super-IO detection, now testing ports 3F0,370,250,4E,2E ...
SMSC Super-IO detection, now testing Ports 2F0, 370 ...
0x378: FIFO is 16 bytes
0x378: writeIntrThreshold is 8
0x378: readIntrThreshold is 8
0x378: PWord is 8 bits
0x378: Interrupts are ISA-Pulses
0x378: ECP port cfgA=0x10 cfgB=0x00
0x378: ECP settings irq=<none or set by other means> dma=<none or set by other means>
parport0: PC-style at 0x378 (0x778) [PCSPP,TRISTATE,COMPAT,ECP]
parport0: cpp_daisy: aa5500ff(38)
parport0: assign_addrs: aa5500ff(38)
parport0: cpp_daisy: aa5500ff(38)
parport0: assign_addrs: aa5500ff(38)
parport_pc: Via 686A parallel port: io=0x378
eth0: Setting 100mbps half-duplex based on auto-negotiated partner ability 40a1.

  2.4.5-ac1 boot log:

Linux version 2.4.5-ac1 (root@car.homenet) (gcc version 2.96 20000731 (Red Hat Linux 7.1 2.96-84)) #7 SMP Sun May 27 14:07:49 MSD 2001
BIOS-provided physical RAM map:
 BIOS-e820: 0000000000000000 - 000000000009fc00 (usable)
 BIOS-e820: 000000000009fc00 - 00000000000a0000 (reserved)
 BIOS-e820: 00000000000f0000 - 0000000000100000 (reserved)
 BIOS-e820: 0000000000100000 - 0000000017ff0000 (usable)
 BIOS-e820: 0000000017ff0000 - 0000000017ff3000 (ACPI NVS)
 BIOS-e820: 0000000017ff3000 - 0000000018000000 (ACPI data)
 BIOS-e820: 00000000fec00000 - 00000000fec01000 (reserved)
 BIOS-e820: 00000000fee00000 - 00000000fee01000 (reserved)
 BIOS-e820: 00000000ffff0000 - 0000000100000000 (reserved)
found SMP MP-table at 000f5770
hm, page 000f5000 reserved twice.
hm, page 000f6000 reserved twice.
hm, page 000f1000 reserved twice.
hm, page 000f2000 reserved twice.
On node 0 totalpages: 98288
zone(0): 4096 pages.
zone(1): 94192 pages.
zone(2): 0 pages.
Intel MultiProcessor Specification v1.4
    Virtual Wire compatibility mode.
OEM ID: OEM00000 Product ID: PROD00000000 APIC at: 0xFEE00000
Processor #0 Pentium(tm) Pro APIC version 17
Processor #1 Pentium(tm) Pro APIC version 17
I/O APIC #2 Version 17 at 0xFEC00000.
Processors: 2
Kernel command line: auto BOOT_IMAGE=test ro root=304 BOOT_FILE=/boot/vmlinuz-2.4.5-ac1 acpi=no-idle console=ttyS1,115200n8 console=tty0
Initializing CPU#0
Detected 665.595 MHz processor.
Console: colour VGA+ 80x25
Calibrating delay loop... 1327.10 BogoMIPS
Memory: 384384k/393152k available (951k kernel code, 8380k reserved, 296k data, 192k init, 0k highmem)
Dentry-cache hash table entries: 65536 (order: 7, 524288 bytes)
Inode-cache hash table entries: 32768 (order: 6, 262144 bytes)
Buffer-cache hash table entries: 32768 (order: 5, 131072 bytes)
Page-cache hash table entries: 131072 (order: 7, 524288 bytes)
CPU: L1 I cache: 16K, L1 D cache: 16K
CPU: L2 cache: 256K
Intel machine check architecture supported.
Intel machine check reporting enabled on CPU#0.
CPU serial number disabled.
Enabling fast FPU save and restore... done.
Enabling unmasked SIMD FPU exception support... done.
Checking 'hlt' instruction... OK.
POSIX conformance testing by UNIFIX
mtrr: v1.40 (20010327) Richard Gooch (rgooch@atnf.csiro.au)
mtrr: detected mtrr type: Intel
CPU: L1 I cache: 16K, L1 D cache: 16K
CPU: L2 cache: 256K
Intel machine check reporting enabled on CPU#0.
CPU0: Intel Pentium III (Coppermine) stepping 06
per-CPU timeslice cutoff: 730.96 usecs.
enabled ExtINT on CPU#0
ESR value before enabling vector: 00000000
ESR value after enabling vector: 00000000
Booting processor 1/1 eip 2000
Initializing CPU#1
masked ExtINT on CPU#1
ESR value before enabling vector: 00000000
ESR value after enabling vector: 00000000
Calibrating delay loop... 1330.38 BogoMIPS
CPU: L1 I cache: 16K, L1 D cache: 16K
CPU: L2 cache: 256K
Intel machine check reporting enabled on CPU#1.
CPU serial number disabled.
CPU1: Intel Pentium III (Coppermine) stepping 06
Total of 2 processors activated (2657.48 BogoMIPS).
ENABLING IO-APIC IRQs
...changing IO-APIC physical APIC ID to 2 ... ok.
..TIMER: vector=49 pin1=2 pin2=0
testing the IO APIC.......................
 WARNING: unexpected IO-APIC, please mail
          to linux-smp@vger.kernel.org
.................................... done.
Using local APIC timer interrupts.
calibrating APIC timer ...
..... CPU clock speed is 665.5741 MHz.
..... host bus clock speed is 133.1147 MHz.
cpu: 0, clocks: 1331147, slice: 443715
CPU0<T0:1331136,T1:887408,D:13,S:443715,C:1331147>
cpu: 1, clocks: 1331147, slice: 443715
CPU1<T0:1331136,T1:443696,D:10,S:443715,C:1331147>
checking TSC synchronization across CPUs: passed.
mtrr: your CPUs had inconsistent variable MTRR settings
mtrr: probably your BIOS does not setup all CPUs
PCI: PCI BIOS revision 2.10 entry at 0xfb3a0, last bus=1
PCI: Using configuration type 1
PCI: Probing PCI hardware
Unknown bridge resource 0: assuming transparent
PCI: Using IRQ router VIA [1106/0686] at 00:07.0
PCI->APIC IRQ transform: (B0,I7,P3) -> 19
PCI->APIC IRQ transform: (B0,I7,P3) -> 19
PCI->APIC IRQ transform: (B0,I11,P0) -> 17
PCI->APIC IRQ transform: (B0,I12,P0) -> 19
PCI->APIC IRQ transform: (B0,I14,P0) -> 18
PCI->APIC IRQ transform: (B1,I0,P0) -> 16
Linux NET4.0 for Linux 2.4
Based upon Swansea University Computer Society NET3.039
Starting kswapd v1.8
pty: 256 Unix98 ptys configured
Serial driver version 5.05b (2001-05-03) with MANY_PORTS SHARE_IRQ SERIAL_PCI enabled
ttyS00 at 0x03f8 (irq = 4) is a 16550A
ttyS01 at 0x02f8 (irq = 3) is a 16550A
block: queued sectors max/low 255162kB/124090kB, 768 slots per queue
Uniform Multi-Platform E-IDE driver Revision: 6.31
ide: Assuming 33MHz system bus speed for PIO modes; override with idebus=xx
VP_IDE: IDE controller on PCI bus 00 dev 39
VP_IDE: chipset revision 6
VP_IDE: not 100% native mode: will probe irqs later
ide: Assuming 33MHz system bus speed for PIO modes; override with idebus=xx
VP_IDE: VIA vt82c686b (rev 40) IDE UDMA100 controller on pci00:07.1
    ide0: BM-DMA at 0xc000-0xc007, BIOS settings: hda:DMA, hdb:pio
    ide1: BM-DMA at 0xc008-0xc00f, BIOS settings: hdc:DMA, hdd:pio
HPT370: IDE controller on PCI bus 00 dev 70
HPT370: chipset revision 3
HPT370: not 100% native mode: will probe irqs later
    ide2: BM-DMA at 0xe800-0xe807, BIOS settings: hde:pio, hdf:pio
    ide3: BM-DMA at 0xe808-0xe80f, BIOS settings: hdg:pio, hdh:pio
hda: IBM-DTLA-307030, ATA DISK drive
hdc: ASUS CD-S500/A, ATAPI CD/DVD-ROM drive
ide0 at 0x1f0-0x1f7,0x3f6 on irq 14
ide1 at 0x170-0x177,0x376 on irq 15
hda: 60036480 sectors (30739 MB) w/1916KiB Cache, CHS=3737/255/63
Partition check:
 hda: hda1 hda2 hda3 < hda5 hda6 hda7 > hda4
8139too Fast Ethernet driver 0.9.17
eth0: RealTek RTL8139 Fast Ethernet at 0xd8800000, 00:c0:26:a1:8c:f3, IRQ 19
usb.c: registered new driver usbdevfs
usb.c: registered new driver hub
NET4: Linux TCP/IP 1.0 for NET4.0
IP Protocols: ICMP, UDP, TCP
IP: routing cache hash table of 4096 buckets, 32Kbytes
TCP: Hash tables configured (established 32768 bind 32768)
NET4: Unix domain sockets 1.0/SMP for Linux NET4.0.
ACPI: Core Subsystem version [20010208]
ACPI: Subsystem enabled
ACPI: Not using ACPI idle
ACPI: System firmware supports: S0 S1 S4 S5
hda: lost interrupt
hda: lost interrupt

  Config:

#
# Automatically generated make config: don't edit
#
CONFIG_X86=y
CONFIG_ISA=y
# CONFIG_SBUS is not set
CONFIG_UID16=y

#
# Code maturity level options
#
CONFIG_EXPERIMENTAL=y

#
# Loadable module support
#
CONFIG_MODULES=y
# CONFIG_MODVERSIONS is not set
CONFIG_KMOD=y

#
# Processor type and features
#
# CONFIG_M386 is not set
# CONFIG_M486 is not set
# CONFIG_M586 is not set
# CONFIG_M586TSC is not set
# CONFIG_M586MMX is not set
# CONFIG_M686 is not set
CONFIG_MPENTIUMIII=y
# CONFIG_MPENTIUM4 is not set
# CONFIG_MK6 is not set
# CONFIG_MK7 is not set
# CONFIG_MCRUSOE is not set
# CONFIG_MWINCHIPC6 is not set
# CONFIG_MWINCHIP2 is not set
# CONFIG_MWINCHIP3D is not set
# CONFIG_MCYRIXIII is not set
CONFIG_X86_WP_WORKS_OK=y
CONFIG_X86_INVLPG=y
CONFIG_X86_CMPXCHG=y
CONFIG_X86_XADD=y
CONFIG_X86_BSWAP=y
CONFIG_X86_POPAD_OK=y
# CONFIG_RWSEM_GENERIC_SPINLOCK is not set
CONFIG_RWSEM_XCHGADD_ALGORITHM=y
CONFIG_X86_L1_CACHE_SHIFT=5
CONFIG_X86_TSC=y
CONFIG_X86_GOOD_APIC=y
CONFIG_X86_PGE=y
CONFIG_X86_USE_PPRO_CHECKSUM=y
# CONFIG_TOSHIBA is not set
CONFIG_MICROCODE=m
CONFIG_X86_MSR=m
CONFIG_X86_CPUID=m
CONFIG_NOHIGHMEM=y
# CONFIG_HIGHMEM4G is not set
# CONFIG_HIGHMEM64G is not set
# CONFIG_MATH_EMULATION is not set
CONFIG_MTRR=y
CONFIG_SMP=y
CONFIG_HAVE_DEC_LOCK=y

#
# General setup
#
CONFIG_NET=y
# CONFIG_VISWS is not set
CONFIG_X86_IO_APIC=y
CONFIG_X86_LOCAL_APIC=y
CONFIG_PCI=y
# CONFIG_PCI_GOBIOS is not set
# CONFIG_PCI_GODIRECT is not set
CONFIG_PCI_GOANY=y
CONFIG_PCI_BIOS=y
CONFIG_PCI_DIRECT=y
CONFIG_PCI_NAMES=y
# CONFIG_EISA is not set
# CONFIG_MCA is not set
CONFIG_HOTPLUG=y

#
# PCMCIA/CardBus support
#
# CONFIG_PCMCIA is not set
CONFIG_SYSVIPC=y
# CONFIG_BSD_PROCESS_ACCT is not set
CONFIG_SYSCTL=y
CONFIG_KCORE_ELF=y
# CONFIG_KCORE_AOUT is not set
CONFIG_BINFMT_AOUT=m
CONFIG_BINFMT_ELF=y
CONFIG_BINFMT_MISC=m
CONFIG_PM=y
CONFIG_ACPI=y
# CONFIG_APM is not set

#
# Memory Technology Devices (MTD)
#
# CONFIG_MTD is not set

#
# Parallel port support
#
CONFIG_PARPORT=m
CONFIG_PARPORT_PC=m
CONFIG_PARPORT_PC_FIFO=y
CONFIG_PARPORT_PC_SUPERIO=y
# CONFIG_PARPORT_AMIGA is not set
# CONFIG_PARPORT_MFC3 is not set
# CONFIG_PARPORT_ATARI is not set
# CONFIG_PARPORT_GSC is not set
# CONFIG_PARPORT_SUNBPP is not set
# CONFIG_PARPORT_OTHER is not set
CONFIG_PARPORT_1284=y

#
# Plug and Play configuration
#
# CONFIG_PNP is not set
# CONFIG_ISAPNP is not set
# CONFIG_PNPBIOS is not set

#
# Block devices
#
CONFIG_BLK_DEV_FD=m
# CONFIG_BLK_DEV_XD is not set
# CONFIG_PARIDE is not set
# CONFIG_BLK_CPQ_DA is not set
# CONFIG_BLK_CPQ_CISS_DA is not set
# CONFIG_BLK_DEV_DAC960 is not set
CONFIG_BLK_DEV_LOOP=m
# CONFIG_BLK_DEV_NBD is not set
# CONFIG_BLK_DEV_RAM is not set
# CONFIG_BLK_DEV_INITRD is not set

#
# Multi-device support (RAID and LVM)
#
# CONFIG_MD is not set
# CONFIG_BLK_DEV_MD is not set
# CONFIG_MD_LINEAR is not set
# CONFIG_MD_RAID0 is not set
# CONFIG_MD_RAID1 is not set
# CONFIG_MD_RAID5 is not set
# CONFIG_BLK_DEV_LVM is not set

#
# Networking options
#
CONFIG_PACKET=y
# CONFIG_PACKET_MMAP is not set
CONFIG_NETLINK=y
# CONFIG_RTNETLINK is not set
# CONFIG_NETLINK_DEV is not set
# CONFIG_NETFILTER is not set
CONFIG_FILTER=y
CONFIG_UNIX=y
CONFIG_INET=y
# CONFIG_IP_MULTICAST is not set
# CONFIG_IP_ADVANCED_ROUTER is not set
# CONFIG_IP_PNP is not set
# CONFIG_NET_IPIP is not set
# CONFIG_NET_IPGRE is not set
# CONFIG_INET_ECN is not set
# CONFIG_SYN_COOKIES is not set
# CONFIG_IPV6 is not set
# CONFIG_KHTTPD is not set
# CONFIG_ATM is not set

#
#  
#
# CONFIG_IPX is not set
# CONFIG_ATALK is not set
# CONFIG_DECNET is not set
# CONFIG_BRIDGE is not set
# CONFIG_X25 is not set
# CONFIG_LAPB is not set
# CONFIG_LLC is not set
# CONFIG_NET_DIVERT is not set
# CONFIG_ECONET is not set
# CONFIG_WAN_ROUTER is not set
# CONFIG_NET_FASTROUTE is not set
# CONFIG_NET_HW_FLOWCONTROL is not set

#
# QoS and/or fair queueing
#
# CONFIG_NET_SCHED is not set

#
# Telephony Support
#
# CONFIG_PHONE is not set
# CONFIG_PHONE_IXJ is not set

#
# ATA/IDE/MFM/RLL support
#
CONFIG_IDE=y

#
# IDE, ATA and ATAPI Block devices
#
CONFIG_BLK_DEV_IDE=y

#
# Please see Documentation/ide.txt for help/info on IDE drives
#
# CONFIG_BLK_DEV_HD_IDE is not set
# CONFIG_BLK_DEV_HD is not set
CONFIG_BLK_DEV_IDEDISK=y
# CONFIG_IDEDISK_MULTI_MODE is not set
# CONFIG_BLK_DEV_IDEDISK_VENDOR is not set
# CONFIG_BLK_DEV_IDEDISK_FUJITSU is not set
# CONFIG_BLK_DEV_IDEDISK_IBM is not set
# CONFIG_BLK_DEV_IDEDISK_MAXTOR is not set
# CONFIG_BLK_DEV_IDEDISK_QUANTUM is not set
# CONFIG_BLK_DEV_IDEDISK_SEAGATE is not set
# CONFIG_BLK_DEV_IDEDISK_WD is not set
# CONFIG_BLK_DEV_COMMERIAL is not set
# CONFIG_BLK_DEV_TIVO is not set
# CONFIG_BLK_DEV_IDECS is not set
CONFIG_BLK_DEV_IDECD=m
# CONFIG_BLK_DEV_IDETAPE is not set
# CONFIG_BLK_DEV_IDEFLOPPY is not set
# CONFIG_BLK_DEV_IDESCSI is not set

#
# IDE chipset support/bugfixes
#
# CONFIG_BLK_DEV_CMD640 is not set
# CONFIG_BLK_DEV_CMD640_ENHANCED is not set
# CONFIG_BLK_DEV_ISAPNP is not set
# CONFIG_BLK_DEV_RZ1000 is not set
CONFIG_BLK_DEV_IDEPCI=y
CONFIG_IDEPCI_SHARE_IRQ=y
CONFIG_BLK_DEV_IDEDMA_PCI=y
# CONFIG_BLK_DEV_OFFBOARD is not set
# CONFIG_IDEDMA_PCI_AUTO is not set
CONFIG_BLK_DEV_IDEDMA=y
# CONFIG_IDEDMA_PCI_WIP is not set
# CONFIG_IDEDMA_NEW_DRIVE_LISTINGS is not set
# CONFIG_BLK_DEV_AEC62XX is not set
# CONFIG_AEC62XX_TUNING is not set
# CONFIG_BLK_DEV_ALI15X3 is not set
# CONFIG_WDC_ALI15X3 is not set
# CONFIG_BLK_DEV_AMD7409 is not set
# CONFIG_AMD7409_OVERRIDE is not set
# CONFIG_BLK_DEV_CMD64X is not set
# CONFIG_BLK_DEV_CY82C693 is not set
# CONFIG_BLK_DEV_CS5530 is not set
# CONFIG_BLK_DEV_HPT34X is not set
# CONFIG_HPT34X_AUTODMA is not set
CONFIG_BLK_DEV_HPT366=y
# CONFIG_BLK_DEV_PIIX is not set
# CONFIG_PIIX_TUNING is not set
# CONFIG_BLK_DEV_NS87415 is not set
# CONFIG_BLK_DEV_OPTI621 is not set
# CONFIG_BLK_DEV_PDC202XX is not set
# CONFIG_PDC202XX_BURST is not set
# CONFIG_BLK_DEV_OSB4 is not set
# CONFIG_BLK_DEV_SIS5513 is not set
# CONFIG_BLK_DEV_SLC90E66 is not set
# CONFIG_BLK_DEV_TRM290 is not set
CONFIG_BLK_DEV_VIA82CXXX=y
# CONFIG_IDE_CHIPSETS is not set
# CONFIG_IDEDMA_AUTO is not set
# CONFIG_IDEDMA_IVB is not set
# CONFIG_DMA_NONPCI is not set
CONFIG_BLK_DEV_IDE_MODES=y

#
# SCSI support
#
# CONFIG_SCSI is not set

#
# Fusion MPT device support
#
# CONFIG_FUSION is not set
# CONFIG_FUSION_BOOT is not set
# CONFIG_FUSION_ISENSE is not set
# CONFIG_FUSION_CTL is not set
# CONFIG_FUSION_LAN is not set

#
# IEEE 1394 (FireWire) support
#
# CONFIG_IEEE1394 is not set

#
# I2O device support
#
# CONFIG_I2O is not set
# CONFIG_I2O_PCI is not set
# CONFIG_I2O_BLOCK is not set
# CONFIG_I2O_LAN is not set
# CONFIG_I2O_SCSI is not set
# CONFIG_I2O_PROC is not set

#
# Network device support
#
CONFIG_NETDEVICES=y

#
# ARCnet devices
#
# CONFIG_ARCNET is not set
CONFIG_DUMMY=m
# CONFIG_BONDING is not set
# CONFIG_EQUALIZER is not set
# CONFIG_TUN is not set
# CONFIG_ETHERTAP is not set
# CONFIG_NET_SB1000 is not set

#
# Ethernet (10 or 100Mbit)
#
CONFIG_NET_ETHERNET=y
# CONFIG_NET_VENDOR_3COM is not set
# CONFIG_LANCE is not set
# CONFIG_NET_VENDOR_SMC is not set
# CONFIG_NET_VENDOR_RACAL is not set
# CONFIG_AT1700 is not set
# CONFIG_DEPCA is not set
# CONFIG_HP100 is not set
# CONFIG_NET_ISA is not set
CONFIG_NET_PCI=y
# CONFIG_PCNET32 is not set
# CONFIG_ADAPTEC_STARFIRE is not set
# CONFIG_AC3200 is not set
# CONFIG_APRICOT is not set
# CONFIG_CS89x0 is not set
# CONFIG_TULIP is not set
# CONFIG_DE4X5 is not set
# CONFIG_DGRS is not set
# CONFIG_DM9102 is not set
# CONFIG_EEPRO100 is not set
# CONFIG_EEPRO100_PM is not set
# CONFIG_LNE390 is not set
# CONFIG_FEALNX is not set
# CONFIG_NATSEMI is not set
# CONFIG_NE2K_PCI is not set
# CONFIG_NE3210 is not set
# CONFIG_ES3210 is not set
CONFIG_8139TOO=y
# CONFIG_8139TOO_PIO is not set
# CONFIG_8139TOO_TUNE_TWISTER is not set
# CONFIG_8139TOO_8129 is not set
# CONFIG_SIS900 is not set
# CONFIG_EPIC100 is not set
# CONFIG_SUNDANCE is not set
# CONFIG_TLAN is not set
# CONFIG_VIA_RHINE is not set
# CONFIG_WINBOND_840 is not set
# CONFIG_HAPPYMEAL is not set
# CONFIG_NET_POCKET is not set

#
# Ethernet (1000 Mbit)
#
# CONFIG_ACENIC is not set
# CONFIG_HAMACHI is not set
# CONFIG_YELLOWFIN is not set
# CONFIG_SK98LIN is not set
# CONFIG_FDDI is not set
# CONFIG_HIPPI is not set
# CONFIG_PLIP is not set
CONFIG_PPP=m
# CONFIG_PPP_MULTILINK is not set
# CONFIG_PPP_FILTER is not set
CONFIG_PPP_ASYNC=m
# CONFIG_PPP_SYNC_TTY is not set
CONFIG_PPP_DEFLATE=m
CONFIG_PPP_BSDCOMP=m
# CONFIG_PPPOE is not set
# CONFIG_SLIP is not set

#
# Wireless LAN (non-hamradio)
#
# CONFIG_NET_RADIO is not set

#
# Token Ring devices
#
# CONFIG_TR is not set
# CONFIG_NET_FC is not set
# CONFIG_RCPCI is not set
# CONFIG_SHAPER is not set

#
# Wan interfaces
#
# CONFIG_WAN is not set

#
# Amateur Radio support
#
# CONFIG_HAMRADIO is not set

#
# IrDA (infrared) support
#
# CONFIG_IRDA is not set

#
# ISDN subsystem
#
# CONFIG_ISDN is not set

#
# Old CD-ROM drivers (not SCSI, not IDE)
#
# CONFIG_CD_NO_IDESCSI is not set

#
# Input core support
#
# CONFIG_INPUT is not set

#
# Character devices
#
CONFIG_VT=y
CONFIG_VT_CONSOLE=y
CONFIG_SERIAL=y
CONFIG_SERIAL_CONSOLE=y
# CONFIG_SERIAL_EXTENDED is not set
# CONFIG_SERIAL_NONSTANDARD is not set
CONFIG_UNIX98_PTYS=y
CONFIG_UNIX98_PTY_COUNT=256
CONFIG_PRINTER=m
# CONFIG_LP_CONSOLE is not set
# CONFIG_PPDEV is not set

#
# I2C support
#
# CONFIG_I2C is not set

#
# Mice
#
# CONFIG_BUSMOUSE is not set
CONFIG_MOUSE=y
CONFIG_PSMOUSE=y
# CONFIG_82C710_MOUSE is not set
# CONFIG_PC110_PAD is not set

#
# Joysticks
#
# CONFIG_JOYSTICK is not set

#
# Input core support is needed for joysticks
#
# CONFIG_QIC02_TAPE is not set

#
# Watchdog Cards
#
CONFIG_WATCHDOG=y
# CONFIG_WATCHDOG_NOWAYOUT is not set
CONFIG_SOFT_WATCHDOG=m
# CONFIG_WDT is not set
# CONFIG_WDTPCI is not set
# CONFIG_PCWATCHDOG is not set
# CONFIG_ACQUIRE_WDT is not set
# CONFIG_ADVANTECH_WDT is not set
# CONFIG_60XX_WDT is not set
# CONFIG_W83877F_WDT is not set
# CONFIG_MIXCOMWD is not set
# CONFIG_I810_TCO is not set
# CONFIG_MACHZ_WDT is not set
# CONFIG_INTEL_RNG is not set
CONFIG_NVRAM=m
CONFIG_RTC=m
# CONFIG_DTLK is not set
# CONFIG_R3964 is not set
# CONFIG_APPLICOM is not set

#
# Ftape, the floppy tape device driver
#
# CONFIG_FTAPE is not set
CONFIG_AGP=m
# CONFIG_AGP_INTEL is not set
# CONFIG_AGP_I810 is not set
CONFIG_AGP_VIA=y
# CONFIG_AGP_AMD is not set
# CONFIG_AGP_SIS is not set
# CONFIG_AGP_ALI is not set
CONFIG_DRM=y
# CONFIG_DRM_TDFX is not set
# CONFIG_DRM_GAMMA is not set
# CONFIG_DRM_R128 is not set
# CONFIG_DRM_RADEON is not set
# CONFIG_DRM_I810 is not set
# CONFIG_DRM_MGA is not set

#
# Multimedia devices
#
# CONFIG_VIDEO_DEV is not set

#
# File systems
#
# CONFIG_QUOTA is not set
# CONFIG_AUTOFS_FS is not set
# CONFIG_AUTOFS4_FS is not set
CONFIG_REISERFS_FS=m
# CONFIG_REISERFS_CHECK is not set
# CONFIG_ADFS_FS is not set
# CONFIG_ADFS_FS_RW is not set
# CONFIG_AFFS_FS is not set
# CONFIG_HFS_FS is not set
# CONFIG_BFS_FS is not set
# CONFIG_CMS_FS is not set
CONFIG_FAT_FS=m
# CONFIG_MSDOS_FS is not set
# CONFIG_UMSDOS_FS is not set
CONFIG_VFAT_FS=m
# CONFIG_EFS_FS is not set
# CONFIG_JFFS_FS is not set
# CONFIG_JFFS2_FS is not set
# CONFIG_CRAMFS is not set
CONFIG_TMPFS=y
# CONFIG_RAMFS is not set
CONFIG_ISO9660_FS=m
CONFIG_JOLIET=y
# CONFIG_MINIX_FS is not set
# CONFIG_FREEVXFS_FS is not set
CONFIG_NTFS_FS=m
# CONFIG_NTFS_RW is not set
# CONFIG_HPFS_FS is not set
CONFIG_PROC_FS=y
# CONFIG_DEVFS_FS is not set
# CONFIG_DEVFS_MOUNT is not set
# CONFIG_DEVFS_DEBUG is not set
CONFIG_DEVPTS_FS=y
# CONFIG_QNX4FS_FS is not set
# CONFIG_QNX4FS_RW is not set
# CONFIG_ROMFS_FS is not set
CONFIG_EXT2_FS=y
# CONFIG_SYSV_FS is not set
# CONFIG_SYSV_FS_WRITE is not set
# CONFIG_UDF_FS is not set
# CONFIG_UDF_RW is not set
# CONFIG_UFS_FS is not set
# CONFIG_UFS_FS_WRITE is not set

#
# Network File Systems
#
# CONFIG_CODA_FS is not set
CONFIG_NFS_FS=m
# CONFIG_NFS_V3 is not set
# CONFIG_ROOT_NFS is not set
CONFIG_NFSD=m
# CONFIG_NFSD_V3 is not set
CONFIG_SUNRPC=m
CONFIG_LOCKD=m
# CONFIG_SMB_FS is not set
# CONFIG_NCP_FS is not set
# CONFIG_NCPFS_PACKET_SIGNING is not set
# CONFIG_NCPFS_IOCTL_LOCKING is not set
# CONFIG_NCPFS_STRONG is not set
# CONFIG_NCPFS_NFS_NS is not set
# CONFIG_NCPFS_OS2_NS is not set
# CONFIG_NCPFS_SMALLDOS is not set
# CONFIG_NCPFS_NLS is not set
# CONFIG_NCPFS_EXTRAS is not set

#
# Partition Types
#
# CONFIG_PARTITION_ADVANCED is not set
CONFIG_MSDOS_PARTITION=y
# CONFIG_SMB_NLS is not set
CONFIG_NLS=y

#
# Native Language Support
#
CONFIG_NLS_DEFAULT="iso8859-1"
# CONFIG_NLS_CODEPAGE_437 is not set
# CONFIG_NLS_CODEPAGE_737 is not set
# CONFIG_NLS_CODEPAGE_775 is not set
# CONFIG_NLS_CODEPAGE_850 is not set
# CONFIG_NLS_CODEPAGE_852 is not set
# CONFIG_NLS_CODEPAGE_855 is not set
# CONFIG_NLS_CODEPAGE_857 is not set
# CONFIG_NLS_CODEPAGE_860 is not set
# CONFIG_NLS_CODEPAGE_861 is not set
# CONFIG_NLS_CODEPAGE_862 is not set
# CONFIG_NLS_CODEPAGE_863 is not set
# CONFIG_NLS_CODEPAGE_864 is not set
# CONFIG_NLS_CODEPAGE_865 is not set
# CONFIG_NLS_CODEPAGE_866 is not set
# CONFIG_NLS_CODEPAGE_869 is not set
# CONFIG_NLS_CODEPAGE_936 is not set
# CONFIG_NLS_CODEPAGE_950 is not set
# CONFIG_NLS_CODEPAGE_932 is not set
# CONFIG_NLS_CODEPAGE_949 is not set
# CONFIG_NLS_CODEPAGE_874 is not set
# CONFIG_NLS_ISO8859_8 is not set
# CONFIG_NLS_CODEPAGE_1251 is not set
# CONFIG_NLS_ISO8859_1 is not set
# CONFIG_NLS_ISO8859_2 is not set
# CONFIG_NLS_ISO8859_3 is not set
# CONFIG_NLS_ISO8859_4 is not set
# CONFIG_NLS_ISO8859_5 is not set
# CONFIG_NLS_ISO8859_6 is not set
# CONFIG_NLS_ISO8859_7 is not set
# CONFIG_NLS_ISO8859_9 is not set
# CONFIG_NLS_ISO8859_13 is not set
# CONFIG_NLS_ISO8859_14 is not set
# CONFIG_NLS_ISO8859_15 is not set
# CONFIG_NLS_KOI8_R is not set
# CONFIG_NLS_KOI8_U is not set
# CONFIG_NLS_UTF8 is not set

#
# Console drivers
#
CONFIG_VGA_CONSOLE=y
# CONFIG_VIDEO_SELECT is not set
# CONFIG_MDA_CONSOLE is not set

#
# Frame-buffer support
#
# CONFIG_FB is not set

#
# Sound
#
CONFIG_SOUND=y
# CONFIG_SOUND_CMPCI is not set
CONFIG_SOUND_EMU10K1=m
# CONFIG_SOUND_FUSION is not set
# CONFIG_SOUND_CS4281 is not set
# CONFIG_SOUND_ES1370 is not set
# CONFIG_SOUND_ES1371 is not set
# CONFIG_SOUND_ESSSOLO1 is not set
# CONFIG_SOUND_MAESTRO is not set
# CONFIG_SOUND_MAESTRO3 is not set
# CONFIG_SOUND_ICH is not set
# CONFIG_SOUND_SONICVIBES is not set
# CONFIG_SOUND_TRIDENT is not set
# CONFIG_SOUND_MSNDCLAS is not set
# CONFIG_SOUND_MSNDPIN is not set
# CONFIG_SOUND_VIA82CXXX is not set
# CONFIG_SOUND_OSS is not set
# CONFIG_SOUND_TVMIXER is not set

#
# USB support
#
CONFIG_USB=y
# CONFIG_USB_DEBUG is not set
CONFIG_USB_LONG_TIMEOUT=y
# CONFIG_USB_LARGE_CONFIG is not set

#
# Miscellaneous USB options
#
CONFIG_USB_DEVICEFS=y
# CONFIG_USB_BANDWIDTH is not set

#
# USB Controllers
#
CONFIG_USB_UHCI=m
CONFIG_USB_UHCI_ALT=m
# CONFIG_USB_OHCI is not set

#
# USB Device Class drivers
#
# CONFIG_USB_AUDIO is not set
# CONFIG_USB_BLUETOOTH is not set
# CONFIG_USB_STORAGE is not set
# CONFIG_USB_ACM is not set
# CONFIG_USB_PRINTER is not set

#
# USB Human Interface Devices (HID)
#

#
#   Input core support is needed for USB HID
#

#
# USB Imaging devices
#
# CONFIG_USB_DC2XX is not set
CONFIG_USB_MDC800=m
# CONFIG_USB_SCANNER is not set
# CONFIG_USB_MICROTEK is not set
# CONFIG_USB_HP5300 is not set

#
# USB Multimedia devices
#
# CONFIG_USB_IBMCAM is not set
# CONFIG_USB_OV511 is not set
# CONFIG_USB_PWC is not set
# CONFIG_USB_SE401 is not set
# CONFIG_USB_DSBR is not set
# CONFIG_USB_DABUSB is not set

#
# USB Network adaptors
#
# CONFIG_USB_PLUSB is not set
# CONFIG_USB_PEGASUS is not set
# CONFIG_USB_KAWETH is not set
# CONFIG_USB_CDCETHER is not set
CONFIG_USB_USBNET=m

#
# USB port drivers
#
# CONFIG_USB_USS720 is not set

#
# USB Serial Converter support
#
# CONFIG_USB_SERIAL is not set

#
# USB misc drivers
#
# CONFIG_USB_RIO500 is not set

#
# Kernel hacking
#
CONFIG_DEBUG_KERNEL=y
# CONFIG_DEBUG_SLAB is not set
# CONFIG_DEBUG_IOVIRT is not set
CONFIG_MAGIC_SYSRQ=y
# CONFIG_DEBUG_SPINLOCK is not set
CONFIG_DEBUG_BUGVERBOSE=y

Bye,
    Oleg
