Return-Path: <linux-kernel-owner+willy=40w.ods.org@vger.kernel.org>
Received: (majordomo@vger.kernel.org) by vger.kernel.org via listexpand
	id S261936AbTK2LSW (ORCPT <rfc822;willy@w.ods.org>);
	Sat, 29 Nov 2003 06:18:22 -0500
Received: (majordomo@vger.kernel.org) by vger.kernel.org id S262055AbTK2LSW
	(ORCPT <rfc822;linux-kernel-outgoing>);
	Sat, 29 Nov 2003 06:18:22 -0500
Received: from legolas.restena.lu ([158.64.1.34]:62153 "EHLO smtp.restena.lu")
	by vger.kernel.org with ESMTP id S261936AbTK2LSI (ORCPT
	<rfc822;linux-kernel@vger.kernel.org>);
	Sat, 29 Nov 2003 06:18:08 -0500
Subject: Re: NForce2 pseudoscience stability testing (2.6.0-test11)
From: Craig Bradney <cbradney@zip.com.au>
To: linux-kernel@vger.kernel.org
In-Reply-To: <200311292325.44935.csawtell@paradise.net.nz>
References: <200311292325.44935.csawtell@paradise.net.nz>
Content-Type: text/plain
Message-Id: <1070104685.29442.24.camel@athlonxp.bradney.info>
Mime-Version: 1.0
X-Mailer: Ximian Evolution 1.4.5 
Date: Sat, 29 Nov 2003 12:18:05 +0100
Content-Transfer-Encoding: 7bit
Sender: linux-kernel-owner@vger.kernel.org
X-Mailing-List: linux-kernel@vger.kernel.org

I am also using a 2 week old A7N8X Deluxe, v2 with the latest 1007 BIOS.
I AM able to run 2.6 Test 11 with APIC, Local APIC and ACPI support
turned on (SMP off, Preemptible Kernel off).

Although the PC hasnt been under constant stress, uptime is over 12
hours and its not the first time its been up for 12 or more with test 11
(which was my first 2.6 kernel). Running Gentoo Linux btw.

 dmesg output follows:

  HighMem zone: 0 pages, LIFO batch:1
DMI 2.2 present.
ACPI: RSDP (v000 Nvidia                                    ) @
0x000f75e0
ACPI: RSDT (v001 Nvidia AWRDACPI 0x42302e31 AWRD 0x00000000) @
0x1fff3000
ACPI: FADT (v001 Nvidia AWRDACPI 0x42302e31 AWRD 0x00000000) @
0x1fff3040
ACPI: MADT (v001 Nvidia AWRDACPI 0x42302e31 AWRD 0x00000000) @
0x1fff74c0
ACPI: DSDT (v001 NVIDIA AWRDACPI 0x00001000 MSFT 0x0100000e) @
0x00000000
ACPI: Local APIC address 0xfee00000
ACPI: LAPIC (acpi_id[0x00] lapic_id[0x00] enabled)
Processor #0 6:10 APIC version 16
ACPI: LAPIC_NMI (acpi_id[0x00] polarity[0x1] trigger[0x1] lint[0x1])
ACPI: IOAPIC (id[0x02] address[0xfec00000] global_irq_base[0x0])
IOAPIC[0]: Assigned apic_id 2
IOAPIC[0]: apic_id 2, version 17, address 0xfec00000, IRQ 0-23
ACPI: INT_SRC_OVR (bus[0] irq[0x0] global_irq[0x2] polarity[0x0]
trigger[0x0])
ACPI: INT_SRC_OVR (bus[0] irq[0x9] global_irq[0x9] polarity[0x1]
trigger[0x3])
ACPI: INT_SRC_OVR (bus[0] irq[0xe] global_irq[0xe] polarity[0x1]
trigger[0x1])
ACPI: INT_SRC_OVR (bus[0] irq[0xf] global_irq[0xf] polarity[0x1]
trigger[0x1])
Enabling APIC mode:  Flat.  Using 1 I/O APICs
Using ACPI (MADT) for SMP configuration information
Building zonelist for node : 0
Kernel command line: root=/dev/hda6
Initializing CPU#0
PID hash table entries: 2048 (order 11: 16384 bytes)
Detected 1913.623 MHz processor.
Console: colour VGA+ 80x25
Memory: 514544k/524224k available (2443k kernel code, 8932k reserved,
933k data, 168k init, 0k highmem)
Calibrating delay loop... 3784.70 BogoMIPS
Dentry cache hash table entries: 65536 (order: 6, 262144 bytes)
Inode-cache hash table entries: 32768 (order: 5, 131072 bytes)
Mount-cache hash table entries: 512 (order: 0, 4096 bytes)
CPU:     After generic identify, caps: 0383fbff c1c3fbff 00000000
00000000
CPU:     After vendor identify, caps: 0383fbff c1c3fbff 00000000
00000000
CPU: L1 I Cache: 64K (64 bytes/line), D cache 64K (64 bytes/line)
CPU: L2 Cache: 512K (64 bytes/line)
CPU:     After all inits, caps: 0383fbff c1c3fbff 00000000 00000020
Intel machine check architecture supported.
Intel machine check reporting enabled on CPU#0.
CPU: AMD Athlon(tm) XP 2600+ stepping 00
Enabling fast FPU save and restore... done.
Enabling unmasked SIMD FPU exception support... done.
Checking 'hlt' instruction... OK.
POSIX conformance testing by UNIFIX
enabled ExtINT on CPU#0
ESR value before enabling vector: 00000000
ESR value after enabling vector: 00000000
ENABLING IO-APIC IRQs
init IO_APIC IRQs
 IO-APIC (apicid-pin) 2-0, 2-16, 2-17, 2-18, 2-19, 2-20, 2-21, 2-22,
2-23 not connected.
..TIMER: vector=0x31 pin1=2 pin2=-1
..MP-BIOS bug: 8254 timer not connected to IO-APIC
...trying to set up timer (IRQ0) through the 8259A ...  failed.
...trying to set up timer as Virtual Wire IRQ... failed.
...trying to set up timer as ExtINT IRQ... works.
number of MP IRQ sources: 15.
number of IO-APIC #2 registers: 24.
testing the IO APIC.......................
IO APIC #2......
.... register #00: 02000000
.......    : physical APIC id: 02
.......    : Delivery Type: 0
.......    : LTS          : 0
.... register #01: 00170011
.......     : max redirection entries: 0017
.......     : PRQ implemented: 0
.......     : IO APIC version: 0011
.... register #02: 00000000
.......     : arbitration: 00
.... IRQ redirection table:
 NR Log Phy Mask Trig IRR Pol Stat Dest Deli Vect:
 00 000 00  1    0    0   0   0    0    0    00
 01 001 01  0    0    0   0   0    1    1    39
 02 000 00  1    0    0   0   0    0    0    00
 03 001 01  0    0    0   0   0    1    1    41
 04 001 01  0    0    0   0   0    1    1    49
 05 001 01  0    0    0   0   0    1    1    51
 06 001 01  0    0    0   0   0    1    1    59
 07 001 01  1    0    0   0   0    1    1    61
 08 001 01  0    0    0   0   0    1    1    69
 09 001 01  1    1    0   0   0    1    1    71
 0a 001 01  0    0    0   0   0    1    1    79
 0b 001 01  0    0    0   0   0    1    1    81
 0c 001 01  0    0    0   0   0    1    1    89
 0d 001 01  0    0    0   0   0    1    1    91
 0e 001 01  0    0    0   0   0    1    1    99
 0f 001 01  0    0    0   0   0    1    1    A1
 10 000 00  1    0    0   0   0    0    0    00
 11 000 00  1    0    0   0   0    0    0    00
 12 000 00  1    0    0   0   0    0    0    00
 13 000 00  1    0    0   0   0    0    0    00
 14 000 00  1    0    0   0   0    0    0    00
 15 000 00  1    0    0   0   0    0    0    00
 16 000 00  1    0    0   0   0    0    0    00
 17 000 00  1    0    0   0   0    0    0    00
IRQ to pin mappings:
IRQ0 -> 0:2
IRQ1 -> 0:1
IRQ3 -> 0:3
IRQ4 -> 0:4
IRQ5 -> 0:5
IRQ6 -> 0:6
IRQ7 -> 0:7
IRQ8 -> 0:8
IRQ9 -> 0:9
IRQ10 -> 0:10
IRQ11 -> 0:11
IRQ12 -> 0:12
IRQ13 -> 0:13
IRQ14 -> 0:14
IRQ15 -> 0:15
.................................... done.
Using local APIC timer interrupts.
calibrating APIC timer ...
..... CPU clock speed is 1912.0910 MHz.
..... host bus clock speed is 332.0680 MHz.
NET: Registered protocol family 16
PCI: PCI BIOS revision 2.10 entry at 0xfb490, last bus=3
PCI: Using configuration type 1
mtrr: v2.0 (20020519)
ACPI: Subsystem revision 20031002
IOAPIC[0]: Set PCI routing entry (2-9 -> 0x71 -> IRQ 9 Mode:1 Active:0)
ACPI: Interpreter enabled
ACPI: Using IOAPIC for interrupt routing
ACPI: PCI Root Bridge [PCI0] (00:00)
PCI: Probing PCI hardware (bus 00)
ACPI: PCI Interrupt Routing Table [\_SB_.PCI0._PRT]
ACPI: PCI Interrupt Routing Table [\_SB_.PCI0.HUB0._PRT]
ACPI: PCI Interrupt Routing Table [\_SB_.PCI0.AGPB._PRT]
ACPI: PCI Interrupt Routing Table [\_SB_.PCI0.HUB1._PRT]
ACPI: PCI Interrupt Link [LNK1] (IRQs 3 4 5 6 7 10 11 12 14 15)
ACPI: PCI Interrupt Link [LNK2] (IRQs 3 4 5 6 7 10 11 12 14 15)
ACPI: PCI Interrupt Link [LNK3] (IRQs 3 4 5 6 7 10 11 12 14 15)
ACPI: PCI Interrupt Link [LNK4] (IRQs 3 4 *5 6 7 10 11 12 14 15)
ACPI: PCI Interrupt Link [LNK5] (IRQs 3 4 5 6 7 10 11 12 14 15)
ACPI: PCI Interrupt Link [LUBA] (IRQs 3 4 5 6 7 10 *11 12 14 15)
ACPI: PCI Interrupt Link [LUBB] (IRQs 3 4 5 6 7 10 *11 12 14 15)
ACPI: PCI Interrupt Link [LMAC] (IRQs 3 4 5 6 7 10 11 12 14 15)
ACPI: PCI Interrupt Link [LAPU] (IRQs 3 4 *5 6 7 10 11 12 14 15)
ACPI: PCI Interrupt Link [LACI] (IRQs 3 4 5 6 7 10 *11 12 14 15)
ACPI: PCI Interrupt Link [LMCI] (IRQs 3 4 5 6 7 10 11 12 14 15)
ACPI: PCI Interrupt Link [LSMB] (IRQs 3 4 *5 6 7 10 11 12 14 15)
ACPI: PCI Interrupt Link [LUB2] (IRQs 3 4 *5 6 7 10 11 12 14 15)
ACPI: PCI Interrupt Link [LFIR] (IRQs 3 4 5 6 7 10 *11 12 14 15)
ACPI: PCI Interrupt Link [L3CM] (IRQs 3 4 5 6 7 10 *11 12 14 15)
ACPI: PCI Interrupt Link [LIDE] (IRQs 3 4 5 6 7 10 11 12 14 15)
ACPI: PCI Interrupt Link [APC1] (IRQs 16)
ACPI: PCI Interrupt Link [APC2] (IRQs 17)
ACPI: PCI Interrupt Link [APC3] (IRQs 18)
ACPI: PCI Interrupt Link [APC4] (IRQs *19)
ACPI: PCI Interrupt Link [APC5] (IRQs 16)
ACPI: PCI Interrupt Link [APCF] (IRQs 20 21 22)
ACPI: PCI Interrupt Link [APCG] (IRQs 20 21 22)
ACPI: PCI Interrupt Link [APCH] (IRQs 20 21 22)
ACPI: PCI Interrupt Link [APCI] (IRQs 20 21 22)
ACPI: PCI Interrupt Link [APCJ] (IRQs 20 21 22)
ACPI: PCI Interrupt Link [APCK] (IRQs 20 21 22)
ACPI: PCI Interrupt Link [APCS] (IRQs *23)
ACPI: PCI Interrupt Link [APCL] (IRQs 20 21 22)
ACPI: PCI Interrupt Link [APCM] (IRQs 20 21 22)
ACPI: PCI Interrupt Link [AP3C] (IRQs 20 21 22)
ACPI: PCI Interrupt Link [APCZ] (IRQs 20 21 22)
Linux Plug and Play Support v0.97 (c) Adam Belay
SCSI subsystem initialized
drivers/usb/core/usb.c: registered new driver usbfs
drivers/usb/core/usb.c: registered new driver hub
ACPI: PCI Interrupt Link [APCS] enabled at IRQ 23
IOAPIC[0]: Set PCI routing entry (2-23 -> 0xa9 -> IRQ 23 Mode:1
Active:0)
00:00:01[A] -> 2-23 -> IRQ 23
Pin 2-23 already programmed
ACPI: PCI Interrupt Link [APCF] enabled at IRQ 20
IOAPIC[0]: Set PCI routing entry (2-20 -> 0xb1 -> IRQ 20 Mode:1
Active:0)
00:00:02[A] -> 2-20 -> IRQ 20
ACPI: PCI Interrupt Link [APCG] enabled at IRQ 22
IOAPIC[0]: Set PCI routing entry (2-22 -> 0xb9 -> IRQ 22 Mode:1
Active:0)
00:00:02[B] -> 2-22 -> IRQ 22
ACPI: PCI Interrupt Link [APCL] enabled at IRQ 21
IOAPIC[0]: Set PCI routing entry (2-21 -> 0xc1 -> IRQ 21 Mode:1
Active:0)
00:00:02[C] -> 2-21 -> IRQ 21
ACPI: PCI Interrupt Link [APCH] enabled at IRQ 20
Pin 2-20 already programmed
ACPI: PCI Interrupt Link [APCI] enabled at IRQ 22
Pin 2-22 already programmed
ACPI: PCI Interrupt Link [APCJ] enabled at IRQ 21
Pin 2-21 already programmed
ACPI: PCI Interrupt Link [APCK] enabled at IRQ 20
Pin 2-20 already programmed
ACPI: PCI Interrupt Link [APCM] enabled at IRQ 22
Pin 2-22 already programmed
ACPI: PCI Interrupt Link [AP3C] enabled at IRQ 21
Pin 2-21 already programmed
ACPI: PCI Interrupt Link [APCZ] enabled at IRQ 20
Pin 2-20 already programmed
ACPI: PCI Interrupt Link [APC1] enabled at IRQ 16
IOAPIC[0]: Set PCI routing entry (2-16 -> 0xc9 -> IRQ 16 Mode:1
Active:0)
00:01:06[A] -> 2-16 -> IRQ 16
ACPI: PCI Interrupt Link [APC2] enabled at IRQ 17
IOAPIC[0]: Set PCI routing entry (2-17 -> 0xd1 -> IRQ 17 Mode:1
Active:0)
00:01:06[B] -> 2-17 -> IRQ 17
ACPI: PCI Interrupt Link [APC3] enabled at IRQ 18
IOAPIC[0]: Set PCI routing entry (2-18 -> 0xd9 -> IRQ 18 Mode:1
Active:0)
00:01:06[C] -> 2-18 -> IRQ 18
ACPI: PCI Interrupt Link [APC4] enabled at IRQ 19
IOAPIC[0]: Set PCI routing entry (2-19 -> 0xe1 -> IRQ 19 Mode:1
Active:0)
00:01:06[D] -> 2-19 -> IRQ 19
Pin 2-19 already programmed
Pin 2-16 already programmed
Pin 2-17 already programmed
Pin 2-18 already programmed
Pin 2-18 already programmed
Pin 2-19 already programmed
Pin 2-16 already programmed
Pin 2-17 already programmed
Pin 2-17 already programmed
Pin 2-18 already programmed
Pin 2-19 already programmed
Pin 2-16 already programmed
Pin 2-16 already programmed
Pin 2-17 already programmed
Pin 2-18 already programmed
Pin 2-19 already programmed
Pin 2-18 already programmed
Pin 2-18 already programmed
Pin 2-18 already programmed
Pin 2-18 already programmed
Pin 2-19 already programmed
Pin 2-21 already programmed
Pin 2-21 already programmed
Pin 2-21 already programmed
Pin 2-21 already programmed
PCI: Using ACPI for IRQ routing
PCI: if you experience problems, try using option 'pci=noacpi' or even
'acpi=off'
Machine check exception polling timer started.
devfs: v1.22 (20021013) Richard Gooch (rgooch@atnf.csiro.au)
devfs: boot_options: 0x1
Installing knfsd (copyright (C) 1996 okir@monad.swb.de).
udf: registering filesystem
Supermount version 2.0.2a for kernel 2.6
ACPI: Power Button (FF) [PWRF]
ACPI: Processor [CPU0] (supports C1)
pty: 256 Unix98 ptys configured
request_module: failed /sbin/modprobe -- parport_lowlevel. error = -16
lp: driver loaded but no devices found
Real Time Clock Driver v1.12
Linux agpgart interface v0.100 (c) Dave Jones
agpgart: Detected NVIDIA nForce2 chipset
agpgart: Maximum main memory to use for agp memory: 439M
agpgart: AGP aperture is 64M @ 0xd0000000
[drm] Initialized radeon 1.9.0 20020828 on minor 0
Serial: 8250/16550 driver $Revision: 1.90 $ 8 ports, IRQ sharing
disabled
ttyS0 at I/O 0x3f8 (irq = 4) is a 16550A
ttyS1 at I/O 0x2f8 (irq = 3) is a 16550A
parport0: PC-style at 0x378 (0x778) [PCSPP(,...)]
parport0: irq 7 detected
lp0: using parport0 (polling).
Using anticipatory io scheduler
Floppy drive(s): fd0 is 1.44M
FDC 0 is a post-1991 82077
loop: loaded (max 8 devices)
3c59x: Donald Becker and others. www.scyld.com/network/vortex.html
0000:02:01.0: 3Com PCI 3c920 Tornado at 0x9000. Vers LK1.1.19
Uniform Multi-Platform E-IDE driver Revision: 7.00alpha2
ide: Assuming 33MHz system bus speed for PIO modes; override with
idebus=xx
NFORCE2: IDE controller at PCI slot 0000:00:09.0
NFORCE2: chipset revision 162
NFORCE2: not 100% native mode: will probe irqs later
NFORCE2: BIOS didn't set cable bits correctly. Enabling workaround.
ide: Assuming 33MHz system bus speed for PIO modes; override with
idebus=xx
NFORCE2: 0000:00:09.0 (rev a2) UDMA133 controller
    ide0: BM-DMA at 0xf000-0xf007, BIOS settings: hda:DMA, hdb:DMA
    ide1: BM-DMA at 0xf008-0xf00f, BIOS settings: hdc:DMA, hdd:DMA
hda: Maxtor 6Y080P0, ATA DISK drive
ide0 at 0x1f0-0x1f7,0x3f6 on irq 14
hdc: SONY DVD RW DRU-510A, ATAPI CD/DVD-ROM drive
hdd: SAMSUNG CD-ROM SC-152C, ATAPI CD/DVD-ROM drive
ide1 at 0x170-0x177,0x376 on irq 15
hda: max request size: 128KiB
hda: 160086528 sectors (81964 MB) w/7936KiB Cache, CHS=65535/16/63,
UDMA(133)
 /dev/ide/host0/bus0/target0/lun0: p1 p2 < p5 p6 p7 p8 >
hdc: ATAPI 32X DVD-ROM DVD-R CD-R/RW drive, 8192kB Cache, UDMA(33)
Uniform CD-ROM driver Revision: 3.12
hdd: ATAPI 52X CD-ROM drive, 128kB Cache, DMA
ohci1394: $Rev: 1045 $ Ben Collins <bcollins@debian.org>
PCI: Setting latency timer of device 0000:00:0d.0 to 64
ohci1394_0: OHCI-1394 1.1 (PCI): IRQ=[22]  MMIO=[e0083000-e00837ff]  Max
Packet=[2048]
ohci1394_0: SelfID received outside of bus reset sequence
ehci_hcd 0000:00:02.2: EHCI Host Controller
PCI: Setting latency timer of device 0000:00:02.2 to 64
ehci_hcd 0000:00:02.2: irq 21, pci mem e0848000
ehci_hcd 0000:00:02.2: new USB bus registered, assigned bus number 1
PCI: cache line size of 64 is not supported by device 0000:00:02.2
ehci_hcd 0000:00:02.2: USB 2.0 enabled, EHCI 1.00, driver 2003-Jun-13
hub 1-0:1.0: USB hub found
hub 1-0:1.0: 6 ports detected
drivers/usb/host/uhci-hcd.c: USB Universal Host Controller Interface
driver v2.1
drivers/usb/core/usb.c: registered new driver usblp
drivers/usb/class/usblp.c: v0.13: USB Printer Device Class driver
Initializing USB Mass Storage driver...
drivers/usb/core/usb.c: registered new driver usb-storage
USB Mass Storage support registered.
drivers/usb/core/usb.c: registered new driver hid
drivers/usb/input/hid-core.c: v2.0:USB HID core driver
mice: PS/2 mouse device common for all mice
input: ImExPS/2 Logitech Explorer Mouse on isa0060/serio1
serio: i8042 AUX port at 0x60,0x64 irq 12
input: AT Translated Set 2 keyboard on isa0060/serio0
serio: i8042 KBD port at 0x60,0x64 irq 1
Advanced Linux Sound Architecture Driver Version 0.9.7 (Thu Sep 25
19:16:36 2003 UTC).
request_module: failed /sbin/modprobe -- snd-card-0. error = -16
ALSA device list:
  No soundcards found.
NET: Registered protocol family 2
IP: routing cache hash table of 4096 buckets, 32Kbytes
TCP: Hash tables configured (established 32768 bind 65536)
NET: Registered protocol family 1
NET: Registered protocol family 17
kjournald starting.  Commit interval 5 seconds
EXT3-fs: mounted filesystem with ordered data mode.
VFS: Mounted root (ext3 filesystem) readonly.
Mounted devfs on /dev
Freeing unused kernel memory: 168k freed
ieee1394: Host added: ID:BUS[0-00:1023]  GUID[00e018000044dec8]
Adding 2008084k swap on /dev/hda5.  Priority:-1 extents:1
EXT3 FS on hda6, internal journal
i2c_adapter i2c-0: nForce2 SMBus adapter at 0x5000
i2c_adapter i2c-1: nForce2 SMBus adapter at 0x5500
registering 1-002d
registering 1-0049
registering 1-0048
kjournald starting.  Commit interval 5 seconds
EXT3 FS on hda7, internal journal
EXT3-fs: mounted filesystem with ordered data mode.
kjournald starting.  Commit interval 5 seconds
EXT3 FS on hda8, internal journal
EXT3-fs: mounted filesystem with ordered data mode.
PCI: Setting latency timer of device 0000:00:06.0 to 64
intel8x0: clocking to 47451
agpgart: Found an AGP 2.0 compliant device at 0000:00:00.0.
agpgart: Putting AGP V2 device at 0000:00:00.0 into 1x mode
agpgart: Putting AGP V2 device at 0000:03:00.0 into 1x mode
agpgart: Putting AGP V2 device at 0000:03:00.1 into 1x mode
[drm] Loading R200 Microcode


